Component: ARM Compiler 6.9 Tool: armlink [5ced1b00]

==============================================================================

Section Cross References

    startup_stm32f401xc.o(STACK) refers (Special) to heapauxi.o(.text) for __use_two_region_memory
    startup_stm32f401xc.o(HEAP) refers (Special) to heapauxi.o(.text) for __use_two_region_memory
    startup_stm32f401xc.o(RESET) refers (Special) to heapauxi.o(.text) for __use_two_region_memory
    startup_stm32f401xc.o(RESET) refers to startup_stm32f401xc.o(STACK) for __initial_sp
    startup_stm32f401xc.o(RESET) refers to startup_stm32f401xc.o(.text) for Reset_Handler
    startup_stm32f401xc.o(RESET) refers to stm32f4xx_it.o(.text.NMI_Handler) for NMI_Handler
    startup_stm32f401xc.o(RESET) refers to stm32f4xx_it.o(.text.HardFault_Handler) for HardFault_Handler
    startup_stm32f401xc.o(RESET) refers to stm32f4xx_it.o(.text.MemManage_Handler) for MemManage_Handler
    startup_stm32f401xc.o(RESET) refers to stm32f4xx_it.o(.text.BusFault_Handler) for BusFault_Handler
    startup_stm32f401xc.o(RESET) refers to stm32f4xx_it.o(.text.UsageFault_Handler) for UsageFault_Handler
    startup_stm32f401xc.o(RESET) refers to stm32f4xx_it.o(.text.SVC_Handler) for SVC_Handler
    startup_stm32f401xc.o(RESET) refers to stm32f4xx_it.o(.text.DebugMon_Handler) for DebugMon_Handler
    startup_stm32f401xc.o(RESET) refers to stm32f4xx_it.o(.text.PendSV_Handler) for PendSV_Handler
    startup_stm32f401xc.o(RESET) refers to stm32f4xx_it.o(.text.SysTick_Handler) for SysTick_Handler
    startup_stm32f401xc.o(RESET) refers to stm32f4xx_it.o(.text.EXTI0_IRQHandler) for EXTI0_IRQHandler
    startup_stm32f401xc.o(RESET) refers to stm32f4xx_it.o(.text.EXTI1_IRQHandler) for EXTI1_IRQHandler
    startup_stm32f401xc.o(RESET) refers to stm32f4xx_it.o(.text.DMA1_Stream6_IRQHandler) for DMA1_Stream6_IRQHandler
    startup_stm32f401xc.o(RESET) refers to stm32f4xx_it.o(.text.TIM3_IRQHandler) for TIM3_IRQHandler
    startup_stm32f401xc.o(RESET) refers to stm32f4xx_it.o(.text.TIM4_IRQHandler) for TIM4_IRQHandler
    startup_stm32f401xc.o(RESET) refers to stm32f4xx_it.o(.text.USART1_IRQHandler) for USART1_IRQHandler
    startup_stm32f401xc.o(RESET) refers to stm32f4xx_it.o(.text.EXTI15_10_IRQHandler) for EXTI15_10_IRQHandler
    startup_stm32f401xc.o(RESET) refers to stm32f4xx_it.o(.text.TIM5_IRQHandler) for TIM5_IRQHandler
    startup_stm32f401xc.o(RESET) refers to stm32f4xx_it.o(.text.DMA2_Stream6_IRQHandler) for DMA2_Stream6_IRQHandler
    startup_stm32f401xc.o(RESET) refers to stm32f4xx_it.o(.text.DMA2_Stream7_IRQHandler) for DMA2_Stream7_IRQHandler
    startup_stm32f401xc.o(RESET) refers to stm32f4xx_it.o(.text.USART6_IRQHandler) for USART6_IRQHandler
    startup_stm32f401xc.o(.text) refers (Special) to heapauxi.o(.text) for __use_two_region_memory
    startup_stm32f401xc.o(.text) refers to system_stm32f4xx.o(.text.SystemInit) for SystemInit
    startup_stm32f401xc.o(.text) refers to __main.o(!!!main) for __main
    startup_stm32f401xc.o(.text) refers to startup_stm32f401xc.o(HEAP) for Heap_Mem
    startup_stm32f401xc.o(.text) refers to startup_stm32f401xc.o(STACK) for Stack_Mem
    motor.o(.text.Motor_Init) refers to stm32f4xx_hal_gpio.o(.text.HAL_GPIO_WritePin) for HAL_GPIO_WritePin
    motor.o(.text.Motor_Init) refers to stm32f4xx_hal_tim.o(.text.HAL_TIM_Base_Start_IT) for HAL_TIM_Base_Start_IT
    motor.o(.text.Motor_Init) refers to stm32f4xx_hal_tim.o(.text.HAL_TIM_Encoder_Start) for HAL_TIM_Encoder_Start
    motor.o(.text.Motor_Init) refers to stm32f4xx_hal_tim.o(.text.HAL_TIM_Encoder_Start_IT) for HAL_TIM_Encoder_Start_IT
    motor.o(.text.Motor_Init) refers to stm32f4xx_hal_tim.o(.text.HAL_TIM_PWM_Start) for HAL_TIM_PWM_Start
    motor.o(.text.Motor_Init) refers to tim.o(.bss.htim5) for htim5
    motor.o(.text.Motor_Init) refers to tim.o(.bss.htim3) for htim3
    motor.o(.text.Motor_Init) refers to tim.o(.bss.htim4) for htim4
    motor.o(.text.Motor_Init) refers to tim.o(.bss.htim2) for htim2
    motor.o(.text.Motor_Init) refers to motor.o(.bss..L_MergedGlobals) for [Anonymous Symbol]
    motor.o(.text.Motor_Init) refers to motor.o(.bss..L_MergedGlobals.1) for [Anonymous Symbol]
    motor.o(.ARM.exidx.text.Motor_Init) refers to motor.o(.text.Motor_Init) for [Anonymous Symbol]
    motor.o(.text.Motor_PWM_Set) refers to stm32f4xx_hal_gpio.o(.text.HAL_GPIO_WritePin) for HAL_GPIO_WritePin
    motor.o(.text.Motor_PWM_Set) refers to f2d.o(x$fpl$f2d) for __aeabi_f2d
    motor.o(.text.Motor_PWM_Set) refers to fabs.o(i.__hardfp_fabs) for __hardfp_fabs
    motor.o(.text.Motor_PWM_Set) refers to dfix.o(x$fpl$dfix) for __aeabi_d2iz
    motor.o(.ARM.exidx.text.Motor_PWM_Set) refers to motor.o(.text.Motor_PWM_Set) for [Anonymous Symbol]
    motor.o(.text.Motor_Velocity_Set) refers to pid.o(.text.PID_Control_Dir) for PID_Control_Dir
    motor.o(.text.Motor_Velocity_Set) refers to motor.o(.text.Motor_PWM_Set) for Motor_PWM_Set
[...]
    _printf_flags                            0x00000000   Number         0  printf_stubs.o ABSOLUTE
    _printf_return_value                     0x00000000   Number         0  printf_stubs.o ABSOLUTE
    _printf_sizespec                         0x00000000   Number         0  printf_stubs.o ABSOLUTE
    _printf_widthprec                        0x00000000   Number         0  printf_stubs.o ABSOLUTE
    __ARM_exceptions_init                     - Undefined Weak Reference
    __alloca_initialize                       - Undefined Weak Reference
    __arm_preinit_                            - Undefined Weak Reference
    __cpp_initialize__aeabi_                  - Undefined Weak Reference
    __cxa_finalize                            - Undefined Weak Reference
    __sigvec_lookup                           - Undefined Weak Reference
    _atexit_init                              - Undefined Weak Reference
    _call_atexit_fns                          - Undefined Weak Reference
    _clock_init                               - Undefined Weak Reference
    _fp_trap_init                             - Undefined Weak Reference
    _fp_trap_shutdown                         - Undefined Weak Reference
    _get_lc_collate                           - Undefined Weak Reference
    _get_lc_monetary                          - Undefined Weak Reference
    _get_lc_numeric                           - Undefined Weak Reference
    _get_lc_time                              - Undefined Weak Reference
    _getenv_init                              - Undefined Weak Reference
    _handle_redirection                       - Undefined Weak Reference
    _init_alloc                               - Undefined Weak Reference
    _init_user_alloc                          - Undefined Weak Reference
    _initio                                   - Undefined Weak Reference
    _mutex_acquire                            - Undefined Weak Reference
    _mutex_release                            - Undefined Weak Reference
    _printf_truncate_unsigned                 - Undefined Weak Reference
    _rand_init                                - Undefined Weak Reference
    _signal_finish                            - Undefined Weak Reference
    _signal_init                              - Undefined Weak Reference
    _terminate_alloc                          - Undefined Weak Reference
    _terminate_user_alloc                     - Undefined Weak Reference
    _terminateio                              - Undefined Weak Reference
    __Vectors_Size                           0x00000194   Number         0  startup_stm32f401xc.o ABSOLUTE
    __Vectors                                0x08000000   Data           4  startup_stm32f401xc.o(RESET)
    __Vectors_End                            0x08000194   Data           0  startup_stm32f401xc.o(RESET)
    __main                                   0x08000195   Thumb Code     8  __main.o(!!!main)
    __scatterload                            0x0800019d   Thumb Code     0  __scatter.o(!!!scatter)
    __scatterload_rt2                        0x0800019d   Thumb Code    44  __scatter.o(!!!scatter)
    __scatterload_rt2_thumb_only             0x0800019d   Thumb Code     0  __scatter.o(!!!scatter)
    __scatterload_null                       0x080001ab   Thumb Code     0  __scatter.o(!!!scatter)
    __scatterload_copy                       0x080001d1   Thumb Code    26  __scatter_copy.o(!!handler_copy)
    __scatterload_zeroinit                   0x080001ed   Thumb Code    28  __scatter_zi.o(!!handler_zi)
    __rt_lib_init                            0x08000209   Thumb Code     0  libinit.o(.ARM.Collect$$libinit$$00000000)
    __rt_lib_init_fp_1                       0x0800020b   Thumb Code     0  libinit2.o(.ARM.Collect$$libinit$$00000001)
    __rt_lib_init_heap_1                     0x0800020f   Thumb Code     0  libinit2.o(.ARM.Collect$$libinit$$0000000A)
    __rt_lib_init_lc_common                  0x0800020f   Thumb Code     0  libinit2.o(.ARM.Collect$$libinit$$0000000F)
    __rt_lib_init_preinit_1                  0x0800020f   Thumb Code     0  libinit2.o(.ARM.Collect$$libinit$$00000004)
    __rt_lib_init_rand_1                     0x0800020f   Thumb Code     0  libinit2.o(.ARM.Collect$$libinit$$0000000E)
    __rt_lib_init_user_alloc_1               0x0800020f   Thumb Code     0  libinit2.o(.ARM.Collect$$libinit$$0000000C)
    __rt_lib_init_lc_collate_1               0x08000215   Thumb Code     0  libinit2.o(.ARM.Collect$$libinit$$00000011)
    __rt_lib_init_lc_ctype_2                 0x08000215   Thumb Code     0  libinit2.o(.ARM.Collect$$libinit$$00000012)
    __rt_lib_init_alloca_1                   0x08000221   Thumb Code     0  libinit2.o(.ARM.Collect$$libinit$$0000002E)
    __rt_lib_init_argv_1                     0x08000221   Thumb Code     0  libinit2.o(.ARM.Collect$$libinit$$0000002C)
    __rt_lib_init_atexit_1                   0x08000221   Thumb Code     0  libinit2.o(.ARM.Collect$$libinit$$0000001B)
    __rt_lib_init_clock_1                    0x08000221   Thumb Code     0  libinit2.o(.ARM.Collect$$libinit$$00000021)
    __rt_lib_init_cpp_1                      0x08000221   Thumb Code     0  libinit2.o(.ARM.Collect$$libinit$$00000032)
    __rt_lib_init_exceptions_1               0x08000221   Thumb Code     0  libinit2.o(.ARM.Collect$$libinit$$00000030)
    __rt_lib_init_fp_trap_1                  0x08000221   Thumb Code     0  libinit2.o(.ARM.Collect$$libinit$$0000001F)
    __rt_lib_init_getenv_1                   0x08000221   Thumb Code     0  libinit2.o(.ARM.Collect$$libinit$$00000023)
    __rt_lib_init_lc_ctype_1                 0x08000221   Thumb Code     0  libinit2.o(.ARM.Collect$$libinit$$00000013)
    __rt_lib_init_lc_monetary_1              0x08000221   Thumb Code     0  libinit2.o(.ARM.Collect$$libinit$$00000015)
    __rt_lib_init_lc_numeric_1               0x08000221   Thumb Code     0  libinit2.o(.ARM.Collect$$libinit$$00000017)
    __rt_lib_init_lc_time_1                  0x08000221   Thumb Code     0  libinit2.o(.ARM.Collect$$libinit$$00000019)
    __rt_lib_init_return                     0x08000221   Thumb Code     0  libinit2.o(.ARM.Collect$$libinit$$00000033)
    __rt_lib_init_signal_1                   0x08000221   Thumb Code     0  libinit2.o(.ARM.Collect$$libinit$$0000001D)
    __rt_lib_init_stdio_1                    0x08000221   Thumb Code     0  libinit2.o(.ARM.Collect$$libinit$$00000025)
    __rt_lib_shutdown                        0x08000223   Thumb Code     0  libshutdown.o(.ARM.Collect$$libshutdown$$00000000)
    __rt_lib_shutdown_cpp_1                  0x08000225   Thumb Code     0  libshutdown2.o(.ARM.Collect$$libshutdown$$00000002)
    __rt_lib_shutdown_fp_trap_1              0x08000225   Thumb Code     0  libshutdown2.o(.ARM.Collect$$libshutdown$$00000007)
    __rt_lib_shutdown_heap_1                 0x08000225   Thumb Code     0  libshutdown2.o(.ARM.Collect$$libshutdown$$0000000F)
    __rt_lib_shutdown_return                 0x08000225   Thumb Code     0  libshutdown2.o(.ARM.Collect$$libshutdown$$00000010)
    __rt_lib_shutdown_signal_1               0x08000225   Thumb Code     0  libshutdown2.o(.ARM.Collect$$libshutdown$$0000000A)
    __rt_lib_shutdown_stdio_1                0x08000225   Thumb Code     0  libshutdown2.o(.ARM.Collect$$libshutdown$$00000004)
    __rt_lib_shutdown_user_alloc_1           0x08000225   Thumb Code     0  libshutdown2.o(.ARM.Collect$$libshutdown$$0000000C)
    __rt_entry                               0x08000227   Thumb Code     0  __rtentry.o(.ARM.Collect$$rtentry$$00000000)
    __rt_entry_presh_1                       0x08000227   Thumb Code     0  __rtentry2.o(.ARM.Collect$$rtentry$$00000002)
    __rt_entry_sh                            0x08000227   Thumb Code     0  __rtentry4.o(.ARM.Collect$$rtentry$$00000004)
    __rt_entry_li                            0x0800022d   Thumb Code     0  __rtentry2.o(.ARM.Collect$$rtentry$$0000000A)
    __rt_entry_postsh_1                      0x0800022d   Thumb Code     0  __rtentry2.o(.ARM.Collect$$rtentry$$00000009)
    __rt_entry_main                          0x08000231   Thumb Code     0  __rtentry2.o(.ARM.Collect$$rtentry$$0000000D)
    __rt_entry_postli_1                      0x08000231   Thumb Code     0  __rtentry2.o(.ARM.Collect$$rtentry$$0000000C)
    __rt_exit                                0x08000239   Thumb Code     0  rtexit.o(.ARM.Collect$$rtexit$$00000000)
    __rt_exit_ls                             0x0800023b   Thumb Code     0  rtexit2.o(.ARM.Collect$$rtexit$$00000003)
    __rt_exit_prels_1                        0x0800023b   Thumb Code     0  rtexit2.o(.ARM.Collect$$rtexit$$00000002)
    __rt_exit_exit                           0x0800023f   Thumb Code     0  rtexit2.o(.ARM.Collect$$rtexit$$00000004)
    Reset_Handler                            0x08000245   Thumb Code     8  startup_stm32f401xc.o(.text)
    ADC_IRQHandler                           0x0800025f   Thumb Code     0  startup_stm32f401xc.o(.text)
    DMA1_Stream0_IRQHandler                  0x0800025f   Thumb Code     0  startup_stm32f401xc.o(.text)
    DMA1_Stream1_IRQHandler                  0x0800025f   Thumb Code     0  startup_stm32f401xc.o(.text)
    DMA1_Stream2_IRQHandler                  0x0800025f   Thumb Code     0  startup_stm32f401xc.o(.text)
    DMA1_Stream3_IRQHandler                  0x0800025f   Thumb Code     0  startup_stm32f401xc.o(.text)
    DMA1_Stream4_IRQHandler                  0x0800025f   Thumb Code     0  startup_stm32f401xc.o(.text)
    DMA1_Stream5_IRQHandler                  0x0800025f   Thumb Code     0  startup_stm32f401xc.o(.text)
    DMA1_Stream7_IRQHandler                  0x0800025f   Thumb Code     0  startup_stm32f401xc.o(.text)
    DMA2_Stream0_IRQHandler                  0x0800025f   Thumb Code     0  startup_stm32f401xc.o(.text)
    DMA2_Stream1_IRQHandler                  0x0800025f   Thumb Code     0  startup_stm32f401xc.o(.text)
    DMA2_Stream2_IRQHandler                  0x0800025f   Thumb Code     0  startup_stm32f401xc.o(.text)
    DMA2_Stream3_IRQHandler                  0x0800025f   Thumb Code     0  startup_stm32f401xc.o(.text)
    DMA2_Stream4_IRQHandler                  0x0800025f   Thumb Code     0  startup_stm32f401xc.o(.text)
    DMA2_Stream5_IRQHandler                  0x0800025f   Thumb Code     0  startup_stm32f401xc.o(.text)
    EXTI2_IRQHandler                         0x0800025f   Thumb Code     0  startup_stm32f401xc.o(.text)
    EXTI3_IRQHandler                         0x0800025f   Thumb Code     0  startup_stm32f401xc.o(.text)
    EXTI4_IRQHandler                         0x0800025f   Thumb Code     0  startup_stm32f401xc.o(.text)
    EXTI9_5_IRQHandler                       0x0800025f   Thumb Code     0  startup_stm32f401xc.o(.text)
    FLASH_IRQHandler                         0x0800025f   Thumb Code     0  startup_stm32f401xc.o(.text)
    FPU_IRQHandler                           0x0800025f   Thumb Code     0  startup_stm32f401xc.o(.text)
    I2C1_ER_IRQHandler                       0x0800025f   Thumb Code     0  startup_stm32f401xc.o(.text)
    I2C1_EV_IRQHandler                       0x0800025f   Thumb Code     0  startup_stm32f401xc.o(.text)
    I2C2_ER_IRQHandler                       0x0800025f   Thumb Code     0  startup_stm32f401xc.o(.text)
    I2C2_EV_IRQHandler                       0x0800025f   Thumb Code     0  startup_stm32f401xc.o(.text)
    I2C3_ER_IRQHandler                       0x0800025f   Thumb Code     0  startup_stm32f401xc.o(.text)
    I2C3_EV_IRQHandler                       0x0800025f   Thumb Code     0  startup_stm32f401xc.o(.text)
    OTG_FS_IRQHandler                        0x0800025f   Thumb Code     0  startup_stm32f401xc.o(.text)
    OTG_FS_WKUP_IRQHandler                   0x0800025f   Thumb Code     0  startup_stm32f401xc.o(.text)
    PVD_IRQHandler                           0x0800025f   Thumb Code     0  startup_stm32f401xc.o(.text)
    RCC_IRQHandler                           0x0800025f   Thumb Code     0  startup_stm32f401xc.o(.text)
    RTC_Alarm_IRQHandler                     0x0800025f   Thumb Code     0  startup_stm32f401xc.o(.text)
    RTC_WKUP_IRQHandler                      0x0800025f   Thumb Code     0  startup_stm32f401xc.o(.text)
    SDIO_IRQHandler                          0x0800025f   Thumb Code     0  startup_stm32f401xc.o(.text)
    SPI1_IRQHandler                          0x0800025f   Thumb Code     0  startup_stm32f401xc.o(.text)
    SPI2_IRQHandler                          0x0800025f   Thumb Code     0  startup_stm32f401xc.o(.text)
    SPI3_IRQHandler                          0x0800025f   Thumb Code     0  startup_stm32f401xc.o(.text)
    SPI4_IRQHandler                          0x0800025f   Thumb Code     0  startup_stm32f401xc.o(.text)
    TAMP_STAMP_IRQHandler                    0x0800025f   Thumb Code     0  startup_stm32f401xc.o(.text)
    TIM1_BRK_TIM9_IRQHandler                 0x0800025f   Thumb Code     0  startup_stm32f401xc.o(.text)
    TIM1_CC_IRQHandler                       0x0800025f   Thumb Code     0  startup_stm32f401xc.o(.text)
    TIM1_TRG_COM_TIM11_IRQHandler            0x0800025f   Thumb Code     0  startup_stm32f401xc.o(.text)
    TIM1_UP_TIM10_IRQHandler                 0x0800025f   Thumb Code     0  startup_stm32f401xc.o(.text)
    TIM2_IRQHandler                          0x0800025f   Thumb Code     0  startup_stm32f401xc.o(.text)
    USART2_IRQHandler                        0x0800025f   Thumb Code     0  startup_stm32f401xc.o(.text)
    WWDG_IRQHandler                          0x0800025f   Thumb Code     0  startup_stm32f401xc.o(.text)
    __user_initial_stackheap                 0x08000261   Thumb Code     0  startup_stm32f401xc.o(.text)
    __aeabi_uldivmod                         0x08000285   Thumb Code     0  lludivv7m.o(.text)
    _ll_udiv                                 0x08000285   Thumb Code   238  lludivv7m.o(.text)
    atoi                                     0x08000373   Thumb Code    26  atoi.o(.text)
    puts                                     0x0800038d   Thumb Code    40  puts.o(.text)
    strchr                                   0x080003b9   Thumb Code    20  strchr.o(.text)
    strcpy                                   0x080003cd   Thumb Code    72  strcpy.o(.text)
    __aeabi_memcpy                           0x08000415   Thumb Code     0  rt_memcpy_v6.o(.text)
    __rt_memcpy                              0x08000415   Thumb Code   138  rt_memcpy_v6.o(.text)
    _memcpy_lastbytes                        0x0800047b   Thumb Code     0  rt_memcpy_v6.o(.text)
    __aeabi_memclr                           0x0800049f   Thumb Code     0  rt_memclr.o(.text)
    __rt_memclr                              0x0800049f   Thumb Code    68  rt_memclr.o(.text)
    _memset                                  0x080004a3   Thumb Code     0  rt_memclr.o(.text)
    __aeabi_memclr4                          0x080004e3   Thumb Code     0  rt_memclr_w.o(.text)
    __aeabi_memclr8                          0x080004e3   Thumb Code     0  rt_memclr_w.o(.text)
    __rt_memclr_w                            0x080004e3   Thumb Code    78  rt_memclr_w.o(.text)
    _memset_w                                0x080004e7   Thumb Code     0  rt_memclr_w.o(.text)
    __use_two_region_memory                  0x08000531   Thumb Code     2  heapauxi.o(.text)
    __rt_heap_escrow$2region                 0x08000533   Thumb Code     2  heapauxi.o(.text)
    __rt_heap_expand$2region                 0x08000535   Thumb Code     2  heapauxi.o(.text)
    __aeabi_errno_addr                       0x08000539   Thumb Code     8  rt_errno_addr_intlibspace.o(.text)
    __errno$intlibspace                      0x08000539   Thumb Code     0  rt_errno_addr_intlibspace.o(.text)
    __rt_errno_addr$intlibspace              0x08000539   Thumb Code     0  rt_errno_addr_intlibspace.o(.text)
    __read_errno                             0x08000541   Thumb Code    10  _rserrno.o(.text)
    __set_errno                              0x0800054b   Thumb Code    12  _rserrno.o(.text)
    strtol                                   0x08000557   Thumb Code   112  strtol.o(.text)
    __aeabi_memcpy4                          0x080005c7   Thumb Code     0  rt_memcpy_w.o(.text)
    __aeabi_memcpy8                          0x080005c7   Thumb Code     0  rt_memcpy_w.o(.text)
    __rt_memcpy_w                            0x080005c7   Thumb Code   100  rt_memcpy_w.o(.text)
    _memcpy_lastbytes_aligned                0x0800060f   Thumb Code     0  rt_memcpy_w.o(.text)
    __user_libspace                          0x0800062d   Thumb Code     8  libspace.o(.text)
    __user_perproc_libspace                  0x0800062d   Thumb Code     0  libspace.o(.text)
    __user_perthread_libspace                0x0800062d   Thumb Code     0  libspace.o(.text)
    __rt_ctype_table                         0x08000635   Thumb Code    16  rt_ctype_table.o(.text)
    _strtoul                                 0x08000645   Thumb Code   158  _strtoul.o(.text)
    __user_setup_stackheap                   0x080006e3   Thumb Code    74  sys_stackheap_outer.o(.text)
    __rt_locale                              0x0800072d   Thumb Code     8  rt_locale_intlibspace.o(.text)
    _chval                                   0x08000735   Thumb Code    28  _chval.o(.text)
    exit                                     0x08000751   Thumb Code    18  exit.o(.text)
    strcmp                                   0x08000769   Thumb Code   124  strcmpv7em.o(.text)
    _sys_exit                                0x080007e5   Thumb Code     8  sys_exit.o(.text)
    __I$use$semihosting                      0x080007f1   Thumb Code     0  use_no_semi.o(.text)
    __use_no_semihosting_swi                 0x080007f1   Thumb Code     2  use_no_semi.o(.text)
    BusFault_Handler                         0x080007f3   Thumb Code     2  stm32f4xx_it.o(.text.BusFault_Handler)
    __semihosting_library_function           0x080007f3   Thumb Code     0  indicate_semi.o(.text)
    Car_FollowLine                           0x080007f5   Thumb Code    88  control.o(.text.Car_FollowLine)
    Car_GoStraight                           0x0800084d   Thumb Code    50  control.o(.text.Car_GoStraight)
    Car_Init                                 0x08000881   Thumb Code   328  control.o(.text.Car_Init)
    Car_RunDistance                          0x080009c1   Thumb Code   236  control.o(.text.Car_RunDistance)
    Car_RunInTimer                           0x08000aad   Thumb Code    50  control.o(.text.Car_RunInTimer)
    Car_TurnAngle                            0x08000ae1   Thumb Code   180  control.o(.text.Car_TurnAngle)
    Car_UpdateData                           0x08000b8d   Thumb Code    56  control.o(.text.Car_UpdateData)
    DMA1_Stream6_IRQHandler                  0x08000bc5   Thumb Code    12  stm32f4xx_it.o(.text.DMA1_Stream6_IRQHandler)
    DMA2_Stream6_IRQHandler                  0x08000bd1   Thumb Code    12  stm32f4xx_it.o(.text.DMA2_Stream6_IRQHandler)
    DMA2_Stream7_IRQHandler                  0x08000bdd   Thumb Code    12  stm32f4xx_it.o(.text.DMA2_Stream7_IRQHandler)
    DebugMon_Handler                         0x08000c4b   Thumb Code     2  stm32f4xx_it.o(.text.DebugMon_Handler)
    EXTI0_IRQHandler                         0x08000c4d   Thumb Code     6  stm32f4xx_it.o(.text.EXTI0_IRQHandler)
    EXTI15_10_IRQHandler                     0x08000c53   Thumb Code    22  stm32f4xx_it.o(.text.EXTI15_10_IRQHandler)
    EXTI1_IRQHandler                         0x08000c69   Thumb Code     6  stm32f4xx_it.o(.text.EXTI1_IRQHandler)
    Error_Handler                            0x08000c6f   Thumb Code     8  main.o(.text.Error_Handler)
    HAL_DMA_Abort                            0x08000c77   Thumb Code   132  stm32f4xx_hal_dma.o(.text.HAL_DMA_Abort)
    HAL_DMA_Abort_IT                         0x08000cfb   Thumb Code    36  stm32f4xx_hal_dma.o(.text.HAL_DMA_Abort_IT)
    HAL_DMA_IRQHandler                       0x08000d21   Thumb Code   384  stm32f4xx_hal_dma.o(.text.HAL_DMA_IRQHandler)
    HAL_DMA_Init                             0x08000ea1   Thumb Code   300  stm32f4xx_hal_dma.o(.text.HAL_DMA_Init)
    HAL_DMA_Start_IT                         0x08000fcd   Thumb Code   100  stm32f4xx_hal_dma.o(.text.HAL_DMA_Start_IT)
    HAL_Delay                                0x08001031   Thumb Code    36  stm32f4xx_hal.o(.text.HAL_Delay)
    HAL_GPIO_EXTI_Callback                   0x08001051   Thumb Code    52  main.o(.text.HAL_GPIO_EXTI_Callback)
    HAL_GPIO_EXTI_IRQHandler                 0x08001085   Thumb Code    20  stm32f4xx_hal_gpio.o(.text.HAL_GPIO_EXTI_IRQHandler)
    HAL_GPIO_Init                            0x08001099   Thumb Code   416  stm32f4xx_hal_gpio.o(.text.HAL_GPIO_Init)
    HAL_GPIO_WritePin                        0x08001239   Thumb Code    10  stm32f4xx_hal_gpio.o(.text.HAL_GPIO_WritePin)
    HAL_GetTick                              0x08001245   Thumb Code    12  stm32f4xx_hal.o(.text.HAL_GetTick)
    HAL_IncTick                              0x0800124d   Thumb Code    16  stm32f4xx_hal.o(.text.HAL_IncTick)
    HAL_Init                                 0x08001259   Thumb Code    52  stm32f4xx_hal.o(.text.HAL_Init)
    HAL_InitTick                             0x0800128d   Thumb Code    64  stm32f4xx_hal.o(.text.HAL_InitTick)
    HAL_MspInit                              0x080012c9   Thumb Code    56  stm32f4xx_hal_msp.o(.text.HAL_MspInit)
    HAL_NVIC_EnableIRQ                       0x08001301   Thumb Code    28  stm32f4xx_hal_cortex.o(.text.HAL_NVIC_EnableIRQ)
    HAL_NVIC_SetPriority                     0x0800131d   Thumb Code    92  stm32f4xx_hal_cortex.o(.text.HAL_NVIC_SetPriority)
    HAL_NVIC_SetPriorityGrouping             0x08001375   Thumb Code    32  stm32f4xx_hal_cortex.o(.text.HAL_NVIC_SetPriorityGrouping)
    HAL_RCC_ClockConfig                      0x08001395   Thumb Code   308  stm32f4xx_hal_rcc.o(.text.HAL_RCC_ClockConfig)
    HAL_RCC_GetPCLK1Freq                     0x080014c5   Thumb Code    32  stm32f4xx_hal_rcc.o(.text.HAL_RCC_GetPCLK1Freq)
    HAL_RCC_GetPCLK2Freq                     0x080014d9   Thumb Code    32  stm32f4xx_hal_rcc.o(.text.HAL_RCC_GetPCLK2Freq)
    HAL_RCC_GetSysClockFreq                  0x080014f9   Thumb Code    96  stm32f4xx_hal_rcc.o(.text.HAL_RCC_GetSysClockFreq)
    HAL_RCC_OscConfig                        0x08001555   Thumb Code   876  stm32f4xx_hal_rcc.o(.text.HAL_RCC_OscConfig)
    HAL_SPI_Init                             0x080018c1   Thumb Code   196  stm32f4xx_hal_spi.o(.text.HAL_SPI_Init)
    HAL_SPI_MspInit                          0x08001985   Thumb Code   192  spi.o(.text.HAL_SPI_MspInit)
    HAL_SPI_Receive                          0x08001a45   Thumb Code   324  stm32f4xx_hal_spi.o(.text.HAL_SPI_Receive)
    HAL_SPI_TransmitReceive                  0x08001b89   Thumb Code   480  stm32f4xx_hal_spi.o(.text.HAL_SPI_TransmitReceive)
    HAL_SYSTICK_Config                       0x08001d69   Thumb Code    40  stm32f4xx_hal_cortex.o(.text.HAL_SYSTICK_Config)
    HAL_TIMEx_BreakCallback                  0x08001d91   Thumb Code     2  stm32f4xx_hal_tim_ex.o(.text.HAL_TIMEx_BreakCallback)
    HAL_TIMEx_CommutCallback                 0x08001d93   Thumb Code     2  stm32f4xx_hal_tim_ex.o(.text.HAL_TIMEx_CommutCallback)
    HAL_TIMEx_MasterConfigSynchronization    0x08001d95   Thumb Code   132  stm32f4xx_hal_tim_ex.o(.text.HAL_TIMEx_MasterConfigSynchronization)
    HAL_TIM_Base_Init                        0x08001e05   Thumb Code    88  stm32f4xx_hal_tim.o(.text.HAL_TIM_Base_Init)
    HAL_TIM_Base_MspInit                     0x08001e5d   Thumb Code    96  tim.o(.text.HAL_TIM_Base_MspInit)
    HAL_TIM_Base_Start_IT                    0x08001eb9   Thumb Code   108  stm32f4xx_hal_tim.o(.text.HAL_TIM_Base_Start_IT)
    HAL_TIM_ConfigClockSource                0x08001f1d   Thumb Code   248  stm32f4xx_hal_tim.o(.text.HAL_TIM_ConfigClockSource)
    HAL_TIM_Encoder_Init                     0x08002015   Thumb Code   176  stm32f4xx_hal_tim.o(.text.HAL_TIM_Encoder_Init)
    HAL_TIM_Encoder_MspInit                  0x080020c5   Thumb Code   212  tim.o(.text.HAL_TIM_Encoder_MspInit)
    HAL_TIM_Encoder_Start                    0x08002195   Thumb Code   156  stm32f4xx_hal_tim.o(.text.HAL_TIM_Encoder_Start)
    HAL_TIM_Encoder_Start_IT                 0x08002231   Thumb Code   190  stm32f4xx_hal_tim.o(.text.HAL_TIM_Encoder_Start_IT)
    HAL_TIM_IC_CaptureCallback               0x080022ef   Thumb Code     2  stm32f4xx_hal_tim.o(.text.HAL_TIM_IC_CaptureCallback)
    HAL_TIM_IRQHandler                       0x080022f1   Thumb Code   372  stm32f4xx_hal_tim.o(.text.HAL_TIM_IRQHandler)
    HAL_TIM_MspPostInit                      0x08002465   Thumb Code    84  tim.o(.text.HAL_TIM_MspPostInit)
    HAL_TIM_OC_DelayElapsedCallback          0x080024b9   Thumb Code     2  stm32f4xx_hal_tim.o(.text.HAL_TIM_OC_DelayElapsedCallback)
    HAL_TIM_PWM_ConfigChannel                0x080024bd   Thumb Code   154  stm32f4xx_hal_tim.o(.text.HAL_TIM_PWM_ConfigChannel)
    HAL_TIM_PWM_Init                         0x08002557   Thumb Code    88  stm32f4xx_hal_tim.o(.text.HAL_TIM_PWM_Init)
    HAL_TIM_PWM_MspInit                      0x080025af   Thumb Code     2  stm32f4xx_hal_tim.o(.text.HAL_TIM_PWM_MspInit)
    HAL_TIM_PWM_PulseFinishedCallback        0x080025b1   Thumb Code     2  stm32f4xx_hal_tim.o(.text.HAL_TIM_PWM_PulseFinishedCallback)
    HAL_TIM_PWM_Start                        0x080025b5   Thumb Code   176  stm32f4xx_hal_tim.o(.text.HAL_TIM_PWM_Start)
    HAL_TIM_PeriodElapsedCallback            0x08002669   Thumb Code   604  motor.o(.text.HAL_TIM_PeriodElapsedCallback)
    HAL_TIM_TriggerCallback                  0x080028c5   Thumb Code     2  stm32f4xx_hal_tim.o(.text.HAL_TIM_TriggerCallback)
    HAL_UARTEx_RxEventCallback               0x080028c7   Thumb Code     2  stm32f4xx_hal_uart.o(.text.HAL_UARTEx_RxEventCallback)
    HAL_UART_ErrorCallback                   0x080028c9   Thumb Code     2  stm32f4xx_hal_uart.o(.text.HAL_UART_ErrorCallback)
    HAL_UART_IRQHandler                      0x080028cd   Thumb Code   664  stm32f4xx_hal_uart.o(.text.HAL_UART_IRQHandler)
    HAL_UART_Init                            0x08002b65   Thumb Code    92  stm32f4xx_hal_uart.o(.text.HAL_UART_Init)
    HAL_UART_MspInit                         0x08002bc1   Thumb Code   480  usart.o(.text.HAL_UART_MspInit)
    HAL_UART_Receive_IT                      0x08002da1   Thumb Code    46  stm32f4xx_hal_uart.o(.text.HAL_UART_Receive_IT)
    HAL_UART_RxCpltCallback                  0x08002dd1   Thumb Code   164  uart_com.o(.text.HAL_UART_RxCpltCallback)
    HAL_UART_Transmit_DMA                    0x08002e75   Thumb Code   136  stm32f4xx_hal_uart.o(.text.HAL_UART_Transmit_DMA)
    HAL_UART_TxCpltCallback                  0x08002efd   Thumb Code     2  stm32f4xx_hal_uart.o(.text.HAL_UART_TxCpltCallback)
    HAL_UART_TxHalfCpltCallback              0x08002eff   Thumb Code     2  stm32f4xx_hal_uart.o(.text.HAL_UART_TxHalfCpltCallback)
    HardFault_Handler                        0x08002f01   Thumb Code     2  stm32f4xx_it.o(.text.HardFault_Handler)
    IMUSO3Thread                             0x08002f05   Thumb Code  1528  quad_math.o(.text.IMUSO3Thread)
    IMU_Calibrate                            0x080034fd   Thumb Code   124  quad_math.o(.text.IMU_Calibrate)
    IMU_Init                                 0x08003575   Thumb Code   112  quad_math.o(.text.IMU_Init)
    LPF2pApply_1                             0x080035e5   Thumb Code   104  filter.o(.text.LPF2pApply_1)
    LPF2pApply_2                             0x08003649   Thumb Code   104  filter.o(.text.LPF2pApply_2)
    LPF2pApply_3                             0x080036ad   Thumb Code   104  filter.o(.text.LPF2pApply_3)
    LPF2pApply_4                             0x08003711   Thumb Code   108  filter.o(.text.LPF2pApply_4)
    LPF2pApply_5                             0x08003775   Thumb Code   104  filter.o(.text.LPF2pApply_5)
    LPF2pApply_6                             0x080037d9   Thumb Code   104  filter.o(.text.LPF2pApply_6)
    LPF2pSetCutoffFreq_1                     0x0800383d   Thumb Code   140  filter.o(.text.LPF2pSetCutoffFreq_1)
    LPF2pSetCutoffFreq_2                     0x080038c5   Thumb Code   140  filter.o(.text.LPF2pSetCutoffFreq_2)
    LPF2pSetCutoffFreq_3                     0x08003951   Thumb Code   140  filter.o(.text.LPF2pSetCutoffFreq_3)
    LPF2pSetCutoffFreq_4                     0x080039dd   Thumb Code   140  filter.o(.text.LPF2pSetCutoffFreq_4)
    LPF2pSetCutoffFreq_5                     0x08003a69   Thumb Code   140  filter.o(.text.LPF2pSetCutoffFreq_5)
    LPF2pSetCutoffFreq_6                     0x08003af5   Thumb Code   140  filter.o(.text.LPF2pSetCutoffFreq_6)
    MPU_DataProduce                          0x08003b81   Thumb Code    92  control.o(.text.MPU_DataProduce)
    MPU_UpdateData                           0x08003bdd   Thumb Code    32  control.o(.text.MPU_UpdateData)
    MX_DMA_Init                              0x08003bfd   Thumb Code   104  dma.o(.text.MX_DMA_Init)
    MX_GPIO_Init                             0x08003c59   Thumb Code   280  gpio.o(.text.MX_GPIO_Init)
    MX_SPI1_Init                             0x08003d71   Thumb Code    68  spi.o(.text.MX_SPI1_Init)
    MX_SPI2_Init                             0x08003db5   Thumb Code    68  spi.o(.text.MX_SPI2_Init)
    MX_TIM2_Init                             0x08003df9   Thumb Code   168  tim.o(.text.MX_TIM2_Init)
    MX_TIM3_Init                             0x08003e9d   Thumb Code    96  tim.o(.text.MX_TIM3_Init)
    MX_TIM4_Init                             0x08003ef9   Thumb Code    96  tim.o(.text.MX_TIM4_Init)
    MX_TIM5_Init                             0x08003f55   Thumb Code   104  tim.o(.text.MX_TIM5_Init)
    MX_USART1_UART_Init                      0x08003fb9   Thumb Code    60  usart.o(.text.MX_USART1_UART_Init)
    MX_USART2_UART_Init                      0x08003ff5   Thumb Code    60  usart.o(.text.MX_USART2_UART_Init)
    MX_USART6_UART_Init                      0x08004031   Thumb Code    60  usart.o(.text.MX_USART6_UART_Init)
    MemManage_Handler                        0x0800406d   Thumb Code     2  stm32f4xx_it.o(.text.MemManage_Handler)
    Motor_Init                               0x08004071   Thumb Code   168  motor.o(.text.Motor_Init)
    Motor_PWM_Set                            0x08004115   Thumb Code   248  motor.o(.text.Motor_PWM_Set)
    Motor_Velocity_Set                       0x0800420d   Thumb Code    44  motor.o(.text.Motor_Velocity_Set)
    NMI_Handler                              0x08004239   Thumb Code     2  stm32f4xx_it.o(.text.NMI_Handler)
    PID_Control_Dir                          0x0800423d   Thumb Code   120  pid.o(.text.PID_Control_Dir)
    PID_Init                                 0x080042b5   Thumb Code    14  pid.o(.text.PID_Init)
    PendSV_Handler                           0x080042c3   Thumb Code     2  stm32f4xx_it.o(.text.PendSV_Handler)
    ReadIMUSensorHandle                      0x080042c5   Thumb Code   324  quad_math.o(.text.ReadIMUSensorHandle)
    SVC_Handler                              0x08004569   Thumb Code     2  stm32f4xx_it.o(.text.SVC_Handler)
    SysTick_Handler                          0x0800456b   Thumb Code    16  stm32f4xx_it.o(.text.SysTick_Handler)
    SystemClock_Config                       0x0800457d   Thumb Code   164  main.o(.text.SystemClock_Config)
    SystemInit                               0x08004621   Thumb Code    16  system_stm32f4xx.o(.text.SystemInit)
    TIM3_IRQHandler                          0x08004631   Thumb Code    12  stm32f4xx_it.o(.text.TIM3_IRQHandler)
    TIM4_IRQHandler                          0x0800463d   Thumb Code    12  stm32f4xx_it.o(.text.TIM4_IRQHandler)
    TIM5_IRQHandler                          0x08004649   Thumb Code    12  stm32f4xx_it.o(.text.TIM5_IRQHandler)
    TIM_Base_SetConfig                       0x08004655   Thumb Code   132  stm32f4xx_hal_tim.o(.text.TIM_Base_SetConfig)
    TIM_CCxChannelCmd                        0x080046d5   Thumb Code    30  stm32f4xx_hal_tim.o(.text.TIM_CCxChannelCmd)
    TIM_OC2_SetConfig                        0x0800474d   Thumb Code   100  stm32f4xx_hal_tim.o(.text.TIM_OC2_SetConfig)
    TP_ErrorHandler                          0x0800489d   Thumb Code     2  easytask.o(.text.TP_ErrorHandler)
    TP_TaskHandler                           0x080048a1   Thumb Code    92  easytask.o(.text.TP_TaskHandler)
    TP_TaskInit                              0x080048f9   Thumb Code    80  easytask.o(.text.TP_TaskInit)
    TP_TickUpdate                            0x08004945   Thumb Code    16  easytask.o(.text.TP_TickUpdate)
    UARTCOM_Get2Data                         0x08004955   Thumb Code    56  uart_com.o(.text.UARTCOM_Get2Data)
    UART_Start_Receive_IT                    0x08004c1d   Thumb Code    50  stm32f4xx_hal_uart.o(.text.UART_Start_Receive_IT)
    USART1_IRQHandler                        0x08004c51   Thumb Code    12  stm32f4xx_it.o(.text.USART1_IRQHandler)
    USART6_IRQHandler                        0x08004c59   Thumb Code    12  stm32f4xx_it.o(.text.USART6_IRQHandler)
    UsageFault_Handler                       0x08004c61   Thumb Code     2  stm32f4xx_it.o(.text.UsageFault_Handler)
    dataUpdateHandler                        0x08004c69   Thumb Code   184  main.o(.text.dataUpdateHandler)
    fputc                                    0x08004d1d   Thumb Code    20  usart.o(.text.fputc)
    getMPUDataTaskHandler                    0x08004d31   Thumb Code    28  main.o(.text.getMPUDataTaskHandler)
    invSqrt                                  0x08004d4d   Thumb Code    96  quad_math.o(.text.invSqrt)
    main                                     0x08004dad   Thumb Code   168  main.o(.text.main)
    mainTaskHandler                          0x08004e51   Thumb Code    64  main.o(.text.mainTaskHandler)
    mpu9250_init                             0x08004e91   Thumb Code    52  mpu9250.o(.text.mpu9250_init)
    mpu_read_Raw                             0x08004ec5   Thumb Code    92  mpu9250.o(.text.mpu_read_Raw)
    mpu_read_regs                            0x08004f21   Thumb Code    88  mpu9250.o(.text.mpu_read_regs)
    mpu_spi_write_reg                        0x08004f6d   Thumb Code   104  mpu9250.o(.text.mpu_spi_write_reg)
    __ARM_fpclassify                         0x08004fd5   Thumb Code    48  fpclassify.o(i.__ARM_fpclassify)
    __ARM_fpclassifyf                        0x08005005   Thumb Code    38  fpclassifyf.o(i.__ARM_fpclassifyf)
    __hardfp_asinf                           0x0800502d   Thumb Code   258  asinf.o(i.__hardfp_asinf)
    __hardfp_atan                            0x08005159   Thumb Code   622  atan.o(i.__hardfp_atan)
    __hardfp_atan2                           0x08005431   Thumb Code   432  atan2.o(i.__hardfp_atan2)
    __hardfp_atan2f                          0x08005621   Thumb Code   502  atan2f.o(i.__hardfp_atan2f)
    __hardfp_cosf                            0x08005871   Thumb Code   280  cosf.o(i.__hardfp_cosf)
    __hardfp_fabs                            0x080059c1   Thumb Code    20  fabs.o(i.__hardfp_fabs)
    __hardfp_sinf                            0x080059d5   Thumb Code   344  sinf.o(i.__hardfp_sinf)
    __hardfp_tanf                            0x08005b65   Thumb Code   322  tanf.o(i.__hardfp_tanf)
    __kernel_poly                            0x08005ce1   Thumb Code   248  poly.o(i.__kernel_poly)
    __mathlib_dbl_infnan                     0x08005dd9   Thumb Code    20  dunder.o(i.__mathlib_dbl_infnan)
    __mathlib_dbl_infnan2                    0x08005ded   Thumb Code    20  dunder.o(i.__mathlib_dbl_infnan2)
    __mathlib_dbl_underflow                  0x08005e01   Thumb Code    24  dunder.o(i.__mathlib_dbl_underflow)
    __mathlib_flt_infnan                     0x08005e21   Thumb Code     6  funder.o(i.__mathlib_flt_infnan)
    __mathlib_flt_infnan2                    0x08005e27   Thumb Code     6  funder.o(i.__mathlib_flt_infnan2)
    __mathlib_flt_invalid                    0x08005e2d   Thumb Code    10  funder.o(i.__mathlib_flt_invalid)
    __mathlib_flt_underflow                  0x08005e3d   Thumb Code    10  funder.o(i.__mathlib_flt_underflow)
    __mathlib_rredf2                         0x08005e4d   Thumb Code   316  rredf.o(i.__mathlib_rredf2)
    atan                                     0x08005fa1   Thumb Code    16  atan.o(i.atan)
    fabs                                     0x08005fb1   Thumb Code    24  fabs.o(i.fabs)
    sqrtf                                    0x08005fc9   Thumb Code    62  sqrtf.o(i.sqrtf)
    _get_lc_ctype                            0x08006009   Thumb Code    44  lc_ctype_c.o(locale$$code)
    __aeabi_dneg                             0x08006035   Thumb Code     0  basic.o(x$fpl$basic)
    _dneg                                    0x08006035   Thumb Code     6  basic.o(x$fpl$basic)
    __aeabi_fneg                             0x0800603b   Thumb Code     0  basic.o(x$fpl$basic)
    _fneg                                    0x0800603b   Thumb Code     6  basic.o(x$fpl$basic)
    _dabs                                    0x08006041   Thumb Code     6  basic.o(x$fpl$basic)
    _fabs                                    0x08006047   Thumb Code     6  basic.o(x$fpl$basic)
    __aeabi_d2f                              0x0800604d   Thumb Code     0  d2f.o(x$fpl$d2f)
    _d2f                                     0x0800604d   Thumb Code    98  d2f.o(x$fpl$d2f)
    __aeabi_dadd                             0x080060b1   Thumb Code     0  daddsub_clz.o(x$fpl$dadd)
    _dadd                                    0x080060b1   Thumb Code   332  daddsub_clz.o(x$fpl$dadd)
    __fpl_dcmp_Inf                           0x08006201   Thumb Code    24  dcmpi.o(x$fpl$dcmpinf)
    __aeabi_ddiv                             0x08006219   Thumb Code     0  ddiv.o(x$fpl$ddiv)
    _ddiv                                    0x08006219   Thumb Code   552  ddiv.o(x$fpl$ddiv)
    __aeabi_cdcmpeq                          0x080064c9   Thumb Code     0  deqf.o(x$fpl$deqf)
    _dcmpeq                                  0x080064c9   Thumb Code   120  deqf.o(x$fpl$deqf)
    __aeabi_d2iz                             0x08006541   Thumb Code     0  dfix.o(x$fpl$dfix)
    _dfix                                    0x08006541   Thumb Code    94  dfix.o(x$fpl$dfix)
    __aeabi_i2d                              0x0800659f   Thumb Code     0  dflt_clz.o(x$fpl$dflt)
    _dflt                                    0x0800659f   Thumb Code    46  dflt_clz.o(x$fpl$dflt)
    __aeabi_cdcmpge                          0x080065cd   Thumb Code     0  dgeqf.o(x$fpl$dgeqf)
    _dcmpge                                  0x080065cd   Thumb Code   120  dgeqf.o(x$fpl$dgeqf)
    __aeabi_cdcmple                          0x08006645   Thumb Code     0  dleqf.o(x$fpl$dleqf)
    _dcmple                                  0x08006645   Thumb Code   120  dleqf.o(x$fpl$dleqf)
    __fpl_dcmple_InfNaN                      0x080066a7   Thumb Code     0  dleqf.o(x$fpl$dleqf)
    __aeabi_dmul                             0x080066bd   Thumb Code     0  dmul.o(x$fpl$dmul)
    _dmul                                    0x080066bd   Thumb Code   332  dmul.o(x$fpl$dmul)
    __fpl_dnaninf                            0x08006811   Thumb Code   156  dnaninf.o(x$fpl$dnaninf)
    __fpl_dretinf                            0x080068ad   Thumb Code    12  dretinf.o(x$fpl$dretinf)
    __aeabi_drsub                            0x080068b9   Thumb Code     0  daddsub_clz.o(x$fpl$drsb)
    _drsb                                    0x080068b9   Thumb Code    22  daddsub_clz.o(x$fpl$drsb)
    __aeabi_dsub                             0x080068d1   Thumb Code     0  daddsub_clz.o(x$fpl$dsub)
    _dsub                                    0x080068d1   Thumb Code   464  daddsub_clz.o(x$fpl$dsub)
    __aeabi_f2d                              0x08006aa5   Thumb Code     0  f2d.o(x$fpl$f2d)
    _f2d                                     0x08006aa5   Thumb Code    86  f2d.o(x$fpl$f2d)
    __aeabi_dcmpeq                           0x08006afb   Thumb Code     0  dcmp.o(x$fpl$fcmp)
    _deq                                     0x08006afb   Thumb Code    14  dcmp.o(x$fpl$fcmp)
    _dneq                                    0x08006b09   Thumb Code    14  dcmp.o(x$fpl$fcmp)
    __aeabi_dcmpgt                           0x08006b17   Thumb Code     0  dcmp.o(x$fpl$fcmp)
    _dgr                                     0x08006b17   Thumb Code    14  dcmp.o(x$fpl$fcmp)
    __aeabi_dcmpge                           0x08006b25   Thumb Code     0  dcmp.o(x$fpl$fcmp)
    _dgeq                                    0x08006b25   Thumb Code    14  dcmp.o(x$fpl$fcmp)
    __aeabi_dcmple                           0x08006b33   Thumb Code     0  dcmp.o(x$fpl$fcmp)
    _dleq                                    0x08006b33   Thumb Code    14  dcmp.o(x$fpl$fcmp)
    __aeabi_dcmplt                           0x08006b41   Thumb Code     0  dcmp.o(x$fpl$fcmp)
    _dls                                     0x08006b41   Thumb Code    14  dcmp.o(x$fpl$fcmp)
    __fpl_fnaninf                            0x08006b4f   Thumb Code   140  fnaninf.o(x$fpl$fnaninf)
    _fp_init                                 0x08006bdb   Thumb Code    10  fpinit.o(x$fpl$fpinit)
    __fplib_config_fpu_vfp                   0x08006be3   Thumb Code     0  fpinit.o(x$fpl$fpinit)
    __fplib_config_pureend_doubles           0x08006be3   Thumb Code     0  fpinit.o(x$fpl$fpinit)
    __fpl_fretinf                            0x08006be5   Thumb Code    10  fretinf.o(x$fpl$fretinf)
    __I$use$fp                               0x08006bee   Number         0  usenofp.o(x$fpl$usenofp)
    __mathlib_zero                           0x08006c88   Data           8  qnan.o(.constdata)
    AHBPrescTable                            0x08006cb0   Data          16  system_stm32f4xx.o(.rodata.AHBPrescTable)
    APBPrescTable                            0x08006cc0   Data           8  system_stm32f4xx.o(.rodata.APBPrescTable)
    Region$$Table$$Base                      0x08006cd8   Number         0  anon$$obj.o(Region$$Table)
    Region$$Table$$Limit                     0x08006cf8   Number         0  anon$$obj.o(Region$$Table)
    __ctype                                  0x08006d05   Data           0  lc_ctype_c.o(locale$$data)
    uwTickFreq                               0x20000000   Data           1  stm32f4xx_hal.o(.data..L_MergedGlobals)
    uwTickPrio                               0x20000004   Data           4  stm32f4xx_hal.o(.data..L_MergedGlobals)
    uwTick                                   0x20000008   Data           4  stm32f4xx_hal.o(.data..L_MergedGlobals)
    so3_comp_params_Kp                       0x20000010   Data           4  quad_math.o(.data..L_MergedGlobals)
    so3_comp_params_Ki                       0x20000014   Data           4  quad_math.o(.data..L_MergedGlobals)
    SystemCoreClock                          0x20000018   Data           4  system_stm32f4xx.o(.data.SystemCoreClock)
    __libspace_start                         0x20000020   Data          96  libspace.o(.bss)
    __temporary_stack_top$libspace           0x20000080   Data           0  libspace.o(.bss)
    leftVeloFilter                           0x20000080   Data          32  motor.o(.bss..L_MergedGlobals)
    rightVeloFilter                          0x200000a0   Data          32  motor.o(.bss..L_MergedGlobals)
    leftMotor                                0x200000c0   Data          48  motor.o(.bss..L_MergedGlobals)
    tick                                     0x200000f0   Data           4  main.o(.bss..L_MergedGlobals)
    mainTask                                 0x200000f4   Data          28  main.o(.bss..L_MergedGlobals)
    getMPUDataTask                           0x20000110   Data          28  main.o(.bss..L_MergedGlobals)
    updateDataTask                           0x2000012c   Data          28  main.o(.bss..L_MergedGlobals)
    hdma_usart1_tx                           0x20000150   Data          96  usart.o(.bss..L_MergedGlobals)
    mpu_data_buf                             0x20000250   Data          14  mpu9250.o(.bss..L_MergedGlobals)
    g_Raw_Data                               0x2000025e   Data          20  mpu9250.o(.bss..L_MergedGlobals)
    rightMotor                               0x20000280   Data          48  motor.o(.bss..L_MergedGlobals.1)
    hdma_usart2_tx                           0x200002b0   Data          96  usart.o(.bss..L_MergedGlobals.1)
    hdma_usart6_tx                           0x200003e0   Data          96  usart.o(.bss..L_MergedGlobals.2)
    __stdout                                 0x20000448   Data           4  usart.o(.bss.__stdout)
    anglePID_Left                            0x2000044c   Data          36  pid.o(.bss.anglePID_Left)
    anglePID_Right                           0x20000470   Data          36  pid.o(.bss.anglePID_Right)
    hspi1                                    0x20000494   Data          88  spi.o(.bss.hspi1)
    hspi2                                    0x200004ec   Data          88  spi.o(.bss.hspi2)
    htim2                                    0x20000544   Data          72  tim.o(.bss.htim2)
    htim3                                    0x2000058c   Data          72  tim.o(.bss.htim3)
    htim4                                    0x200005d4   Data          72  tim.o(.bss.htim4)
    htim5                                    0x2000061c   Data          72  tim.o(.bss.htim5)
    huart1                                   0x20000664   Data          68  usart.o(.bss.huart1)
    huart2                                   0x200006a8   Data          68  usart.o(.bss.huart2)
    huart6                                   0x200006ec   Data          68  usart.o(.bss.huart6)
    imu                                      0x20000730   Data         208  quad_math.o(.bss.imu)
    linePID                                  0x20000800   Data          36  pid.o(.bss.linePID)
    mpuData                                  0x20000824   Data          32  control.o(.bss.mpuData)
    myCar                                    0x20000844   Data         364  control.o(.bss.myCar)
    speedPID_Left                            0x200009b0   Data          36  pid.o(.bss.speedPID_Left)
    speedPID_Right                           0x200009d4   Data          36  pid.o(.bss.speedPID_Right)
    turnPID                                  0x200009f8   Data          36  pid.o(.bss.turnPID)
    uart6_com                                0x20000a1c   Data        1048  uart_com.o(.bss.uart6_com)



==============================================================================

Memory Map of the image

  Image Entry point : 0x08000195

  Load Region LR_IROM1 (Base: 0x08000000, Size: 0x00006e30, Max: 0x00040000, ABSOLUTE)

    Execution Region ER_IROM1 (Exec base: 0x08000000, Load base: 0x08000000, Size: 0x00006e08, Max: 0x00040000, ABSOLUTE)

    Exec Addr    Load Addr    Size         Type   Attr      Idx    E Section Name        Object

    0x08000000   0x08000000   0x00000194   Data   RO            3    RESET               startup_stm32f401xc.o
    0x08000194   0x08000194   0x00000008   Code   RO         1821  * !!!main             c_w.l(__main.o)
    0x0800019c   0x0800019c   0x00000034   Code   RO         2257    !!!scatter          c_w.l(__scatter.o)
    0x080001d0   0x080001d0   0x0000001a   Code   RO         2259    !!handler_copy      c_w.l(__scatter_copy.o)
    0x080001ea   0x080001ea   0x00000002   PAD
    0x080001ec   0x080001ec   0x0000001c   Code   RO         2261    !!handler_zi        c_w.l(__scatter_zi.o)
    0x08000208   0x08000208   0x00000002   Code   RO         2122    .ARM.Collect$$libinit$$00000000  c_w.l(libinit.o)
    0x0800020a   0x0800020a   0x00000004   Code   RO         2133    .ARM.Collect$$libinit$$00000001  c_w.l(libinit2.o)
    0x0800020e   0x0800020e   0x00000000   Code   RO         2136    .ARM.Collect$$libinit$$00000004  c_w.l(libinit2.o)
    0x0800020e   0x0800020e   0x00000000   Code   RO         2139    .ARM.Collect$$libinit$$0000000A  c_w.l(libinit2.o)
    0x0800020e   0x0800020e   0x00000000   Code   RO         2141    .ARM.Collect$$libinit$$0000000C  c_w.l(libinit2.o)
    0x0800020e   0x0800020e   0x00000000   Code   RO         2143    .ARM.Collect$$libinit$$0000000E  c_w.l(libinit2.o)
    0x0800020e   0x0800020e   0x00000006   Code   RO         2144    .ARM.Collect$$libinit$$0000000F  c_w.l(libinit2.o)
    0x08000214   0x08000214   0x00000000   Code   RO         2146    .ARM.Collect$$libinit$$00000011  c_w.l(libinit2.o)
    0x08000214   0x08000214   0x0000000c   Code   RO         2147    .ARM.Collect$$libinit$$00000012  c_w.l(libinit2.o)
    0x08000220   0x08000220   0x00000000   Code   RO         2148    .ARM.Collect$$libinit$$00000013  c_w.l(libinit2.o)
    0x08000220   0x08000220   0x00000000   Code   RO         2150    .ARM.Collect$$libinit$$00000015  c_w.l(libinit2.o)
    0x08000220   0x08000220   0x00000000   Code   RO         2152    .ARM.Collect$$libinit$$00000017  c_w.l(libinit2.o)
    0x08000220   0x08000220   0x00000000   Code   RO         2154    .ARM.Collect$$libinit$$00000019  c_w.l(libinit2.o)
    0x08000220   0x08000220   0x00000000   Code   RO         2156    .ARM.Collect$$libinit$$0000001B  c_w.l(libinit2.o)
    0x08000220   0x08000220   0x00000000   Code   RO         2158    .ARM.Collect$$libinit$$0000001D  c_w.l(libinit2.o)
    0x08000220   0x08000220   0x00000000   Code   RO         2160    .ARM.Collect$$libinit$$0000001F  c_w.l(libinit2.o)
    0x08000220   0x08000220   0x00000000   Code   RO         2162    .ARM.Collect$$libinit$$00000021  c_w.l(libinit2.o)
    0x08000220   0x08000220   0x00000000   Code   RO         2164    .ARM.Collect$$libinit$$00000023  c_w.l(libinit2.o)
    0x08000220   0x08000220   0x00000000   Code   RO         2166    .ARM.Collect$$libinit$$00000025  c_w.l(libinit2.o)
    0x08000220   0x08000220   0x00000000   Code   RO         2170    .ARM.Collect$$libinit$$0000002C  c_w.l(libinit2.o)
    0x08000220   0x08000220   0x00000000   Code   RO         2172    .ARM.Collect$$libinit$$0000002E  c_w.l(libinit2.o)
    0x08000220   0x08000220   0x00000000   Code   RO         2174    .ARM.Collect$$libinit$$00000030  c_w.l(libinit2.o)
    0x08000220   0x08000220   0x00000000   Code   RO         2176    .ARM.Collect$$libinit$$00000032  c_w.l(libinit2.o)
    0x08000220   0x08000220   0x00000002   Code   RO         2177    .ARM.Collect$$libinit$$00000033  c_w.l(libinit2.o)
    0x08000222   0x08000222   0x00000002   Code   RO         2212    .ARM.Collect$$libshutdown$$00000000  c_w.l(libshutdown.o)
    0x08000224   0x08000224   0x00000000   Code   RO         2240    .ARM.Collect$$libshutdown$$00000002  c_w.l(libshutdown2.o)
    0x08000224   0x08000224   0x00000000   Code   RO         2242    .ARM.Collect$$libshutdown$$00000004  c_w.l(libshutdown2.o)
    0x08000224   0x08000224   0x00000000   Code   RO         2245    .ARM.Collect$$libshutdown$$00000007  c_w.l(libshutdown2.o)
    0x08000224   0x08000224   0x00000000   Code   RO         2248    .ARM.Collect$$libshutdown$$0000000A  c_w.l(libshutdown2.o)
    0x08000224   0x08000224   0x00000000   Code   RO         2250    .ARM.Collect$$libshutdown$$0000000C  c_w.l(libshutdown2.o)
    0x08000224   0x08000224   0x00000000   Code   RO         2253    .ARM.Collect$$libshutdown$$0000000F  c_w.l(libshutdown2.o)
    0x08000224   0x08000224   0x00000002   Code   RO         2254    .ARM.Collect$$libshutdown$$00000010  c_w.l(libshutdown2.o)
    0x08000226   0x08000226   0x00000000   Code   RO         1949    .ARM.Collect$$rtentry$$00000000  c_w.l(__rtentry.o)
    0x08000226   0x08000226   0x00000000   Code   RO         2067    .ARM.Collect$$rtentry$$00000002  c_w.l(__rtentry2.o)
    0x08000226   0x08000226   0x00000006   Code   RO         2079    .ARM.Collect$$rtentry$$00000004  c_w.l(__rtentry4.o)
    0x0800022c   0x0800022c   0x00000000   Code   RO         2069    .ARM.Collect$$rtentry$$00000009  c_w.l(__rtentry2.o)
    0x0800022c   0x0800022c   0x00000004   Code   RO         2070    .ARM.Collect$$rtentry$$0000000A  c_w.l(__rtentry2.o)
    0x08000230   0x08000230   0x00000000   Code   RO         2072    .ARM.Collect$$rtentry$$0000000C  c_w.l(__rtentry2.o)
    0x08000230   0x08000230   0x00000008   Code   RO         2073    .ARM.Collect$$rtentry$$0000000D  c_w.l(__rtentry2.o)
    0x08000238   0x08000238   0x00000002   Code   RO         2123    .ARM.Collect$$rtexit$$00000000  c_w.l(rtexit.o)
    0x0800023a   0x0800023a   0x00000000   Code   RO         2183    .ARM.Collect$$rtexit$$00000002  c_w.l(rtexit2.o)
    0x0800023a   0x0800023a   0x00000004   Code   RO         2184    .ARM.Collect$$rtexit$$00000003  c_w.l(rtexit2.o)
    0x0800023e   0x0800023e   0x00000006   Code   RO         2185    .ARM.Collect$$rtexit$$00000004  c_w.l(rtexit2.o)
    0x08000244   0x08000244   0x00000040   Code   RO            4    .text               startup_stm32f401xc.o
    0x08000284   0x08000284   0x000000ee   Code   RO         1748    .text               c_w.l(lludivv7m.o)
    0x08000372   0x08000372   0x0000001a   Code   RO         1803    .text               c_w.l(atoi.o)
    0x0800038c   0x0800038c   0x0000002c   Code   RO         1805    .text               c_w.l(puts.o)
    0x080003b8   0x080003b8   0x00000014   Code   RO         1807    .text               c_w.l(strchr.o)
    0x080003cc   0x080003cc   0x00000048   Code   RO         1811    .text               c_w.l(strcpy.o)
    0x08000414   0x08000414   0x0000008a   Code   RO         1813    .text               c_w.l(rt_memcpy_v6.o)
    0x0800049e   0x0800049e   0x00000044   Code   RO         1815    .text               c_w.l(rt_memclr.o)
    0x080004e2   0x080004e2   0x0000004e   Code   RO         1817    .text               c_w.l(rt_memclr_w.o)
    0x08000530   0x08000530   0x00000006   Code   RO         1819    .text               c_w.l(heapauxi.o)
    0x08000536   0x08000536   0x00000002   PAD
    0x08000538   0x08000538   0x00000008   Code   RO         1957    .text               c_w.l(rt_errno_addr_intlibspace.o)
    0x08000540   0x08000540   0x00000016   Code   RO         1959    .text               c_w.l(_rserrno.o)
    0x08000556   0x08000556   0x00000070   Code   RO         1966    .text               c_w.l(strtol.o)
    0x080005c6   0x080005c6   0x00000064   Code   RO         1968    .text               c_w.l(rt_memcpy_w.o)
    0x0800062a   0x0800062a   0x00000002   PAD
    0x0800062c   0x0800062c   0x00000008   Code   RO         2063    .text               c_w.l(libspace.o)
    0x08000634   0x08000634   0x00000010   Code   RO         2081    .text               c_w.l(rt_ctype_table.o)
    0x08000644   0x08000644   0x0000009e   Code   RO         2087    .text               c_w.l(_strtoul.o)
    0x080006e2   0x080006e2   0x0000004a   Code   RO         2097    .text               c_w.l(sys_stackheap_outer.o)
    0x0800072c   0x0800072c   0x00000008   Code   RO         2102    .text               c_w.l(rt_locale_intlibspace.o)
    0x08000734   0x08000734   0x0000001c   Code   RO         2106    .text               c_w.l(_chval.o)
    0x08000750   0x08000750   0x00000012   Code   RO         2111    .text               c_w.l(exit.o)
    0x08000762   0x08000762   0x00000006   PAD
    0x08000768   0x08000768   0x0000007c   Code   RO         2131    .text               c_w.l(strcmpv7em.o)
    0x080007e4   0x080007e4   0x0000000c   Code   RO         2178    .text               c_w.l(sys_exit.o)
    0x080007f0   0x080007f0   0x00000002   Code   RO         2201    .text               c_w.l(use_no_semi.o)
    0x080007f2   0x080007f2   0x00000000   Code   RO         2203    .text               c_w.l(indicate_semi.o)
    0x080007f2   0x080007f2   0x00000002   Code   RO          179    .text.BusFault_Handler  stm32f4xx_it.o
    0x080007f4   0x080007f4   0x00000058   Code   RO         1351    .text.Car_FollowLine  control.o
    0x0800084c   0x0800084c   0x00000032   Code   RO         1347    .text.Car_GoStraight  control.o
    0x0800087e   0x0800087e   0x00000002   PAD
    0x08000880   0x08000880   0x0000013c   Code   RO         1341    .text.Car_Init      control.o
    0x080009bc   0x080009bc   0x00000004   PAD
    0x080009c0   0x080009c0   0x000000ec   Code   RO         1349    .text.Car_RunDistance  control.o
    0x08000aac   0x08000aac   0x00000032   Code   RO         1355    .text.Car_RunInTimer  control.o
    0x08000ade   0x08000ade   0x00000002   PAD
    0x08000ae0   0x08000ae0   0x000000ac   Code   RO         1353    .text.Car_TurnAngle  control.o
    0x08000b8c   0x08000b8c   0x00000038   Code   RO         1357    .text.Car_UpdateData  control.o
    0x08000bc4   0x08000bc4   0x0000000c   Code   RO          195    .text.DMA1_Stream6_IRQHandler  stm32f4xx_it.o
    0x08000bd0   0x08000bd0   0x0000000c   Code   RO          207    .text.DMA2_Stream6_IRQHandler  stm32f4xx_it.o
    0x08000bdc   0x08000bdc   0x0000000c   Code   RO          209    .text.DMA2_Stream7_IRQHandler  stm32f4xx_it.o
    0x08000be8   0x08000be8   0x00000034   Code   RO          545    .text.DMA_CalcBaseAndBitshift  stm32f4xx_hal_dma.o
    0x08000c1c   0x08000c1c   0x0000002e   Code   RO          551    .text.DMA_SetConfig  stm32f4xx_hal_dma.o
    0x08000c4a   0x08000c4a   0x00000002   Code   RO          185    .text.DebugMon_Handler  stm32f4xx_it.o
    0x08000c4c   0x08000c4c   0x00000006   Code   RO          191    .text.EXTI0_IRQHandler  stm32f4xx_it.o
    0x08000c52   0x08000c52   0x00000016   Code   RO          203    .text.EXTI15_10_IRQHandler  stm32f4xx_it.o
    0x08000c68   0x08000c68   0x00000006   Code   RO          193    .text.EXTI1_IRQHandler  stm32f4xx_it.o
    0x08000c6e   0x08000c6e   0x00000008   Code   RO           46    .text.Error_Handler  main.o
    0x08000c76   0x08000c76   0x00000084   Code   RO          555    .text.HAL_DMA_Abort  stm32f4xx_hal_dma.o
    0x08000cfa   0x08000cfa   0x00000024   Code   RO          557    .text.HAL_DMA_Abort_IT  stm32f4xx_hal_dma.o
    0x08000d1e   0x08000d1e   0x00000002   PAD
    0x08000d20   0x08000d20   0x00000180   Code   RO          561    .text.HAL_DMA_IRQHandler  stm32f4xx_hal_dma.o
    0x08000ea0   0x08000ea0   0x0000012c   Code   RO          543    .text.HAL_DMA_Init  stm32f4xx_hal_dma.o
    0x08000fcc   0x08000fcc   0x00000064   Code   RO          553    .text.HAL_DMA_Start_IT  stm32f4xx_hal_dma.o
    0x08001030   0x08001030   0x00000020   Code   RO          727    .text.HAL_Delay     stm32f4xx_hal.o
    0x08001050   0x08001050   0x00000034   Code   RO           48    .text.HAL_GPIO_EXTI_Callback  main.o
    0x08001084   0x08001084   0x00000014   Code   RO          511    .text.HAL_GPIO_EXTI_IRQHandler  stm32f4xx_hal_gpio.o
    0x08001098   0x08001098   0x000001a0   Code   RO          499    .text.HAL_GPIO_Init  stm32f4xx_hal_gpio.o
    0x08001238   0x08001238   0x0000000a   Code   RO          505    .text.HAL_GPIO_WritePin  stm32f4xx_hal_gpio.o
    0x08001242   0x08001242   0x00000002   PAD
    0x08001244   0x08001244   0x00000008   Code   RO          719    .text.HAL_GetTick   stm32f4xx_hal.o
    0x0800124c   0x0800124c   0x0000000c   Code   RO          717    .text.HAL_IncTick   stm32f4xx_hal.o
    0x08001258   0x08001258   0x00000034   Code   RO          707    .text.HAL_Init      stm32f4xx_hal.o
    0x0800128c   0x0800128c   0x0000003c   Code   RO          709    .text.HAL_InitTick  stm32f4xx_hal.o
    0x080012c8   0x080012c8   0x00000038   Code   RO          223    .text.HAL_MspInit   stm32f4xx_hal_msp.o
    0x08001300   0x08001300   0x0000001c   Code   RO          662    .text.HAL_NVIC_EnableIRQ  stm32f4xx_hal_cortex.o
    0x0800131c   0x0800131c   0x00000058   Code   RO          660    .text.HAL_NVIC_SetPriority  stm32f4xx_hal_cortex.o
    0x08001374   0x08001374   0x00000020   Code   RO          658    .text.HAL_NVIC_SetPriorityGrouping  stm32f4xx_hal_cortex.o
    0x08001394   0x08001394   0x00000130   Code   RO          361    .text.HAL_RCC_ClockConfig  stm32f4xx_hal_rcc.o
    0x080014c4   0x080014c4   0x00000014   Code   RO          373    .text.HAL_RCC_GetPCLK1Freq  stm32f4xx_hal_rcc.o
    0x080014d8   0x080014d8   0x00000020   Code   RO          375    .text.HAL_RCC_GetPCLK2Freq  stm32f4xx_hal_rcc.o
    0x080014f8   0x080014f8   0x0000005c   Code   RO          363    .text.HAL_RCC_GetSysClockFreq  stm32f4xx_hal_rcc.o
    0x08001554   0x08001554   0x0000036c   Code   RO          359    .text.HAL_RCC_OscConfig  stm32f4xx_hal_rcc.o
    0x080018c0   0x080018c0   0x000000c4   Code   RO          236    .text.HAL_SPI_Init  stm32f4xx_hal_spi.o
    0x08001984   0x08001984   0x000000c0   Code   RO           93    .text.HAL_SPI_MspInit  spi.o
    0x08001a44   0x08001a44   0x00000144   Code   RO          248    .text.HAL_SPI_Receive  stm32f4xx_hal_spi.o
    0x08001b88   0x08001b88   0x000001e0   Code   RO          250    .text.HAL_SPI_TransmitReceive  stm32f4xx_hal_spi.o
    0x08001d68   0x08001d68   0x00000028   Code   RO          670    .text.HAL_SYSTICK_Config  stm32f4xx_hal_cortex.o
    0x08001d90   0x08001d90   0x00000002   Code   RO         1124    .text.HAL_TIMEx_BreakCallback  stm32f4xx_hal_tim_ex.o
    0x08001d92   0x08001d92   0x00000002   Code   RO         1120    .text.HAL_TIMEx_CommutCallback  stm32f4xx_hal_tim_ex.o
    0x08001d94   0x08001d94   0x00000070   Code   RO         1114    .text.HAL_TIMEx_MasterConfigSynchronization  stm32f4xx_hal_tim_ex.o
    0x08001e04   0x08001e04   0x00000058   Code   RO          802    .text.HAL_TIM_Base_Init  stm32f4xx_hal_tim.o
    0x08001e5c   0x08001e5c   0x0000005c   Code   RO          120    .text.HAL_TIM_Base_MspInit  tim.o
    0x08001eb8   0x08001eb8   0x00000064   Code   RO          816    .text.HAL_TIM_Base_Start_IT  stm32f4xx_hal_tim.o
    0x08001f1c   0x08001f1c   0x000000f8   Code   RO          990    .text.HAL_TIM_ConfigClockSource  stm32f4xx_hal_tim.o
    0x08002014   0x08002014   0x000000b0   Code   RO          916    .text.HAL_TIM_Encoder_Init  stm32f4xx_hal_tim.o
    0x080020c4   0x080020c4   0x000000d0   Code   RO          122    .text.HAL_TIM_Encoder_MspInit  tim.o
    0x08002194   0x08002194   0x0000009c   Code   RO          924    .text.HAL_TIM_Encoder_Start  stm32f4xx_hal_tim.o
    0x08002230   0x08002230   0x000000be   Code   RO          928    .text.HAL_TIM_Encoder_Start_IT  stm32f4xx_hal_tim.o
    0x080022ee   0x080022ee   0x00000002   Code   RO          938    .text.HAL_TIM_IC_CaptureCallback  stm32f4xx_hal_tim.o
    0x080022f0   0x080022f0   0x00000174   Code   RO          936    .text.HAL_TIM_IRQHandler  stm32f4xx_hal_tim.o
    0x08002464   0x08002464   0x00000054   Code   RO          112    .text.HAL_TIM_MspPostInit  tim.o
    0x080024b8   0x080024b8   0x00000002   Code   RO          940    .text.HAL_TIM_OC_DelayElapsedCallback  stm32f4xx_hal_tim.o
    0x080024ba   0x080024ba   0x00000002   PAD
    0x080024bc   0x080024bc   0x0000009a   Code   RO          964    .text.HAL_TIM_PWM_ConfigChannel  stm32f4xx_hal_tim.o
    0x08002556   0x08002556   0x00000058   Code   RO          856    .text.HAL_TIM_PWM_Init  stm32f4xx_hal_tim.o
    0x080025ae   0x080025ae   0x00000002   Code   RO          858    .text.HAL_TIM_PWM_MspInit  stm32f4xx_hal_tim.o
    0x080025b0   0x080025b0   0x00000002   Code   RO          942    .text.HAL_TIM_PWM_PulseFinishedCallback  stm32f4xx_hal_tim.o
    0x080025b2   0x080025b2   0x00000002   PAD
    0x080025b4   0x080025b4   0x000000b0   Code   RO          864    .text.HAL_TIM_PWM_Start  stm32f4xx_hal_tim.o
    0x08002664   0x08002664   0x00000004   PAD
    0x08002668   0x08002668   0x0000025c   Code   RO           21    .text.HAL_TIM_PeriodElapsedCallback  motor.o
    0x080028c4   0x080028c4   0x00000002   Code   RO          946    .text.HAL_TIM_TriggerCallback  stm32f4xx_hal_tim.o
    0x080028c6   0x080028c6   0x00000002   Code   RO         1231    .text.HAL_UARTEx_RxEventCallback  stm32f4xx_hal_uart.o
    0x080028c8   0x080028c8   0x00000002   Code   RO         1229    .text.HAL_UART_ErrorCallback  stm32f4xx_hal_uart.o
    0x080028ca   0x080028ca   0x00000002   PAD
    0x080028cc   0x080028cc   0x00000298   Code   RO         1223    .text.HAL_UART_IRQHandler  stm32f4xx_hal_uart.o
    0x08002b64   0x08002b64   0x0000005c   Code   RO         1141    .text.HAL_UART_Init  stm32f4xx_hal_uart.o
    0x08002bc0   0x08002bc0   0x000001e0   Code   RO          149    .text.HAL_UART_MspInit  usart.o
    0x08002da0   0x08002da0   0x0000002e   Code   RO         1165    .text.HAL_UART_Receive_IT  stm32f4xx_hal_uart.o
    0x08002dce   0x08002dce   0x00000002   PAD
    0x08002dd0   0x08002dd0   0x000000a4   Code   RO         1629    .text.HAL_UART_RxCpltCallback  uart_com.o
    0x08002e74   0x08002e74   0x00000088   Code   RO         1169    .text.HAL_UART_Transmit_DMA  stm32f4xx_hal_uart.o
    0x08002efc   0x08002efc   0x00000002   Code   RO         1233    .text.HAL_UART_TxCpltCallback  stm32f4xx_hal_uart.o
    0x08002efe   0x08002efe   0x00000002   Code   RO         1235    .text.HAL_UART_TxHalfCpltCallback  stm32f4xx_hal_uart.o
    0x08002f00   0x08002f00   0x00000002   Code   RO          175    .text.HardFault_Handler  stm32f4xx_it.o
    0x08002f02   0x08002f02   0x00000002   PAD
    0x08002f04   0x08002f04   0x000005f8   Code   RO         1727    .text.IMUSO3Thread  quad_math.o
    0x080034fc   0x080034fc   0x00000078   Code   RO         1719    .text.IMU_Calibrate  quad_math.o
    0x08003574   0x08003574   0x00000070   Code   RO         1717    .text.IMU_Init      quad_math.o
    0x080035e4   0x080035e4   0x00000064   Code   RO         1655    .text.LPF2pApply_1  filter.o
    0x08003648   0x08003648   0x00000064   Code   RO         1659    .text.LPF2pApply_2  filter.o
    0x080036ac   0x080036ac   0x00000064   Code   RO         1663    .text.LPF2pApply_3  filter.o
    0x08003710   0x08003710   0x00000064   Code   RO         1667    .text.LPF2pApply_4  filter.o
    0x08003774   0x08003774   0x00000064   Code   RO         1671    .text.LPF2pApply_5  filter.o
    0x080037d8   0x080037d8   0x00000064   Code   RO         1675    .text.LPF2pApply_6  filter.o
    0x0800383c   0x0800383c   0x00000088   Code   RO         1653    .text.LPF2pSetCutoffFreq_1  filter.o
    0x080038c4   0x080038c4   0x0000008c   Code   RO         1657    .text.LPF2pSetCutoffFreq_2  filter.o
    0x08003950   0x08003950   0x0000008c   Code   RO         1661    .text.LPF2pSetCutoffFreq_3  filter.o
    0x080039dc   0x080039dc   0x0000008c   Code   RO         1665    .text.LPF2pSetCutoffFreq_4  filter.o
    0x08003a68   0x08003a68   0x0000008c   Code   RO         1669    .text.LPF2pSetCutoffFreq_5  filter.o
    0x08003af4   0x08003af4   0x0000008c   Code   RO         1673    .text.LPF2pSetCutoffFreq_6  filter.o
    0x08003b80   0x08003b80   0x0000005c   Code   RO         1343    .text.MPU_DataProduce  control.o
    0x08003bdc   0x08003bdc   0x00000020   Code   RO         1345    .text.MPU_UpdateData  control.o
    0x08003bfc   0x08003bfc   0x0000005c   Code   RO           76    .text.MX_DMA_Init   dma.o
    0x08003c58   0x08003c58   0x00000118   Code   RO           63    .text.MX_GPIO_Init  gpio.o
    0x08003d70   0x08003d70   0x00000044   Code   RO           89    .text.MX_SPI1_Init  spi.o
    0x08003db4   0x08003db4   0x00000044   Code   RO           91    .text.MX_SPI2_Init  spi.o
    0x08003df8   0x08003df8   0x000000a4   Code   RO          110    .text.MX_TIM2_Init  tim.o
    0x08003e9c   0x08003e9c   0x0000005c   Code   RO          114    .text.MX_TIM3_Init  tim.o
    0x08003ef8   0x08003ef8   0x0000005c   Code   RO          116    .text.MX_TIM4_Init  tim.o
    0x08003f54   0x08003f54   0x00000064   Code   RO          118    .text.MX_TIM5_Init  tim.o
    0x08003fb8   0x08003fb8   0x0000003c   Code   RO          143    .text.MX_USART1_UART_Init  usart.o
    0x08003ff4   0x08003ff4   0x0000003c   Code   RO          145    .text.MX_USART2_UART_Init  usart.o
    0x08004030   0x08004030   0x0000003c   Code   RO          147    .text.MX_USART6_UART_Init  usart.o
    0x0800406c   0x0800406c   0x00000002   Code   RO          177    .text.MemManage_Handler  stm32f4xx_it.o
    0x0800406e   0x0800406e   0x00000002   PAD
    0x08004070   0x08004070   0x000000a4   Code   RO           11    .text.Motor_Init    motor.o
    0x08004114   0x08004114   0x000000f8   Code   RO           13    .text.Motor_PWM_Set  motor.o
    0x0800420c   0x0800420c   0x0000002c   Code   RO           15    .text.Motor_Velocity_Set  motor.o
    0x08004238   0x08004238   0x00000002   Code   RO          173    .text.NMI_Handler   stm32f4xx_it.o
    0x0800423a   0x0800423a   0x00000002   PAD
    0x0800423c   0x0800423c   0x00000078   Code   RO         1290    .text.PID_Control_Dir  pid.o
    0x080042b4   0x080042b4   0x0000000e   Code   RO         1288    .text.PID_Init      pid.o
    0x080042c2   0x080042c2   0x00000002   Code   RO          187    .text.PendSV_Handler  stm32f4xx_it.o
    0x080042c4   0x080042c4   0x00000144   Code   RO         1721    .text.ReadIMUSensorHandle  quad_math.o
    0x08004408   0x08004408   0x00000052   Code   RO          252    .text.SPI_EndRxTransaction  stm32f4xx_hal_spi.o
    0x0800445a   0x0800445a   0x00000002   PAD
    0x0800445c   0x0800445c   0x0000005c   Code   RO          246    .text.SPI_EndRxTxTransaction  stm32f4xx_hal_spi.o
    0x080044b8   0x080044b8   0x000000b0   Code   RO          344    .text.SPI_WaitFlagStateUntilTimeout  stm32f4xx_hal_spi.o
    0x08004568   0x08004568   0x00000002   Code   RO          183    .text.SVC_Handler   stm32f4xx_it.o
    0x0800456a   0x0800456a   0x00000010   Code   RO          189    .text.SysTick_Handler  stm32f4xx_it.o
    0x0800457a   0x0800457a   0x00000002   PAD
    0x0800457c   0x0800457c   0x000000a4   Code   RO           38    .text.SystemClock_Config  main.o
    0x08004620   0x08004620   0x00000010   Code   RO         1270    .text.SystemInit    system_stm32f4xx.o
    0x08004630   0x08004630   0x0000000c   Code   RO          197    .text.TIM3_IRQHandler  stm32f4xx_it.o
    0x0800463c   0x0800463c   0x0000000c   Code   RO          199    .text.TIM4_IRQHandler  stm32f4xx_it.o
    0x08004648   0x08004648   0x0000000c   Code   RO          205    .text.TIM5_IRQHandler  stm32f4xx_it.o
    0x08004654   0x08004654   0x00000080   Code   RO          806    .text.TIM_Base_SetConfig  stm32f4xx_hal_tim.o
    0x080046d4   0x080046d4   0x0000001e   Code   RO          840    .text.TIM_CCxChannelCmd  stm32f4xx_hal_tim.o
    0x080046f2   0x080046f2   0x00000002   PAD
    0x080046f4   0x080046f4   0x00000058   Code   RO          950    .text.TIM_OC1_SetConfig  stm32f4xx_hal_tim.o
    0x0800474c   0x0800474c   0x00000060   Code   RO          952    .text.TIM_OC2_SetConfig  stm32f4xx_hal_tim.o
    0x080047ac   0x080047ac   0x00000060   Code   RO          954    .text.TIM_OC3_SetConfig  stm32f4xx_hal_tim.o
    0x0800480c   0x0800480c   0x0000004c   Code   RO          956    .text.TIM_OC4_SetConfig  stm32f4xx_hal_tim.o
    0x08004858   0x08004858   0x00000022   Code   RO          992    .text.TIM_TI1_ConfigInputStage  stm32f4xx_hal_tim.o
    0x0800487a   0x0800487a   0x00000022   Code   RO          994    .text.TIM_TI2_ConfigInputStage  stm32f4xx_hal_tim.o
    0x0800489c   0x0800489c   0x00000002   Code   RO         1311    .text.TP_ErrorHandler  easytask.o
    0x0800489e   0x0800489e   0x00000002   PAD
    0x080048a0   0x080048a0   0x00000058   Code   RO         1319    .text.TP_TaskHandler  easytask.o
    0x080048f8   0x080048f8   0x0000004c   Code   RO         1317    .text.TP_TaskInit   easytask.o
    0x08004944   0x08004944   0x00000010   Code   RO         1315    .text.TP_TickUpdate  easytask.o
    0x08004954   0x08004954   0x00000034   Code   RO         1635    .text.UARTCOM_Get2Data  uart_com.o
    0x08004988   0x08004988   0x0000000c   Code   RO         1227    .text.UART_DMAAbortOnError  stm32f4xx_hal_uart.o
    0x08004994   0x08004994   0x00000052   Code   RO         1175    .text.UART_DMAError  stm32f4xx_hal_uart.o
    0x080049e6   0x080049e6   0x0000003e   Code   RO         1171    .text.UART_DMATransmitCplt  stm32f4xx_hal_uart.o
    0x08004a24   0x08004a24   0x00000006   Code   RO         1173    .text.UART_DMATxHalfCplt  stm32f4xx_hal_uart.o
    0x08004a2a   0x08004a2a   0x0000004e   Code   RO         1189    .text.UART_EndRxTransfer  stm32f4xx_hal_uart.o
    0x08004a78   0x08004a78   0x0000001c   Code   RO         1187    .text.UART_EndTxTransfer  stm32f4xx_hal_uart.o
    0x08004a94   0x08004a94   0x000000ba   Code   RO         1225    .text.UART_Receive_IT  stm32f4xx_hal_uart.o
    0x08004b4e   0x08004b4e   0x00000002   PAD
    0x08004b50   0x08004b50   0x000000cc   Code   RO         1145    .text.UART_SetConfig  stm32f4xx_hal_uart.o
    0x08004c1c   0x08004c1c   0x00000032   Code   RO         1167    .text.UART_Start_Receive_IT  stm32f4xx_hal_uart.o
    0x08004c4e   0x08004c4e   0x00000002   PAD
    0x08004c50   0x08004c50   0x00000008   Code   RO          201    .text.USART1_IRQHandler  stm32f4xx_it.o
    0x08004c58   0x08004c58   0x00000008   Code   RO          211    .text.USART6_IRQHandler  stm32f4xx_it.o
    0x08004c60   0x08004c60   0x00000002   Code   RO          181    .text.UsageFault_Handler  stm32f4xx_it.o
    0x08004c62   0x08004c62   0x00000006   PAD
    0x08004c68   0x08004c68   0x000000b4   Code   RO           44    .text.dataUpdateHandler  main.o
    0x08004d1c   0x08004d1c   0x00000014   Code   RO          153    .text.fputc         usart.o
    0x08004d30   0x08004d30   0x0000001c   Code   RO           42    .text.getMPUDataTaskHandler  main.o
    0x08004d4c   0x08004d4c   0x00000060   Code   RO         1725    .text.invSqrt       quad_math.o
    0x08004dac   0x08004dac   0x000000a4   Code   RO           36    .text.main          main.o
    0x08004e50   0x08004e50   0x00000040   Code   RO           40    .text.mainTaskHandler  main.o
    0x08004e90   0x08004e90   0x00000034   Code   RO         1696    .text.mpu9250_init  mpu9250.o
    0x08004ec4   0x08004ec4   0x0000005c   Code   RO         1694    .text.mpu_read_Raw  mpu9250.o
    0x08004f20   0x08004f20   0x0000004c   Code   RO         1692    .text.mpu_read_regs  mpu9250.o
    0x08004f6c   0x08004f6c   0x00000068   Code   RO         1690    .text.mpu_spi_write_reg  mpu9250.o
    0x08004fd4   0x08004fd4   0x00000030   Code   RO         2015    i.__ARM_fpclassify  m_wm.l(fpclassify.o)
    0x08005004   0x08005004   0x00000026   Code   RO         2017    i.__ARM_fpclassifyf  m_wm.l(fpclassifyf.o)
    0x0800502a   0x0800502a   0x00000002   PAD
    0x0800502c   0x0800502c   0x0000012c   Code   RO         1865    i.__hardfp_asinf    m_wm.l(asinf.o)
    0x08005158   0x08005158   0x000002d8   Code   RO         1987    i.__hardfp_atan     m_wm.l(atan.o)
    0x08005430   0x08005430   0x000001f0   Code   RO         1877    i.__hardfp_atan2    m_wm.l(atan2.o)
    0x08005620   0x08005620   0x00000250   Code   RO         1889    i.__hardfp_atan2f   m_wm.l(atan2f.o)
    0x08005870   0x08005870   0x00000150   Code   RO         1901    i.__hardfp_cosf     m_wm.l(cosf.o)
    0x080059c0   0x080059c0   0x00000014   Code   RO         1913    i.__hardfp_fabs     m_wm.l(fabs.o)
    0x080059d4   0x080059d4   0x00000190   Code   RO         1925    i.__hardfp_sinf     m_wm.l(sinf.o)
    0x08005b64   0x08005b64   0x0000017c   Code   RO         1937    i.__hardfp_tanf     m_wm.l(tanf.o)
    0x08005ce0   0x08005ce0   0x000000f8   Code   RO         2033    i.__kernel_poly     m_wm.l(poly.o)
    0x08005dd8   0x08005dd8   0x00000014   Code   RO         2002    i.__mathlib_dbl_infnan  m_wm.l(dunder.o)
    0x08005dec   0x08005dec   0x00000014   Code   RO         2003    i.__mathlib_dbl_infnan2  m_wm.l(dunder.o)
    0x08005e00   0x08005e00   0x00000020   Code   RO         2007    i.__mathlib_dbl_underflow  m_wm.l(dunder.o)
    0x08005e20   0x08005e20   0x00000006   Code   RO         2020    i.__mathlib_flt_infnan  m_wm.l(funder.o)
    0x08005e26   0x08005e26   0x00000006   Code   RO         2021    i.__mathlib_flt_infnan2  m_wm.l(funder.o)
    0x08005e2c   0x08005e2c   0x00000010   Code   RO         2022    i.__mathlib_flt_invalid  m_wm.l(funder.o)
    0x08005e3c   0x08005e3c   0x00000010   Code   RO         2025    i.__mathlib_flt_underflow  m_wm.l(funder.o)
    0x08005e4c   0x08005e4c   0x00000154   Code   RO         2036    i.__mathlib_rredf2  m_wm.l(rredf.o)
    0x08005fa0   0x08005fa0   0x00000010   Code   RO         1989    i.atan              m_wm.l(atan.o)
    0x08005fb0   0x08005fb0   0x00000018   Code   RO         1915    i.fabs              m_wm.l(fabs.o)
    0x08005fc8   0x08005fc8   0x0000003e   Code   RO         2053    i.sqrtf             m_wm.l(sqrtf.o)
    0x08006006   0x08006006   0x00000002   PAD
    0x08006008   0x08006008   0x0000002c   Code   RO         2109    locale$$code        c_w.l(lc_ctype_c.o)
    0x08006034   0x08006034   0x00000018   Code   RO         1970    x$fpl$basic         fz_wm.l(basic.o)
    0x0800604c   0x0800604c   0x00000062   Code   RO         1823    x$fpl$d2f           fz_wm.l(d2f.o)
    0x080060ae   0x080060ae   0x00000002   PAD
    0x080060b0   0x080060b0   0x00000150   Code   RO         1825    x$fpl$dadd          fz_wm.l(daddsub_clz.o)
    0x08006200   0x08006200   0x00000018   Code   RO         2093    x$fpl$dcmpinf       fz_wm.l(dcmpi.o)
    0x08006218   0x08006218   0x000002b0   Code   RO         1834    x$fpl$ddiv          fz_wm.l(ddiv.o)
    0x080064c8   0x080064c8   0x00000078   Code   RO         1972    x$fpl$deqf          fz_wm.l(deqf.o)
    0x08006540   0x08006540   0x0000005e   Code   RO         1837    x$fpl$dfix          fz_wm.l(dfix.o)
    0x0800659e   0x0800659e   0x0000002e   Code   RO         1842    x$fpl$dflt          fz_wm.l(dflt_clz.o)
    0x080065cc   0x080065cc   0x00000078   Code   RO         1974    x$fpl$dgeqf         fz_wm.l(dgeqf.o)
    0x08006644   0x08006644   0x00000078   Code   RO         1976    x$fpl$dleqf         fz_wm.l(dleqf.o)
    0x080066bc   0x080066bc   0x00000154   Code   RO         1847    x$fpl$dmul          fz_wm.l(dmul.o)
    0x08006810   0x08006810   0x0000009c   Code   RO         1978    x$fpl$dnaninf       fz_wm.l(dnaninf.o)
    0x080068ac   0x080068ac   0x0000000c   Code   RO         1980    x$fpl$dretinf       fz_wm.l(dretinf.o)
    0x080068b8   0x080068b8   0x00000016   Code   RO         1826    x$fpl$drsb          fz_wm.l(daddsub_clz.o)
    0x080068ce   0x080068ce   0x00000002   PAD
    0x080068d0   0x080068d0   0x000001d4   Code   RO         1827    x$fpl$dsub          fz_wm.l(daddsub_clz.o)
    0x08006aa4   0x08006aa4   0x00000056   Code   RO         1849    x$fpl$f2d           fz_wm.l(f2d.o)
    0x08006afa   0x08006afa   0x00000054   Code   RO         1831    x$fpl$fcmp          fz_wm.l(dcmp.o)
    0x08006b4e   0x08006b4e   0x0000008c   Code   RO         1982    x$fpl$fnaninf       fz_wm.l(fnaninf.o)
    0x08006bda   0x08006bda   0x0000000a   Code   RO         2195    x$fpl$fpinit        fz_wm.l(fpinit.o)
    0x08006be4   0x08006be4   0x0000000a   Code   RO         1984    x$fpl$fretinf       fz_wm.l(fretinf.o)
    0x08006bee   0x08006bee   0x00000000   Code   RO         1986    x$fpl$usenofp       fz_wm.l(usenofp.o)
    0x08006bee   0x08006bee   0x00000002   PAD
    0x08006bf0   0x08006bf0   0x00000098   Data   RO         1990    .constdata          m_wm.l(atan.o)
    0x08006c88   0x08006c88   0x00000008   Data   RO         2035    .constdata          m_wm.l(qnan.o)
    0x08006c90   0x08006c90   0x00000020   Data   RO         2037    .constdata          m_wm.l(rredf.o)
    0x08006cb0   0x08006cb0   0x00000010   Data   RO         1275    .rodata.AHBPrescTable  system_stm32f4xx.o
    0x08006cc0   0x08006cc0   0x00000008   Data   RO         1276    .rodata.APBPrescTable  system_stm32f4xx.o
    0x08006cc8   0x08006cc8   0x00000010   Data   RO         1700    .rodata.cst16       mpu9250.o
    0x08006cd8   0x08006cd8   0x00000020   Data   RO         2255    Region$$Table       anon$$obj.o
    0x08006cf8   0x08006cf8   0x00000110   Data   RO         2108    locale$$data        c_w.l(lc_ctype_c.o)


    Execution Region RW_IRAM1 (Exec base: 0x20000000, Load base: 0x08006e10, Size: 0x00001438, Max: 0x00010000, ABSOLUTE)

    Exec Addr    Load Addr    Size         Type   Attr      Idx    E Section Name        Object

    0x20000000   0x08006e10   0x0000000c   Data   RW          761    .data..L_MergedGlobals  stm32f4xx_hal.o
    0x2000000c   0x08006e1c   0x0000000c   Data   RW         1734    .data..L_MergedGlobals  quad_math.o
    0x20000018   0x08006e28   0x00000004   Data   RW         1274    .data.SystemCoreClock  system_stm32f4xx.o
    0x2000001c   0x08006e2c   0x00000004   PAD
    0x20000020        -       0x00000060   Zero   RW         2064    .bss                c_w.l(libspace.o)
    0x20000080        -       0x00000070   Zero   RW           23    .bss..L_MergedGlobals  motor.o
    0x200000f0        -       0x00000058   Zero   RW           51    .bss..L_MergedGlobals  main.o
    0x20000148   0x08006e2c   0x00000008   PAD
    0x20000150        -       0x00000060   Zero   RW          159    .bss..L_MergedGlobals  usart.o
    0x200001b0        -       0x00000010   Zero   RW         1329    .bss..L_MergedGlobals  easytask.o
    0x200001c0        -       0x00000008   Zero   RW         1363    .bss..L_MergedGlobals  control.o
    0x200001c8   0x08006e2c   0x00000008   PAD
    0x200001d0        -       0x0000007c   Zero   RW         1677    .bss..L_MergedGlobals  filter.o
    0x2000024c   0x08006e2c   0x00000004   PAD
    0x20000250        -       0x00000022   Zero   RW         1704    .bss..L_MergedGlobals  mpu9250.o
    0x20000272   0x08006e2c   0x0000000e   PAD
    0x20000280        -       0x00000030   Zero   RW           24    .bss..L_MergedGlobals.1  motor.o
    0x200002b0        -       0x00000060   Zero   RW          160    .bss..L_MergedGlobals.1  usart.o
    0x20000310        -       0x00000044   Zero   RW         1678    .bss..L_MergedGlobals.1  filter.o
    0x20000354        -       0x00000002   Zero   RW         1705    .bss..L_MergedGlobals.1  mpu9250.o
    0x20000356   0x08006e2c   0x0000000a   PAD
    0x20000360        -       0x0000007c   Zero   RW         1735    .bss..L_MergedGlobals.1  quad_math.o
    0x200003dc   0x08006e2c   0x00000004   PAD
    0x200003e0        -       0x00000060   Zero   RW          161    .bss..L_MergedGlobals.2  usart.o
    0x20000440        -       0x00000004   Zero   RW         1360    .bss.Car_RunDistance.cnt  control.o
    0x20000444        -       0x00000001   Zero   RW         1361    .bss.Car_TurnAngle.sampleFlag  control.o
    0x20000445   0x08006e2c   0x00000003   PAD
    0x20000448        -       0x00000004   Zero   RW          158    .bss.__stdout       usart.o
    0x2000044c        -       0x00000024   Zero   RW         1298    .bss.anglePID_Left  pid.o
    0x20000470        -       0x00000024   Zero   RW         1299    .bss.anglePID_Right  pid.o
    0x20000494        -       0x00000058   Zero   RW           97    .bss.hspi1          spi.o
    0x200004ec        -       0x00000058   Zero   RW           98    .bss.hspi2          spi.o
    0x20000544        -       0x00000048   Zero   RW          128    .bss.htim2          tim.o
    0x2000058c        -       0x00000048   Zero   RW          129    .bss.htim3          tim.o
    0x200005d4        -       0x00000048   Zero   RW          130    .bss.htim4          tim.o
    0x2000061c        -       0x00000048   Zero   RW          131    .bss.htim5          tim.o
    0x20000664        -       0x00000044   Zero   RW          155    .bss.huart1         usart.o
    0x200006a8        -       0x00000044   Zero   RW          156    .bss.huart2         usart.o
    0x200006ec        -       0x00000044   Zero   RW          157    .bss.huart6         usart.o
    0x20000730        -       0x000000d0   Zero   RW         1729    .bss.imu            quad_math.o
    0x20000800        -       0x00000024   Zero   RW         1296    .bss.linePID        pid.o
    0x20000824        -       0x00000020   Zero   RW         1359    .bss.mpuData        control.o
    0x20000844        -       0x0000016c   Zero   RW         1362    .bss.myCar          control.o
    0x200009b0        -       0x00000024   Zero   RW         1294    .bss.speedPID_Left  pid.o
    0x200009d4        -       0x00000024   Zero   RW         1295    .bss.speedPID_Right  pid.o
    0x200009f8        -       0x00000024   Zero   RW         1297    .bss.turnPID        pid.o
    0x20000a1c        -       0x00000418   Zero   RW         1641    .bss.uart6_com      uart_com.o
    0x20000e34   0x08006e2c   0x00000004   PAD
    0x20000e38        -       0x00000200   Zero   RW            2    HEAP                startup_stm32f401xc.o
    0x20001038        -       0x00000400   Zero   RW            1    STACK               startup_stm32f401xc.o


==============================================================================

Image component sizes


      Code (inc. data)   RO Data    RW Data    ZI Data      Debug   Object Name

      1092        116          0          0        409       5135   control.o
        92          0          0          0          0       2976   dma.o
       182          4          0          0         16       2833   easytask.o
      1436         68          0          0        192       7836   filter.o
       280         20          0          0          0       3839   gpio.o
       660        100          0          0         88       4799   main.o
      1060         88          0          0        160       7386   motor.o
       324         20         16          0         36       3228   mpu9250.o
       134          8          0          0        216       1768   pid.o
      2180         88          0         12        332       8535   quad_math.o
       328         32          0          0        176       5790   spi.o
        64         26        404          0       1536        804   startup_stm32f401xc.o
       164          8          0         12          0       7611   stm32f4xx_hal.o
       188         24          0          0          0       9976   stm32f4xx_hal_cortex.o
      1050         20          0          0          0       8615   stm32f4xx_hal_dma.o
       446         32          0          0          0       5516   stm32f4xx_hal_gpio.o
        56          4          0          0          0       1629   stm32f4xx_hal_msp.o
      1324         48          0          0          0       7915   stm32f4xx_hal_rcc.o
      1350          8          0          0          0      21237   stm32f4xx_hal_spi.o
      2340         64          0          0          0      42329   stm32f4xx_hal_tim.o
       116          0          0          0          0      18144   stm32f4xx_hal_tim_ex.o
      1654         20          0          0          0      23570   stm32f4xx_hal_uart.o
       154         24          0          0          0       2643   stm32f4xx_it.o
        16          4         24          4          0       2799   system_stm32f4xx.o
       832         36          0          0        288      10263   tim.o
       216          8          0          0       1048       5584   uart_com.o
       680         64          0          0        496       8187   usart.o

    ----------------------------------------------------------------------
     18466        942        476         28       5052     230947   Object Totals
         0          0         32          0          0          0   (incl. Generated)
        48          8          0          0         59          0   (incl. Padding)

    ----------------------------------------------------------------------

      Code (inc. data)   RO Data    RW Data    ZI Data      Debug   Library Member Name

         8          0          0          0          0         68   __main.o
         0          0          0          0          0          0   __rtentry.o
        12          0          0          0          0          0   __rtentry2.o
         6          0          0          0          0          0   __rtentry4.o
        52          8          0          0          0          0   __scatter.o
        26          0          0          0          0          0   __scatter_copy.o
        28          0          0          0          0          0   __scatter_zi.o
        28          0          0          0          0         68   _chval.o
        22          0          0          0          0        100   _rserrno.o
       158          0          0          0          0         92   _strtoul.o
        26          0          0          0          0         80   atoi.o
        18          0          0          0          0         80   exit.o
         6          0          0          0          0        152   heapauxi.o
         0          0          0          0          0          0   indicate_semi.o
        44         10        272          0          0         76   lc_ctype_c.o
         2          0          0          0          0          0   libinit.o
        24          0          0          0          0          0   libinit2.o
         2          0          0          0          0          0   libshutdown.o
         2          0          0          0          0          0   libshutdown2.o
         8          4          0          0         96         68   libspace.o
       238          0          0          0          0        100   lludivv7m.o
        44          4          0          0          0         84   puts.o
        16          4          0          0          0         76   rt_ctype_table.o
         8          4          0          0          0         68   rt_errno_addr_intlibspace.o
         8          4          0          0          0         68   rt_locale_intlibspace.o
        68          0          0          0          0         68   rt_memclr.o
        78          0          0          0          0         80   rt_memclr_w.o
       138          0          0          0          0         68   rt_memcpy_v6.o
       100          0          0          0          0         80   rt_memcpy_w.o
         2          0          0          0          0          0   rtexit.o
        10          0          0          0          0          0   rtexit2.o
        20          0          0          0          0         68   strchr.o
       124          0          0          0          0         88   strcmpv7em.o
        72          0          0          0          0         80   strcpy.o
       112          0          0          0          0         88   strtol.o
        12          4          0          0          0         68   sys_exit.o
        74          0          0          0          0         80   sys_stackheap_outer.o
         2          0          0          0          0         68   use_no_semi.o
        24          0          0          0          0        164   basic.o
        98          4          0          0          0        140   d2f.o
       826         16          0          0          0        500   daddsub_clz.o
        84          0          0          0          0        244   dcmp.o
        24          0          0          0          0        116   dcmpi.o
       688        140          0          0          0        264   ddiv.o
       120          4          0          0          0        140   deqf.o
        94          4          0          0          0        140   dfix.o
        46          0          0          0          0        116   dflt_clz.o
       120          4          0          0          0        140   dgeqf.o
       120          4          0          0          0        140   dleqf.o
       340         12          0          0          0        152   dmul.o
       156          4          0          0          0        140   dnaninf.o
        12          0          0          0          0        116   dretinf.o
        86          4          0          0          0        132   f2d.o
       140          4          0          0          0        132   fnaninf.o
        10          0          0          0          0        116   fpinit.o
        10          0          0          0          0        116   fretinf.o
         0          0          0          0          0          0   usenofp.o
       300         42          0          0          0        176   asinf.o
       744        106        152          0          0        352   atan.o
       496         64          0          0          0        192   atan2.o
       592         90          0          0          0        184   atan2f.o
       336         56          0          0          0        136   cosf.o
        72          8          0          0          0        372   dunder.o
        44          0          0          0          0        248   fabs.o
        48          0          0          0          0        124   fpclassify.o
        38          0          0          0          0        116   fpclassifyf.o
        44         12          0          0          0        464   funder.o
       248          0          0          0          0        152   poly.o
         0          0          8          0          0          0   qnan.o
       340         24         32          0          0        160   rredf.o
       400         56          0          0          0        212   sinf.o
        62          0          0          0          0        136   sqrtf.o
       380         58          0          0          0        200   tanf.o

    ----------------------------------------------------------------------
      8762        758        464          0         96       8248   Library Totals
        22          0          0          0          0          0   (incl. Padding)

    ----------------------------------------------------------------------

      Code (inc. data)   RO Data    RW Data    ZI Data      Debug   Library Name

      1598         42        272          0         96       2016   c_w.l
      2998        200          0          0          0       3008   fz_wm.l
      4144        516        192          0          0       3224   m_wm.l

    ----------------------------------------------------------------------
      8762        758        464          0         96       8248   Library Totals

    ----------------------------------------------------------------------

==============================================================================


      Code (inc. data)   RO Data    RW Data    ZI Data      Debug   

     27228       1700        940         28       5148     233703   Grand Totals
     27228       1700        940         28       5148     233703   ELF Image Totals
     27228       1700        940         28          0          0   ROM Totals

==============================================================================

    Total RO  Size (Code + RO Data)                28168 (  27.51kB)
    Total RW  Size (RW Data + ZI Data)              5176 (   5.05kB)
    Total ROM Size (Code + RO Data + RW Data)      28196 (  27.54kB)

==============================================================================

