Component: ARM Compiler 5.06 update 5 (build 528) Tool: armlink [4d35e2]

==============================================================================

Section Cross References

    startup_stm32h743xx.o(STACK) refers (Special) to heapauxi.o(.text) for __use_two_region_memory
    startup_stm32h743xx.o(HEAP) refers (Special) to heapauxi.o(.text) for __use_two_region_memory
    startup_stm32h743xx.o(RESET) refers (Special) to heapauxi.o(.text) for __use_two_region_memory
    startup_stm32h743xx.o(RESET) refers to startup_stm32h743xx.o(STACK) for __initial_sp
    startup_stm32h743xx.o(RESET) refers to startup_stm32h743xx.o(.text) for Reset_Handler
    startup_stm32h743xx.o(RESET) refers to stm32h7xx_it.o(i.NMI_Handler) for NMI_Handler
    startup_stm32h743xx.o(RESET) refers to stm32h7xx_it.o(i.HardFault_Handler) for HardFault_Handler
    startup_stm32h743xx.o(RESET) refers to stm32h7xx_it.o(i.MemManage_Handler) for MemManage_Handler
    startup_stm32h743xx.o(RESET) refers to stm32h7xx_it.o(i.BusFault_Handler) for BusFault_Handler
    startup_stm32h743xx.o(RESET) refers to stm32h7xx_it.o(i.UsageFault_Handler) for UsageFault_Handler
    startup_stm32h743xx.o(RESET) refers to port.o(.emb_text) for SVC_Handler
    startup_stm32h743xx.o(RESET) refers to stm32h7xx_it.o(i.DebugMon_Handler) for DebugMon_Handler
    startup_stm32h743xx.o(RESET) refers to cmsis_os2.o(i.SysTick_Handler) for SysTick_Handler
    startup_stm32h743xx.o(RESET) refers to stm32h7xx_it.o(i.TIM1_UP_IRQHandler) for TIM1_UP_IRQHandler
    startup_stm32h743xx.o(RESET) refers to stm32h7xx_it.o(i.USART1_IRQHandler) for USART1_IRQHandler
    startup_stm32h743xx.o(.text) refers (Special) to heapauxi.o(.text) for __use_two_region_memory
    startup_stm32h743xx.o(.text) refers to system_stm32h7xx.o(i.SystemInit) for SystemInit
    startup_stm32h743xx.o(.text) refers to __main.o(!!!main) for __main
    startup_stm32h743xx.o(.text) refers to startup_stm32h743xx.o(HEAP) for Heap_Mem
    startup_stm32h743xx.o(.text) refers to startup_stm32h743xx.o(STACK) for Stack_Mem
    emm_v5.o(i.Emm_V5_En_Control) refers to usart.o(i.usart_SendCmd) for usart_SendCmd
    emm_v5.o(i.Emm_V5_Modify_Ctrl_Mode) refers to usart.o(i.usart_SendCmd) for usart_SendCmd
    emm_v5.o(i.Emm_V5_Origin_Interrupt) refers to usart.o(i.usart_SendCmd) for usart_SendCmd
    emm_v5.o(i.Emm_V5_Origin_Modify_Params) refers to rt_memclr_w.o(.text) for __aeabi_memclr4
    emm_v5.o(i.Emm_V5_Origin_Modify_Params) refers to usart.o(i.usart_SendCmd) for usart_SendCmd
    emm_v5.o(i.Emm_V5_Origin_Set_O) refers to usart.o(i.usart_SendCmd) for usart_SendCmd
    emm_v5.o(i.Emm_V5_Origin_Trigger_Return) refers to usart.o(i.usart_SendCmd) for usart_SendCmd
    emm_v5.o(i.Emm_V5_Pos_Control) refers to usart.o(i.usart_SendCmd) for usart_SendCmd
    emm_v5.o(i.Emm_V5_Read_Sys_Params) refers to usart.o(i.usart_SendCmd) for usart_SendCmd
    emm_v5.o(i.Emm_V5_Reset_Clog_Pro) refers to usart.o(i.usart_SendCmd) for usart_SendCmd
    emm_v5.o(i.Emm_V5_Reset_CurPos_To_Zero) refers to usart.o(i.usart_SendCmd) for usart_SendCmd
    emm_v5.o(i.Emm_V5_Stop_Now) refers to usart.o(i.usart_SendCmd) for usart_SendCmd
    emm_v5.o(i.Emm_V5_Synchronous_motion) refers to usart.o(i.usart_SendCmd) for usart_SendCmd
    emm_v5.o(i.Emm_V5_Vel_Control) refers to usart.o(i.usart_SendCmd) for usart_SendCmd
    delay.o(i.delay_ms) refers to system_stm32h7xx.o(.data) for SystemCoreClock
    fifo.o(i.fifo_deQueue) refers to fifo.o(.bss) for .bss
    fifo.o(i.fifo_enQueue) refers to fifo.o(.bss) for .bss
    fifo.o(i.fifo_isEmpty) refers to fifo.o(.bss) for .bss
    fifo.o(i.fifo_queueLength) refers to fifo.o(.bss) for .bss
    fifo.o(i.initQueue) refers to fifo.o(.bss) for .bss
    main.o(i.HAL_TIM_PeriodElapsedCallback) refers to stm32h7xx_hal.o(i.HAL_IncTick) for HAL_IncTick
    main.o(i.SystemClock_Config) refers to rt_memclr_w.o(.text) for __aeabi_memclr4
    main.o(i.SystemClock_Config) refers to stm32h7xx_hal_pwr_ex.o(i.HAL_PWREx_ConfigSupply) for HAL_PWREx_ConfigSupply
    main.o(i.SystemClock_Config) refers to stm32h7xx_hal_rcc.o(i.HAL_RCC_OscConfig) for HAL_RCC_OscConfig
    main.o(i.SystemClock_Config) refers to stm32h7xx_hal_rcc.o(i.HAL_RCC_ClockConfig) for HAL_RCC_ClockConfig
    main.o(i.main) refers to stm32h7xx_hal_cortex.o(i.HAL_MPU_Disable) for HAL_MPU_Disable
    main.o(i.main) refers to stm32h7xx_hal_cortex.o(i.HAL_MPU_ConfigRegion) for HAL_MPU_ConfigRegion
    main.o(i.main) refers to stm32h7xx_hal_cortex.o(i.HAL_MPU_Enable) for HAL_MPU_Enable
    main.o(i.main) refers to stm32h7xx_hal.o(i.HAL_Init) for HAL_Init
    main.o(i.main) refers to main.o(i.SystemClock_Config) for SystemClock_Config
    main.o(i.main) refers to gpio.o(i.MX_GPIO_Init) for MX_GPIO_Init
    main.o(i.main) refers to usart.o(i.MX_USART1_UART_Init) for MX_USART1_UART_Init
    main.o(i.main) refers to cmsis_os2.o(i.osKernelInitialize) for osKernelInitialize
    main.o(i.main) refers to freertos.o(i.MX_FREERTOS_Init) for MX_FREERTOS_Init
[...]
    i.prvSampleTimeNow                       0x08004714   Section        0  timers.o(i.prvSampleTimeNow)
    prvSampleTimeNow                         0x08004715   Thumb Code    38  timers.o(i.prvSampleTimeNow)
    i.prvSwitchTimerLists                    0x08004740   Section        0  timers.o(i.prvSwitchTimerLists)
    prvSwitchTimerLists                      0x08004741   Thumb Code   116  timers.o(i.prvSwitchTimerLists)
    i.prvTaskExitError                       0x080047b8   Section        0  port.o(i.prvTaskExitError)
    prvTaskExitError                         0x080047b9   Thumb Code    42  port.o(i.prvTaskExitError)
    i.prvTimerTask                           0x080047e8   Section        0  timers.o(i.prvTimerTask)
    prvTimerTask                             0x080047e9   Thumb Code    20  timers.o(i.prvTimerTask)
    i.prvUnlockQueue                         0x080047fc   Section        0  queue.o(i.prvUnlockQueue)
    prvUnlockQueue                           0x080047fd   Thumb Code   104  queue.o(i.prvUnlockQueue)
    i.pvPortMalloc                           0x08004864   Section        0  heap_4.o(i.pvPortMalloc)
    i.pxPortInitialiseStack                  0x0800494c   Section        0  port.o(i.pxPortInitialiseStack)
    i.task1                                  0x08004978   Section        0  freertos.o(i.task1)
    i.task2                                  0x08004990   Section        0  freertos.o(i.task2)
    i.task3                                  0x080049a8   Section        0  freertos.o(i.task3)
    i.uxListRemove                           0x080049f8   Section        0  list.o(i.uxListRemove)
    i.vApplicationGetIdleTaskMemory          0x08004a20   Section        0  cmsis_os2.o(i.vApplicationGetIdleTaskMemory)
    i.vApplicationGetTimerTaskMemory         0x08004a34   Section        0  cmsis_os2.o(i.vApplicationGetTimerTaskMemory)
    i.vListInitialise                        0x08004a4c   Section        0  list.o(i.vListInitialise)
    i.vListInitialiseItem                    0x08004a62   Section        0  list.o(i.vListInitialiseItem)
    i.vListInsert                            0x08004a68   Section        0  list.o(i.vListInsert)
    i.vListInsertEnd                         0x08004aa2   Section        0  list.o(i.vListInsertEnd)
    i.vPortEnterCritical                     0x08004abc   Section        0  port.o(i.vPortEnterCritical)
    i.vPortExitCritical                      0x08004afc   Section        0  port.o(i.vPortExitCritical)
    i.vPortFree                              0x08004b28   Section        0  heap_4.o(i.vPortFree)
    i.vPortSetupTimerInterrupt               0x08004b8c   Section        0  port.o(i.vPortSetupTimerInterrupt)
    i.vPortValidateInterruptPriority         0x08004bb0   Section        0  port.o(i.vPortValidateInterruptPriority)
    i.vQueueAddToRegistry                    0x08004c04   Section        0  queue.o(i.vQueueAddToRegistry)
    i.vQueueWaitForMessageRestricted         0x08004c2c   Section        0  queue.o(i.vQueueWaitForMessageRestricted)
    i.vTaskDelay                             0x08004c78   Section        0  tasks.o(i.vTaskDelay)
    i.vTaskDelete                            0x08004cc8   Section        0  tasks.o(i.vTaskDelete)
    i.vTaskInternalSetTimeOutState           0x08004d58   Section        0  tasks.o(i.vTaskInternalSetTimeOutState)
    i.vTaskMissedYield                       0x08004d68   Section        0  tasks.o(i.vTaskMissedYield)
    i.vTaskPlaceOnEventList                  0x08004d74   Section        0  tasks.o(i.vTaskPlaceOnEventList)
    i.vTaskPlaceOnEventListRestricted        0x08004da8   Section        0  tasks.o(i.vTaskPlaceOnEventListRestricted)
    i.vTaskStartScheduler                    0x08004de4   Section        0  tasks.o(i.vTaskStartScheduler)
    i.vTaskSuspendAll                        0x08004e74   Section        0  tasks.o(i.vTaskSuspendAll)
    i.vTaskSwitchContext                     0x08004e84   Section        0  tasks.o(i.vTaskSwitchContext)
    i.xPortStartScheduler                    0x08004ef0   Section        0  port.o(i.xPortStartScheduler)
    i.xPortSysTickHandler                    0x08004ff4   Section        0  port.o(i.xPortSysTickHandler)
    i.xQueueGenericCreateStatic              0x08005020   Section        0  queue.o(i.xQueueGenericCreateStatic)
    i.xQueueGenericReset                     0x08005090   Section        0  queue.o(i.xQueueGenericReset)
    i.xQueueGenericSend                      0x08005120   Section        0  queue.o(i.xQueueGenericSend)
    i.xQueueGenericSendFromISR               0x08005290   Section        0  queue.o(i.xQueueGenericSendFromISR)
    i.xQueueReceive                          0x08005350   Section        0  queue.o(i.xQueueReceive)
    i.xTaskCheckForTimeOut                   0x08005498   Section        0  tasks.o(i.xTaskCheckForTimeOut)
    i.xTaskCreate                            0x08005518   Section        0  tasks.o(i.xTaskCreate)
    i.xTaskCreateStatic                      0x08005584   Section        0  tasks.o(i.xTaskCreateStatic)
    i.xTaskGetSchedulerState                 0x080055e4   Section        0  tasks.o(i.xTaskGetSchedulerState)
    i.xTaskGetTickCount                      0x08005600   Section        0  tasks.o(i.xTaskGetTickCount)
    i.xTaskIncrementTick                     0x0800560c   Section        0  tasks.o(i.xTaskIncrementTick)
    i.xTaskPriorityDisinherit                0x080056d8   Section        0  tasks.o(i.xTaskPriorityDisinherit)
    i.xTaskRemoveFromEventList               0x08005758   Section        0  tasks.o(i.xTaskRemoveFromEventList)
    i.xTaskResumeAll                         0x080057d0   Section        0  tasks.o(i.xTaskResumeAll)
    i.xTimerCreateTimerTask                  0x0800589c   Section        0  timers.o(i.xTimerCreateTimerTask)
    i.xTimerGenericCommand                   0x08005904   Section        0  timers.o(i.xTimerGenericCommand)
    x$fpl$fpinit                             0x08005978   Section       10  fpinit.o(x$fpl$fpinit)
    $v0                                      0x08005978   Number         0  fpinit.o(x$fpl$fpinit)
    .constdata                               0x08005984   Section       36  freertos.o(.constdata)
    .constdata                               0x080059a8   Section       36  freertos.o(.constdata)
    .constdata                               0x080059cc   Section       36  freertos.o(.constdata)
    .constdata                               0x080059f0   Section       72  freertos.o(.constdata)
    .constdata                               0x08005a38   Section       24  stm32h7xx_hal_uart.o(.constdata)
    .constdata                               0x08005a50   Section       16  stm32h7xx_hal_uart_ex.o(.constdata)
    numerator                                0x08005a50   Data           8  stm32h7xx_hal_uart_ex.o(.constdata)
    denominator                              0x08005a58   Data           8  stm32h7xx_hal_uart_ex.o(.constdata)
    .constdata                               0x08005a60   Section       16  system_stm32h7xx.o(.constdata)
    .conststring                             0x08005a70   Section        6  freertos.o(.conststring)
    .conststring                             0x08005a78   Section        6  freertos.o(.conststring)
    .conststring                             0x08005a80   Section        6  freertos.o(.conststring)
    .conststring                             0x08005a88   Section       12  freertos.o(.conststring)
    .data                                    0x24000000   Section        8  freertos.o(.data)
    .data                                    0x24000008   Section        4  freertos.o(.data)
    .data                                    0x2400000c   Section        4  freertos.o(.data)
    .data                                    0x24000010   Section        1  usart.o(.data)
    .data                                    0x24000014   Section       12  stm32h7xx_hal.o(.data)
    .data                                    0x24000020   Section        8  system_stm32h7xx.o(.data)
    .data                                    0x24000028   Section       60  tasks.o(.data)
    uxDeletedTasksWaitingCleanUp             0x2400002c   Data           4  tasks.o(.data)
    uxCurrentNumberOfTasks                   0x24000030   Data           4  tasks.o(.data)
    xTickCount                               0x24000034   Data           4  tasks.o(.data)
    uxTopReadyPriority                       0x24000038   Data           4  tasks.o(.data)
    xSchedulerRunning                        0x2400003c   Data           4  tasks.o(.data)
    xPendedTicks                             0x24000040   Data           4  tasks.o(.data)
    xYieldPending                            0x24000044   Data           4  tasks.o(.data)
    xNumOfOverflows                          0x24000048   Data           4  tasks.o(.data)
    uxTaskNumber                             0x2400004c   Data           4  tasks.o(.data)
    xNextTaskUnblockTime                     0x24000050   Data           4  tasks.o(.data)
    xIdleTaskHandle                          0x24000054   Data           4  tasks.o(.data)
    uxSchedulerSuspended                     0x24000058   Data           4  tasks.o(.data)
    pxDelayedTaskList                        0x2400005c   Data           4  tasks.o(.data)
    pxOverflowDelayedTaskList                0x24000060   Data           4  tasks.o(.data)
    .data                                    0x24000064   Section       20  timers.o(.data)
    xTimerQueue                              0x24000064   Data           4  timers.o(.data)
    xTimerTaskHandle                         0x24000068   Data           4  timers.o(.data)
    xLastTime                                0x2400006c   Data           4  timers.o(.data)
    pxCurrentTimerList                       0x24000070   Data           4  timers.o(.data)
    pxOverflowTimerList                      0x24000074   Data           4  timers.o(.data)
    .data                                    0x24000078   Section        4  cmsis_os2.o(.data)
    KernelState                              0x24000078   Data           4  cmsis_os2.o(.data)
    .data                                    0x2400007c   Section       32  heap_4.o(.data)
    pxEnd                                    0x2400007c   Data           4  heap_4.o(.data)
    xFreeBytesRemaining                      0x24000080   Data           4  heap_4.o(.data)
    xMinimumEverFreeBytesRemaining           0x24000084   Data           4  heap_4.o(.data)
    xNumberOfSuccessfulAllocations           0x24000088   Data           4  heap_4.o(.data)
    xNumberOfSuccessfulFrees                 0x2400008c   Data           4  heap_4.o(.data)
    xBlockAllocatedBit                       0x24000090   Data           4  heap_4.o(.data)
    xStart                                   0x24000094   Data           8  heap_4.o(.data)
    .data                                    0x2400009c   Section       12  port.o(.data)
    ucMaxSysCallPriority                     0x2400009c   Data           1  port.o(.data)
    uxCriticalNesting                        0x240000a0   Data           4  port.o(.data)
    ulMaxPRIGROUPValue                       0x240000a4   Data           4  port.o(.data)
    .bss                                     0x240000a8   Section      258  fifo.o(.bss)
    .bss                                     0x240001aa   Section      128  usart.o(.bss)
    .bss                                     0x2400022c   Section      148  usart.o(.bss)
    .bss                                     0x240002c0   Section       76  stm32h7xx_hal_timebase_tim.o(.bss)
    .bss                                     0x2400030c   Section       64  queue.o(.bss)
    .bss                                     0x2400034c   Section     1220  tasks.o(.bss)
    pxReadyTasksLists                        0x2400034c   Data        1120  tasks.o(.bss)
    xDelayedTaskList1                        0x240007ac   Data          20  tasks.o(.bss)
    xDelayedTaskList2                        0x240007c0   Data          20  tasks.o(.bss)
    xPendingReadyList                        0x240007d4   Data          20  tasks.o(.bss)
    xTasksWaitingTermination                 0x240007e8   Data          20  tasks.o(.bss)
    xSuspendedTaskList                       0x240007fc   Data          20  tasks.o(.bss)
    .bss                                     0x24000810   Section      280  timers.o(.bss)
    xStaticTimerQueue                        0x24000810   Data          80  timers.o(.bss)
    ucStaticTimerQueueStorage                0x24000860   Data         160  timers.o(.bss)
    xActiveTimerList1                        0x24000900   Data          20  timers.o(.bss)
    xActiveTimerList2                        0x24000914   Data          20  timers.o(.bss)
    .bss                                     0x24000928   Section     1720  cmsis_os2.o(.bss)
    Idle_TCB                                 0x24000928   Data          92  cmsis_os2.o(.bss)
    Idle_Stack                               0x24000984   Data         512  cmsis_os2.o(.bss)
    Timer_TCB                                0x24000b84   Data          92  cmsis_os2.o(.bss)
    Timer_Stack                              0x24000be0   Data        1024  cmsis_os2.o(.bss)
    .bss                                     0x24000fe0   Section    15360  heap_4.o(.bss)
    ucHeap                                   0x24000fe0   Data       15360  heap_4.o(.bss)
    .bss                                     0x24004be0   Section       96  libspace.o(.bss)
    HEAP                                     0x24004c40   Section      512  startup_stm32h743xx.o(HEAP)
    Heap_Mem                                 0x24004c40   Data         512  startup_stm32h743xx.o(HEAP)
    STACK                                    0x24004e40   Section     1024  startup_stm32h743xx.o(STACK)
    Stack_Mem                                0x24004e40   Data        1024  startup_stm32h743xx.o(STACK)
    __initial_sp                             0x24005240   Data           0  startup_stm32h743xx.o(STACK)

    Global Symbols

    Symbol Name                              Value     Ov Type        Size  Object(Section)

    BuildAttributes$$THM_ISAv4$E$P$D$K$B$S$7EM$VFPv5_D16$PE$PLD8$A:L22UL41UL21$X:L11$S22US41US21$IEEE1$IW$USESV6$~STKCKD$USESV7$~SHL$OTIME$ROPI$EBA8$UX$STANDARDLIB$REQ8$PRES8$EABIv2 0x00000000   Number         0  anon$$obj.o ABSOLUTE
    __ARM_use_no_argv                        0x00000000   Number         0  main.o ABSOLUTE
    __ARM_exceptions_init                     - Undefined Weak Reference
    __alloca_initialize                       - Undefined Weak Reference
    __arm_preinit_                            - Undefined Weak Reference
    __cpp_initialize__aeabi_                  - Undefined Weak Reference
    __cxa_finalize                            - Undefined Weak Reference
    __rt_locale                               - Undefined Weak Reference
    __sigvec_lookup                           - Undefined Weak Reference
    _atexit_init                              - Undefined Weak Reference
    _call_atexit_fns                          - Undefined Weak Reference
    _clock_init                               - Undefined Weak Reference
    _fp_trap_init                             - Undefined Weak Reference
    _fp_trap_shutdown                         - Undefined Weak Reference
    _get_lc_collate                           - Undefined Weak Reference
    _get_lc_ctype                             - Undefined Weak Reference
    _get_lc_monetary                          - Undefined Weak Reference
    _get_lc_numeric                           - Undefined Weak Reference
    _get_lc_time                              - Undefined Weak Reference
    _getenv_init                              - Undefined Weak Reference
    _handle_redirection                       - Undefined Weak Reference
    _init_alloc                               - Undefined Weak Reference
    _init_user_alloc                          - Undefined Weak Reference
    _initio                                   - Undefined Weak Reference
    _rand_init                                - Undefined Weak Reference
    _signal_finish                            - Undefined Weak Reference
    _signal_init                              - Undefined Weak Reference
    _terminate_alloc                          - Undefined Weak Reference
    _terminate_user_alloc                     - Undefined Weak Reference
    _terminateio                              - Undefined Weak Reference
    __Vectors_Size                           0x00000298   Number         0  startup_stm32h743xx.o ABSOLUTE
    __Vectors                                0x08000000   Data           4  startup_stm32h743xx.o(RESET)
    __Vectors_End                            0x08000298   Data           0  startup_stm32h743xx.o(RESET)
    __main                                   0x08000299   Thumb Code     8  __main.o(!!!main)
    __scatterload                            0x080002a1   Thumb Code     0  __scatter.o(!!!scatter)
    __scatterload_rt2                        0x080002a1   Thumb Code    44  __scatter.o(!!!scatter)
    __scatterload_rt2_thumb_only             0x080002a1   Thumb Code     0  __scatter.o(!!!scatter)
    __scatterload_null                       0x080002af   Thumb Code     0  __scatter.o(!!!scatter)
    __scatterload_copy                       0x080002d5   Thumb Code    26  __scatter_copy.o(!!handler_copy)
    __scatterload_zeroinit                   0x080002f1   Thumb Code    28  __scatter_zi.o(!!handler_zi)
    __rt_lib_init                            0x0800030d   Thumb Code     0  libinit.o(.ARM.Collect$$libinit$$00000000)
    __rt_lib_init_fp_1                       0x0800030f   Thumb Code     0  libinit2.o(.ARM.Collect$$libinit$$00000001)
    __rt_lib_init_alloca_1                   0x08000313   Thumb Code     0  libinit2.o(.ARM.Collect$$libinit$$0000002E)
    __rt_lib_init_argv_1                     0x08000313   Thumb Code     0  libinit2.o(.ARM.Collect$$libinit$$0000002C)
    __rt_lib_init_atexit_1                   0x08000313   Thumb Code     0  libinit2.o(.ARM.Collect$$libinit$$0000001B)
    __rt_lib_init_clock_1                    0x08000313   Thumb Code     0  libinit2.o(.ARM.Collect$$libinit$$00000021)
    __rt_lib_init_cpp_1                      0x08000313   Thumb Code     0  libinit2.o(.ARM.Collect$$libinit$$00000032)
    __rt_lib_init_exceptions_1               0x08000313   Thumb Code     0  libinit2.o(.ARM.Collect$$libinit$$00000030)
    __rt_lib_init_fp_trap_1                  0x08000313   Thumb Code     0  libinit2.o(.ARM.Collect$$libinit$$0000001F)
    __rt_lib_init_getenv_1                   0x08000313   Thumb Code     0  libinit2.o(.ARM.Collect$$libinit$$00000023)
    __rt_lib_init_heap_1                     0x08000313   Thumb Code     0  libinit2.o(.ARM.Collect$$libinit$$0000000A)
    __rt_lib_init_lc_collate_1               0x08000313   Thumb Code     0  libinit2.o(.ARM.Collect$$libinit$$00000011)
    __rt_lib_init_lc_ctype_1                 0x08000313   Thumb Code     0  libinit2.o(.ARM.Collect$$libinit$$00000013)
    __rt_lib_init_lc_monetary_1              0x08000313   Thumb Code     0  libinit2.o(.ARM.Collect$$libinit$$00000015)
    __rt_lib_init_lc_numeric_1               0x08000313   Thumb Code     0  libinit2.o(.ARM.Collect$$libinit$$00000017)
    __rt_lib_init_lc_time_1                  0x08000313   Thumb Code     0  libinit2.o(.ARM.Collect$$libinit$$00000019)
    __rt_lib_init_preinit_1                  0x08000313   Thumb Code     0  libinit2.o(.ARM.Collect$$libinit$$00000004)
    __rt_lib_init_rand_1                     0x08000313   Thumb Code     0  libinit2.o(.ARM.Collect$$libinit$$0000000E)
    __rt_lib_init_return                     0x08000313   Thumb Code     0  libinit2.o(.ARM.Collect$$libinit$$00000033)
    __rt_lib_init_signal_1                   0x08000313   Thumb Code     0  libinit2.o(.ARM.Collect$$libinit$$0000001D)
    __rt_lib_init_stdio_1                    0x08000313   Thumb Code     0  libinit2.o(.ARM.Collect$$libinit$$00000025)
    __rt_lib_init_user_alloc_1               0x08000313   Thumb Code     0  libinit2.o(.ARM.Collect$$libinit$$0000000C)
    __rt_lib_shutdown                        0x08000315   Thumb Code     0  libshutdown.o(.ARM.Collect$$libshutdown$$00000000)
    __rt_lib_shutdown_cpp_1                  0x08000317   Thumb Code     0  libshutdown2.o(.ARM.Collect$$libshutdown$$00000002)
    __rt_lib_shutdown_fp_trap_1              0x08000317   Thumb Code     0  libshutdown2.o(.ARM.Collect$$libshutdown$$00000007)
    __rt_lib_shutdown_heap_1                 0x08000317   Thumb Code     0  libshutdown2.o(.ARM.Collect$$libshutdown$$0000000F)
    __rt_lib_shutdown_return                 0x08000317   Thumb Code     0  libshutdown2.o(.ARM.Collect$$libshutdown$$00000010)
    __rt_lib_shutdown_signal_1               0x08000317   Thumb Code     0  libshutdown2.o(.ARM.Collect$$libshutdown$$0000000A)
    __rt_lib_shutdown_stdio_1                0x08000317   Thumb Code     0  libshutdown2.o(.ARM.Collect$$libshutdown$$00000004)
    __rt_lib_shutdown_user_alloc_1           0x08000317   Thumb Code     0  libshutdown2.o(.ARM.Collect$$libshutdown$$0000000C)
    __rt_entry                               0x08000319   Thumb Code     0  __rtentry.o(.ARM.Collect$$rtentry$$00000000)
    __rt_entry_presh_1                       0x08000319   Thumb Code     0  __rtentry2.o(.ARM.Collect$$rtentry$$00000002)
    __rt_entry_sh                            0x08000319   Thumb Code     0  __rtentry4.o(.ARM.Collect$$rtentry$$00000004)
    __rt_entry_li                            0x0800031f   Thumb Code     0  __rtentry2.o(.ARM.Collect$$rtentry$$0000000A)
    __rt_entry_postsh_1                      0x0800031f   Thumb Code     0  __rtentry2.o(.ARM.Collect$$rtentry$$00000009)
    __rt_entry_main                          0x08000323   Thumb Code     0  __rtentry2.o(.ARM.Collect$$rtentry$$0000000D)
    __rt_entry_postli_1                      0x08000323   Thumb Code     0  __rtentry2.o(.ARM.Collect$$rtentry$$0000000C)
    __rt_exit                                0x0800032b   Thumb Code     0  rtexit.o(.ARM.Collect$$rtexit$$00000000)
    __rt_exit_ls                             0x0800032d   Thumb Code     0  rtexit2.o(.ARM.Collect$$rtexit$$00000003)
    __rt_exit_prels_1                        0x0800032d   Thumb Code     0  rtexit2.o(.ARM.Collect$$rtexit$$00000002)
    __rt_exit_exit                           0x08000331   Thumb Code     0  rtexit2.o(.ARM.Collect$$rtexit$$00000004)
    SVC_Handler                              0x08000339   Thumb Code    28  port.o(.emb_text)
    __asm___6_port_c_39a90d8d__prvStartFirstTask 0x08000359   Thumb Code    36  port.o(.emb_text)
    __asm___6_port_c_39a90d8d__prvEnableVFP  0x08000381   Thumb Code    16  port.o(.emb_text)
    PendSV_Handler                           0x08000395   Thumb Code    88  port.o(.emb_text)
    vPortGetIPSR                             0x080003f1   Thumb Code     6  port.o(.emb_text)
    Reset_Handler                            0x080003f9   Thumb Code     8  startup_stm32h743xx.o(.text)
    ADC3_IRQHandler                          0x08000413   Thumb Code     0  startup_stm32h743xx.o(.text)
    ADC_IRQHandler                           0x08000413   Thumb Code     0  startup_stm32h743xx.o(.text)
    BDMA_Channel0_IRQHandler                 0x08000413   Thumb Code     0  startup_stm32h743xx.o(.text)
    BDMA_Channel1_IRQHandler                 0x08000413   Thumb Code     0  startup_stm32h743xx.o(.text)
    BDMA_Channel2_IRQHandler                 0x08000413   Thumb Code     0  startup_stm32h743xx.o(.text)
    BDMA_Channel3_IRQHandler                 0x08000413   Thumb Code     0  startup_stm32h743xx.o(.text)
    BDMA_Channel4_IRQHandler                 0x08000413   Thumb Code     0  startup_stm32h743xx.o(.text)
    BDMA_Channel5_IRQHandler                 0x08000413   Thumb Code     0  startup_stm32h743xx.o(.text)
    BDMA_Channel6_IRQHandler                 0x08000413   Thumb Code     0  startup_stm32h743xx.o(.text)
    BDMA_Channel7_IRQHandler                 0x08000413   Thumb Code     0  startup_stm32h743xx.o(.text)
    CEC_IRQHandler                           0x08000413   Thumb Code     0  startup_stm32h743xx.o(.text)
    COMP1_IRQHandler                         0x08000413   Thumb Code     0  startup_stm32h743xx.o(.text)
    CRS_IRQHandler                           0x08000413   Thumb Code     0  startup_stm32h743xx.o(.text)
    DCMI_IRQHandler                          0x08000413   Thumb Code     0  startup_stm32h743xx.o(.text)
    DFSDM1_FLT0_IRQHandler                   0x08000413   Thumb Code     0  startup_stm32h743xx.o(.text)
    DFSDM1_FLT1_IRQHandler                   0x08000413   Thumb Code     0  startup_stm32h743xx.o(.text)
    DFSDM1_FLT2_IRQHandler                   0x08000413   Thumb Code     0  startup_stm32h743xx.o(.text)
    DFSDM1_FLT3_IRQHandler                   0x08000413   Thumb Code     0  startup_stm32h743xx.o(.text)
    DMA1_Stream0_IRQHandler                  0x08000413   Thumb Code     0  startup_stm32h743xx.o(.text)
    DMA1_Stream1_IRQHandler                  0x08000413   Thumb Code     0  startup_stm32h743xx.o(.text)
    DMA1_Stream2_IRQHandler                  0x08000413   Thumb Code     0  startup_stm32h743xx.o(.text)
    DMA1_Stream3_IRQHandler                  0x08000413   Thumb Code     0  startup_stm32h743xx.o(.text)
    DMA1_Stream4_IRQHandler                  0x08000413   Thumb Code     0  startup_stm32h743xx.o(.text)
    DMA1_Stream5_IRQHandler                  0x08000413   Thumb Code     0  startup_stm32h743xx.o(.text)
    DMA1_Stream6_IRQHandler                  0x08000413   Thumb Code     0  startup_stm32h743xx.o(.text)
    DMA1_Stream7_IRQHandler                  0x08000413   Thumb Code     0  startup_stm32h743xx.o(.text)
    DMA2D_IRQHandler                         0x08000413   Thumb Code     0  startup_stm32h743xx.o(.text)
    DMA2_Stream0_IRQHandler                  0x08000413   Thumb Code     0  startup_stm32h743xx.o(.text)
    DMA2_Stream1_IRQHandler                  0x08000413   Thumb Code     0  startup_stm32h743xx.o(.text)
    DMA2_Stream2_IRQHandler                  0x08000413   Thumb Code     0  startup_stm32h743xx.o(.text)
    DMA2_Stream3_IRQHandler                  0x08000413   Thumb Code     0  startup_stm32h743xx.o(.text)
    DMA2_Stream4_IRQHandler                  0x08000413   Thumb Code     0  startup_stm32h743xx.o(.text)
    DMA2_Stream5_IRQHandler                  0x08000413   Thumb Code     0  startup_stm32h743xx.o(.text)
    DMA2_Stream6_IRQHandler                  0x08000413   Thumb Code     0  startup_stm32h743xx.o(.text)
    DMA2_Stream7_IRQHandler                  0x08000413   Thumb Code     0  startup_stm32h743xx.o(.text)
    DMAMUX1_OVR_IRQHandler                   0x08000413   Thumb Code     0  startup_stm32h743xx.o(.text)
    DMAMUX2_OVR_IRQHandler                   0x08000413   Thumb Code     0  startup_stm32h743xx.o(.text)
    ECC_IRQHandler                           0x08000413   Thumb Code     0  startup_stm32h743xx.o(.text)
    ETH_IRQHandler                           0x08000413   Thumb Code     0  startup_stm32h743xx.o(.text)
    ETH_WKUP_IRQHandler                      0x08000413   Thumb Code     0  startup_stm32h743xx.o(.text)
    EXTI0_IRQHandler                         0x08000413   Thumb Code     0  startup_stm32h743xx.o(.text)
    EXTI15_10_IRQHandler                     0x08000413   Thumb Code     0  startup_stm32h743xx.o(.text)
    EXTI1_IRQHandler                         0x08000413   Thumb Code     0  startup_stm32h743xx.o(.text)
    EXTI2_IRQHandler                         0x08000413   Thumb Code     0  startup_stm32h743xx.o(.text)
    EXTI3_IRQHandler                         0x08000413   Thumb Code     0  startup_stm32h743xx.o(.text)
    EXTI4_IRQHandler                         0x08000413   Thumb Code     0  startup_stm32h743xx.o(.text)
    EXTI9_5_IRQHandler                       0x08000413   Thumb Code     0  startup_stm32h743xx.o(.text)
    FDCAN1_IT0_IRQHandler                    0x08000413   Thumb Code     0  startup_stm32h743xx.o(.text)
    FDCAN1_IT1_IRQHandler                    0x08000413   Thumb Code     0  startup_stm32h743xx.o(.text)
    FDCAN2_IT0_IRQHandler                    0x08000413   Thumb Code     0  startup_stm32h743xx.o(.text)
    FDCAN2_IT1_IRQHandler                    0x08000413   Thumb Code     0  startup_stm32h743xx.o(.text)
    FDCAN_CAL_IRQHandler                     0x08000413   Thumb Code     0  startup_stm32h743xx.o(.text)
    FLASH_IRQHandler                         0x08000413   Thumb Code     0  startup_stm32h743xx.o(.text)
    FMC_IRQHandler                           0x08000413   Thumb Code     0  startup_stm32h743xx.o(.text)
    FPU_IRQHandler                           0x08000413   Thumb Code     0  startup_stm32h743xx.o(.text)
    HRTIM1_FLT_IRQHandler                    0x08000413   Thumb Code     0  startup_stm32h743xx.o(.text)
    HRTIM1_Master_IRQHandler                 0x08000413   Thumb Code     0  startup_stm32h743xx.o(.text)
    HRTIM1_TIMA_IRQHandler                   0x08000413   Thumb Code     0  startup_stm32h743xx.o(.text)
    HRTIM1_TIMB_IRQHandler                   0x08000413   Thumb Code     0  startup_stm32h743xx.o(.text)
    HRTIM1_TIMC_IRQHandler                   0x08000413   Thumb Code     0  startup_stm32h743xx.o(.text)
    HRTIM1_TIMD_IRQHandler                   0x08000413   Thumb Code     0  startup_stm32h743xx.o(.text)
    HRTIM1_TIME_IRQHandler                   0x08000413   Thumb Code     0  startup_stm32h743xx.o(.text)
    HSEM1_IRQHandler                         0x08000413   Thumb Code     0  startup_stm32h743xx.o(.text)
    I2C1_ER_IRQHandler                       0x08000413   Thumb Code     0  startup_stm32h743xx.o(.text)
    I2C1_EV_IRQHandler                       0x08000413   Thumb Code     0  startup_stm32h743xx.o(.text)
    I2C2_ER_IRQHandler                       0x08000413   Thumb Code     0  startup_stm32h743xx.o(.text)
    I2C2_EV_IRQHandler                       0x08000413   Thumb Code     0  startup_stm32h743xx.o(.text)
    I2C3_ER_IRQHandler                       0x08000413   Thumb Code     0  startup_stm32h743xx.o(.text)
    I2C3_EV_IRQHandler                       0x08000413   Thumb Code     0  startup_stm32h743xx.o(.text)
    I2C4_ER_IRQHandler                       0x08000413   Thumb Code     0  startup_stm32h743xx.o(.text)
    I2C4_EV_IRQHandler                       0x08000413   Thumb Code     0  startup_stm32h743xx.o(.text)
    JPEG_IRQHandler                          0x08000413   Thumb Code     0  startup_stm32h743xx.o(.text)
    LPTIM1_IRQHandler                        0x08000413   Thumb Code     0  startup_stm32h743xx.o(.text)
    LPTIM2_IRQHandler                        0x08000413   Thumb Code     0  startup_stm32h743xx.o(.text)
    LPTIM3_IRQHandler                        0x08000413   Thumb Code     0  startup_stm32h743xx.o(.text)
    LPTIM4_IRQHandler                        0x08000413   Thumb Code     0  startup_stm32h743xx.o(.text)
    LPTIM5_IRQHandler                        0x08000413   Thumb Code     0  startup_stm32h743xx.o(.text)
    LPUART1_IRQHandler                       0x08000413   Thumb Code     0  startup_stm32h743xx.o(.text)
    LTDC_ER_IRQHandler                       0x08000413   Thumb Code     0  startup_stm32h743xx.o(.text)
    LTDC_IRQHandler                          0x08000413   Thumb Code     0  startup_stm32h743xx.o(.text)
    MDIOS_IRQHandler                         0x08000413   Thumb Code     0  startup_stm32h743xx.o(.text)
    MDIOS_WKUP_IRQHandler                    0x08000413   Thumb Code     0  startup_stm32h743xx.o(.text)
    MDMA_IRQHandler                          0x08000413   Thumb Code     0  startup_stm32h743xx.o(.text)
    OTG_FS_EP1_IN_IRQHandler                 0x08000413   Thumb Code     0  startup_stm32h743xx.o(.text)
    OTG_FS_EP1_OUT_IRQHandler                0x08000413   Thumb Code     0  startup_stm32h743xx.o(.text)
    OTG_FS_IRQHandler                        0x08000413   Thumb Code     0  startup_stm32h743xx.o(.text)
    OTG_FS_WKUP_IRQHandler                   0x08000413   Thumb Code     0  startup_stm32h743xx.o(.text)
    OTG_HS_EP1_IN_IRQHandler                 0x08000413   Thumb Code     0  startup_stm32h743xx.o(.text)
    OTG_HS_EP1_OUT_IRQHandler                0x08000413   Thumb Code     0  startup_stm32h743xx.o(.text)
    OTG_HS_IRQHandler                        0x08000413   Thumb Code     0  startup_stm32h743xx.o(.text)
    OTG_HS_WKUP_IRQHandler                   0x08000413   Thumb Code     0  startup_stm32h743xx.o(.text)
    PVD_AVD_IRQHandler                       0x08000413   Thumb Code     0  startup_stm32h743xx.o(.text)
    QUADSPI_IRQHandler                       0x08000413   Thumb Code     0  startup_stm32h743xx.o(.text)
    RCC_IRQHandler                           0x08000413   Thumb Code     0  startup_stm32h743xx.o(.text)
    RNG_IRQHandler                           0x08000413   Thumb Code     0  startup_stm32h743xx.o(.text)
    RTC_Alarm_IRQHandler                     0x08000413   Thumb Code     0  startup_stm32h743xx.o(.text)
    RTC_WKUP_IRQHandler                      0x08000413   Thumb Code     0  startup_stm32h743xx.o(.text)
    SAI1_IRQHandler                          0x08000413   Thumb Code     0  startup_stm32h743xx.o(.text)
    SAI2_IRQHandler                          0x08000413   Thumb Code     0  startup_stm32h743xx.o(.text)
    SAI3_IRQHandler                          0x08000413   Thumb Code     0  startup_stm32h743xx.o(.text)
    SAI4_IRQHandler                          0x08000413   Thumb Code     0  startup_stm32h743xx.o(.text)
    SDMMC1_IRQHandler                        0x08000413   Thumb Code     0  startup_stm32h743xx.o(.text)
    SDMMC2_IRQHandler                        0x08000413   Thumb Code     0  startup_stm32h743xx.o(.text)
    SPDIF_RX_IRQHandler                      0x08000413   Thumb Code     0  startup_stm32h743xx.o(.text)
    SPI1_IRQHandler                          0x08000413   Thumb Code     0  startup_stm32h743xx.o(.text)
    SPI2_IRQHandler                          0x08000413   Thumb Code     0  startup_stm32h743xx.o(.text)
    SPI3_IRQHandler                          0x08000413   Thumb Code     0  startup_stm32h743xx.o(.text)
    SPI4_IRQHandler                          0x08000413   Thumb Code     0  startup_stm32h743xx.o(.text)
    SPI5_IRQHandler                          0x08000413   Thumb Code     0  startup_stm32h743xx.o(.text)
    SPI6_IRQHandler                          0x08000413   Thumb Code     0  startup_stm32h743xx.o(.text)
    SWPMI1_IRQHandler                        0x08000413   Thumb Code     0  startup_stm32h743xx.o(.text)
    TAMP_STAMP_IRQHandler                    0x08000413   Thumb Code     0  startup_stm32h743xx.o(.text)
    TIM15_IRQHandler                         0x08000413   Thumb Code     0  startup_stm32h743xx.o(.text)
    TIM16_IRQHandler                         0x08000413   Thumb Code     0  startup_stm32h743xx.o(.text)
    TIM17_IRQHandler                         0x08000413   Thumb Code     0  startup_stm32h743xx.o(.text)
    TIM1_BRK_IRQHandler                      0x08000413   Thumb Code     0  startup_stm32h743xx.o(.text)
    TIM1_CC_IRQHandler                       0x08000413   Thumb Code     0  startup_stm32h743xx.o(.text)
    TIM1_TRG_COM_IRQHandler                  0x08000413   Thumb Code     0  startup_stm32h743xx.o(.text)
    TIM2_IRQHandler                          0x08000413   Thumb Code     0  startup_stm32h743xx.o(.text)
    TIM3_IRQHandler                          0x08000413   Thumb Code     0  startup_stm32h743xx.o(.text)
    TIM4_IRQHandler                          0x08000413   Thumb Code     0  startup_stm32h743xx.o(.text)
    TIM5_IRQHandler                          0x08000413   Thumb Code     0  startup_stm32h743xx.o(.text)
    TIM6_DAC_IRQHandler                      0x08000413   Thumb Code     0  startup_stm32h743xx.o(.text)
    TIM7_IRQHandler                          0x08000413   Thumb Code     0  startup_stm32h743xx.o(.text)
    TIM8_BRK_TIM12_IRQHandler                0x08000413   Thumb Code     0  startup_stm32h743xx.o(.text)
    TIM8_CC_IRQHandler                       0x08000413   Thumb Code     0  startup_stm32h743xx.o(.text)
    TIM8_TRG_COM_TIM14_IRQHandler            0x08000413   Thumb Code     0  startup_stm32h743xx.o(.text)
    TIM8_UP_TIM13_IRQHandler                 0x08000413   Thumb Code     0  startup_stm32h743xx.o(.text)
    UART4_IRQHandler                         0x08000413   Thumb Code     0  startup_stm32h743xx.o(.text)
    UART5_IRQHandler                         0x08000413   Thumb Code     0  startup_stm32h743xx.o(.text)
    UART7_IRQHandler                         0x08000413   Thumb Code     0  startup_stm32h743xx.o(.text)
    UART8_IRQHandler                         0x08000413   Thumb Code     0  startup_stm32h743xx.o(.text)
    USART2_IRQHandler                        0x08000413   Thumb Code     0  startup_stm32h743xx.o(.text)
    USART3_IRQHandler                        0x08000413   Thumb Code     0  startup_stm32h743xx.o(.text)
    USART6_IRQHandler                        0x08000413   Thumb Code     0  startup_stm32h743xx.o(.text)
    WAKEUP_PIN_IRQHandler                    0x08000413   Thumb Code     0  startup_stm32h743xx.o(.text)
    WWDG_IRQHandler                          0x08000413   Thumb Code     0  startup_stm32h743xx.o(.text)
    __user_initial_stackheap                 0x08000415   Thumb Code     0  startup_stm32h743xx.o(.text)
    __aeabi_uldivmod                         0x08000439   Thumb Code     0  lludivv7m.o(.text)
    _ll_udiv                                 0x08000439   Thumb Code   238  lludivv7m.o(.text)
    __aeabi_memcpy                           0x08000527   Thumb Code     0  rt_memcpy_v6.o(.text)
    __rt_memcpy                              0x08000527   Thumb Code   138  rt_memcpy_v6.o(.text)
    _memcpy_lastbytes                        0x0800058d   Thumb Code     0  rt_memcpy_v6.o(.text)
    __aeabi_memset                           0x080005b1   Thumb Code    16  aeabi_memset.o(.text)
    __aeabi_memclr4                          0x080005c1   Thumb Code     0  rt_memclr_w.o(.text)
    __aeabi_memclr8                          0x080005c1   Thumb Code     0  rt_memclr_w.o(.text)
    __rt_memclr_w                            0x080005c1   Thumb Code    78  rt_memclr_w.o(.text)
    _memset_w                                0x080005c5   Thumb Code     0  rt_memclr_w.o(.text)
    __use_two_region_memory                  0x0800060f   Thumb Code     2  heapauxi.o(.text)
    __rt_heap_escrow$2region                 0x08000611   Thumb Code     2  heapauxi.o(.text)
    __rt_heap_expand$2region                 0x08000613   Thumb Code     2  heapauxi.o(.text)
    __aeabi_memcpy4                          0x08000615   Thumb Code     0  rt_memcpy_w.o(.text)
    __aeabi_memcpy8                          0x08000615   Thumb Code     0  rt_memcpy_w.o(.text)
    __rt_memcpy_w                            0x08000615   Thumb Code   100  rt_memcpy_w.o(.text)
    _memcpy_lastbytes_aligned                0x0800065d   Thumb Code     0  rt_memcpy_w.o(.text)
    __aeabi_memclr                           0x08000679   Thumb Code     0  rt_memclr.o(.text)
    __rt_memclr                              0x08000679   Thumb Code    68  rt_memclr.o(.text)
    _memset                                  0x0800067d   Thumb Code     0  rt_memclr.o(.text)
    __user_setup_stackheap                   0x080006bd   Thumb Code    74  sys_stackheap_outer.o(.text)
    exit                                     0x08000707   Thumb Code    18  exit.o(.text)
    __user_libspace                          0x08000719   Thumb Code     8  libspace.o(.text)
    __user_perproc_libspace                  0x08000719   Thumb Code     0  libspace.o(.text)
    __user_perthread_libspace                0x08000719   Thumb Code     0  libspace.o(.text)
    _sys_exit                                0x08000721   Thumb Code     8  sys_exit.o(.text)
    __I$use$semihosting                      0x0800072d   Thumb Code     0  use_no_semi.o(.text)
    __use_no_semihosting_swi                 0x0800072d   Thumb Code     2  use_no_semi.o(.text)
    BusFault_Handler                         0x0800072f   Thumb Code     2  stm32h7xx_it.o(i.BusFault_Handler)
    __semihosting_library_function           0x0800072f   Thumb Code     0  indicate_semi.o(.text)
    DebugMon_Handler                         0x08000731   Thumb Code     2  stm32h7xx_it.o(i.DebugMon_Handler)
    Error_Handler                            0x08000733   Thumb Code     4  main.o(i.Error_Handler)
    HAL_DMA_Abort                            0x08000739   Thumb Code   836  stm32h7xx_hal_dma.o(i.HAL_DMA_Abort)
    HAL_DMA_Abort_IT                         0x08000a99   Thumb Code   602  stm32h7xx_hal_dma.o(i.HAL_DMA_Abort_IT)
    HAL_GPIO_Init                            0x08000d1d   Thumb Code   506  stm32h7xx_hal_gpio.o(i.HAL_GPIO_Init)
    HAL_GPIO_ReadPin                         0x08000f49   Thumb Code    10  stm32h7xx_hal_gpio.o(i.HAL_GPIO_ReadPin)
    HAL_GPIO_TogglePin                       0x08000f53   Thumb Code    16  stm32h7xx_hal_gpio.o(i.HAL_GPIO_TogglePin)
    HAL_GPIO_WritePin                        0x08000f63   Thumb Code    10  stm32h7xx_hal_gpio.o(i.HAL_GPIO_WritePin)
    HAL_GetREVID                             0x08000f6d   Thumb Code     8  stm32h7xx_hal.o(i.HAL_GetREVID)
    HAL_GetTick                              0x08000f79   Thumb Code     6  stm32h7xx_hal.o(i.HAL_GetTick)
    HAL_IncTick                              0x08000f85   Thumb Code    12  stm32h7xx_hal.o(i.HAL_IncTick)
    HAL_Init                                 0x08000f95   Thumb Code    74  stm32h7xx_hal.o(i.HAL_Init)
    HAL_InitTick                             0x08000ff1   Thumb Code   110  stm32h7xx_hal_timebase_tim.o(i.HAL_InitTick)
    HAL_MPU_ConfigRegion                     0x08001075   Thumb Code    86  stm32h7xx_hal_cortex.o(i.HAL_MPU_ConfigRegion)
    HAL_MPU_Disable                          0x080010d1   Thumb Code    24  stm32h7xx_hal_cortex.o(i.HAL_MPU_Disable)
    HAL_MPU_Enable                           0x080010ed   Thumb Code    30  stm32h7xx_hal_cortex.o(i.HAL_MPU_Enable)
    HAL_MspInit                              0x08001111   Thumb Code    32  stm32h7xx_hal_msp.o(i.HAL_MspInit)
    HAL_NVIC_EnableIRQ                       0x08001135   Thumb Code    26  stm32h7xx_hal_cortex.o(i.HAL_NVIC_EnableIRQ)
    HAL_NVIC_SetPriority                     0x08001151   Thumb Code    60  stm32h7xx_hal_cortex.o(i.HAL_NVIC_SetPriority)
    HAL_NVIC_SetPriorityGrouping             0x08001191   Thumb Code    28  stm32h7xx_hal_cortex.o(i.HAL_NVIC_SetPriorityGrouping)
    HAL_PWREx_ConfigSupply                   0x080011b5   Thumb Code    78  stm32h7xx_hal_pwr_ex.o(i.HAL_PWREx_ConfigSupply)
    HAL_RCCEx_GetD3PCLK1Freq                 0x08001209   Thumb Code    26  stm32h7xx_hal_rcc_ex.o(i.HAL_RCCEx_GetD3PCLK1Freq)
    HAL_RCCEx_GetPLL2ClockFreq               0x0800122d   Thumb Code   296  stm32h7xx_hal_rcc_ex.o(i.HAL_RCCEx_GetPLL2ClockFreq)
    HAL_RCCEx_GetPLL3ClockFreq               0x08001371   Thumb Code   296  stm32h7xx_hal_rcc_ex.o(i.HAL_RCCEx_GetPLL3ClockFreq)
    HAL_RCCEx_PeriphCLKConfig                0x080014b5   Thumb Code  2472  stm32h7xx_hal_rcc_ex.o(i.HAL_RCCEx_PeriphCLKConfig)
    HAL_RCC_ClockConfig                      0x08001e61   Thumb Code   580  stm32h7xx_hal_rcc.o(i.HAL_RCC_ClockConfig)
    HAL_RCC_GetClockConfig                   0x080020bd   Thumb Code    84  stm32h7xx_hal_rcc.o(i.HAL_RCC_GetClockConfig)
    HAL_RCC_GetHCLKFreq                      0x08002119   Thumb Code    52  stm32h7xx_hal_rcc.o(i.HAL_RCC_GetHCLKFreq)
    HAL_RCC_GetPCLK1Freq                     0x0800215d   Thumb Code    26  stm32h7xx_hal_rcc.o(i.HAL_RCC_GetPCLK1Freq)
    HAL_RCC_GetPCLK2Freq                     0x08002181   Thumb Code    26  stm32h7xx_hal_rcc.o(i.HAL_RCC_GetPCLK2Freq)
    HAL_RCC_GetSysClockFreq                  0x080021a5   Thumb Code   278  stm32h7xx_hal_rcc.o(i.HAL_RCC_GetSysClockFreq)
    HAL_RCC_OscConfig                        0x080022dd   Thumb Code  1410  stm32h7xx_hal_rcc.o(i.HAL_RCC_OscConfig)
    HAL_TIMEx_Break2Callback                 0x0800285f   Thumb Code     2  stm32h7xx_hal_tim_ex.o(i.HAL_TIMEx_Break2Callback)
    HAL_TIMEx_BreakCallback                  0x08002861   Thumb Code     2  stm32h7xx_hal_tim_ex.o(i.HAL_TIMEx_BreakCallback)
    HAL_TIMEx_CommutCallback                 0x08002863   Thumb Code     2  stm32h7xx_hal_tim_ex.o(i.HAL_TIMEx_CommutCallback)
    HAL_TIM_Base_Init                        0x08002865   Thumb Code    98  stm32h7xx_hal_tim.o(i.HAL_TIM_Base_Init)
    HAL_TIM_Base_MspInit                     0x080028c7   Thumb Code     2  stm32h7xx_hal_tim.o(i.HAL_TIM_Base_MspInit)
    HAL_TIM_Base_Start_IT                    0x080028c9   Thumb Code   106  stm32h7xx_hal_tim.o(i.HAL_TIM_Base_Start_IT)
    HAL_TIM_IC_CaptureCallback               0x08002955   Thumb Code     2  stm32h7xx_hal_tim.o(i.HAL_TIM_IC_CaptureCallback)
    HAL_TIM_IRQHandler                       0x08002957   Thumb Code   328  stm32h7xx_hal_tim.o(i.HAL_TIM_IRQHandler)
    HAL_TIM_OC_DelayElapsedCallback          0x08002a9f   Thumb Code     2  stm32h7xx_hal_tim.o(i.HAL_TIM_OC_DelayElapsedCallback)
    HAL_TIM_PWM_PulseFinishedCallback        0x08002aa1   Thumb Code     2  stm32h7xx_hal_tim.o(i.HAL_TIM_PWM_PulseFinishedCallback)
    HAL_TIM_PeriodElapsedCallback            0x08002aa5   Thumb Code    14  main.o(i.HAL_TIM_PeriodElapsedCallback)
    HAL_TIM_TriggerCallback                  0x08002ab9   Thumb Code     2  stm32h7xx_hal_tim.o(i.HAL_TIM_TriggerCallback)
    HAL_UARTEx_DisableFifoMode               0x08002abb   Thumb Code    64  stm32h7xx_hal_uart_ex.o(i.HAL_UARTEx_DisableFifoMode)
    HAL_UARTEx_RxEventCallback               0x08002afb   Thumb Code     2  stm32h7xx_hal_uart.o(i.HAL_UARTEx_RxEventCallback)
    HAL_UARTEx_RxFifoFullCallback            0x08002afd   Thumb Code     2  stm32h7xx_hal_uart_ex.o(i.HAL_UARTEx_RxFifoFullCallback)
    HAL_UARTEx_SetRxFifoThreshold            0x08002aff   Thumb Code    76  stm32h7xx_hal_uart_ex.o(i.HAL_UARTEx_SetRxFifoThreshold)
    HAL_UARTEx_SetTxFifoThreshold            0x08002b4b   Thumb Code    76  stm32h7xx_hal_uart_ex.o(i.HAL_UARTEx_SetTxFifoThreshold)
    HAL_UARTEx_TxFifoEmptyCallback           0x08002b97   Thumb Code     2  stm32h7xx_hal_uart_ex.o(i.HAL_UARTEx_TxFifoEmptyCallback)
    HAL_UARTEx_WakeupCallback                0x08002b99   Thumb Code     2  stm32h7xx_hal_uart_ex.o(i.HAL_UARTEx_WakeupCallback)
    HAL_UART_ErrorCallback                   0x08002b9b   Thumb Code     2  stm32h7xx_hal_uart.o(i.HAL_UART_ErrorCallback)
    HAL_UART_IRQHandler                      0x08002b9d   Thumb Code   878  stm32h7xx_hal_uart.o(i.HAL_UART_IRQHandler)
    HAL_UART_Init                            0x08002f25   Thumb Code   106  stm32h7xx_hal_uart.o(i.HAL_UART_Init)
    HAL_UART_MspInit                         0x08002f91   Thumb Code   138  usart.o(i.HAL_UART_MspInit)
    HAL_UART_Receive                         0x08003029   Thumb Code   232  stm32h7xx_hal_uart.o(i.HAL_UART_Receive)
    HAL_UART_TxCpltCallback                  0x08003111   Thumb Code     2  stm32h7xx_hal_uart.o(i.HAL_UART_TxCpltCallback)
    HardFault_Handler                        0x08003113   Thumb Code     2  stm32h7xx_it.o(i.HardFault_Handler)
    MX_FREERTOS_Init                         0x08003115   Thumb Code    82  freertos.o(i.MX_FREERTOS_Init)
    MX_GPIO_Init                             0x08003175   Thumb Code    82  gpio.o(i.MX_GPIO_Init)
    MX_USART1_UART_Init                      0x080031d1   Thumb Code    94  usart.o(i.MX_USART1_UART_Init)
    MemManage_Handler                        0x08003239   Thumb Code     2  stm32h7xx_it.o(i.MemManage_Handler)
    NMI_Handler                              0x0800323b   Thumb Code     2  stm32h7xx_it.o(i.NMI_Handler)
    StartDefaultTask                         0x0800347d   Thumb Code     8  freertos.o(i.StartDefaultTask)
    SysTick_Handler                          0x08003485   Thumb Code    26  cmsis_os2.o(i.SysTick_Handler)
    SystemClock_Config                       0x080034a1   Thumb Code   164  main.o(i.SystemClock_Config)
    SystemInit                               0x0800354d   Thumb Code   180  system_stm32h7xx.o(i.SystemInit)
    TIM1_UP_IRQHandler                       0x08003629   Thumb Code     6  stm32h7xx_it.o(i.TIM1_UP_IRQHandler)
    TIM_Base_SetConfig                       0x08003635   Thumb Code   176  stm32h7xx_hal_tim.o(i.TIM_Base_SetConfig)
    UART_AdvFeatureConfig                    0x08003749   Thumb Code   200  stm32h7xx_hal_uart.o(i.UART_AdvFeatureConfig)
    UART_CheckIdleState                      0x08003811   Thumb Code   170  stm32h7xx_hal_uart.o(i.UART_CheckIdleState)
    UART_SetConfig                           0x08003925   Thumb Code   876  stm32h7xx_hal_uart.o(i.UART_SetConfig)
    UART_WaitOnFlagUntilTimeout              0x08003cd1   Thumb Code   148  stm32h7xx_hal_uart.o(i.UART_WaitOnFlagUntilTimeout)
    USART1_IRQHandler                        0x08003d65   Thumb Code   102  stm32h7xx_it.o(i.USART1_IRQHandler)
    UsageFault_Handler                       0x08003dd9   Thumb Code     2  stm32h7xx_it.o(i.UsageFault_Handler)
    fifo_deQueue                             0x08003dfd   Thumb Code    36  fifo.o(i.fifo_deQueue)
    fifo_enQueue                             0x08003e25   Thumb Code    36  fifo.o(i.fifo_enQueue)
    fifo_queueLength                         0x08003e4d   Thumb Code    44  fifo.o(i.fifo_queueLength)
    main                                     0x08003e7d   Thumb Code   106  main.o(i.main)
    osDelay                                  0x08003ee7   Thumb Code    30  cmsis_os2.o(i.osDelay)
    osKernelInitialize                       0x08003f05   Thumb Code    34  cmsis_os2.o(i.osKernelInitialize)
    osKernelStart                            0x08003f2d   Thumb Code    48  cmsis_os2.o(i.osKernelStart)
    osThreadNew                              0x08003f65   Thumb Code   188  cmsis_os2.o(i.osThreadNew)
    pvPortMalloc                             0x08004865   Thumb Code   224  heap_4.o(i.pvPortMalloc)
    pxPortInitialiseStack                    0x0800494d   Thumb Code    38  port.o(i.pxPortInitialiseStack)
    task1                                    0x08004979   Thumb Code    18  freertos.o(i.task1)
    task2                                    0x08004991   Thumb Code    18  freertos.o(i.task2)
    task3                                    0x080049a9   Thumb Code    70  freertos.o(i.task3)
    uxListRemove                             0x080049f9   Thumb Code    38  list.o(i.uxListRemove)
    vApplicationGetIdleTaskMemory            0x08004a21   Thumb Code    16  cmsis_os2.o(i.vApplicationGetIdleTaskMemory)
    vApplicationGetTimerTaskMemory           0x08004a35   Thumb Code    18  cmsis_os2.o(i.vApplicationGetTimerTaskMemory)
    vListInitialise                          0x08004a4d   Thumb Code    22  list.o(i.vListInitialise)
    vListInitialiseItem                      0x08004a63   Thumb Code     6  list.o(i.vListInitialiseItem)
    vListInsert                              0x08004a69   Thumb Code    58  list.o(i.vListInsert)
    vListInsertEnd                           0x08004aa3   Thumb Code    24  list.o(i.vListInsertEnd)
    vPortEnterCritical                       0x08004abd   Thumb Code    54  port.o(i.vPortEnterCritical)
    vPortExitCritical                        0x08004afd   Thumb Code    38  port.o(i.vPortExitCritical)
    vPortFree                                0x08004b29   Thumb Code    94  heap_4.o(i.vPortFree)
    vPortSetupTimerInterrupt                 0x08004b8d   Thumb Code    32  port.o(i.vPortSetupTimerInterrupt)
    vPortValidateInterruptPriority           0x08004bb1   Thumb Code    74  port.o(i.vPortValidateInterruptPriority)
    vQueueAddToRegistry                      0x08004c05   Thumb Code    34  queue.o(i.vQueueAddToRegistry)
    vQueueWaitForMessageRestricted           0x08004c2d   Thumb Code    74  queue.o(i.vQueueWaitForMessageRestricted)
    vTaskDelay                               0x08004c79   Thumb Code    70  tasks.o(i.vTaskDelay)
    vTaskDelete                              0x08004cc9   Thumb Code   130  tasks.o(i.vTaskDelete)
    vTaskInternalSetTimeOutState             0x08004d59   Thumb Code    12  tasks.o(i.vTaskInternalSetTimeOutState)
    vTaskMissedYield                         0x08004d69   Thumb Code     8  tasks.o(i.vTaskMissedYield)
    vTaskPlaceOnEventList                    0x08004d75   Thumb Code    48  tasks.o(i.vTaskPlaceOnEventList)
    vTaskPlaceOnEventListRestricted          0x08004da9   Thumb Code    54  tasks.o(i.vTaskPlaceOnEventListRestricted)
    vTaskStartScheduler                      0x08004de5   Thumb Code   128  tasks.o(i.vTaskStartScheduler)
    vTaskSuspendAll                          0x08004e75   Thumb Code    10  tasks.o(i.vTaskSuspendAll)
    vTaskSwitchContext                       0x08004e85   Thumb Code   100  tasks.o(i.vTaskSwitchContext)
    xPortStartScheduler                      0x08004ef1   Thumb Code   232  port.o(i.xPortStartScheduler)
    xPortSysTickHandler                      0x08004ff5   Thumb Code    38  port.o(i.xPortSysTickHandler)
    xQueueGenericCreateStatic                0x08005021   Thumb Code   112  queue.o(i.xQueueGenericCreateStatic)
    xQueueGenericReset                       0x08005091   Thumb Code   138  queue.o(i.xQueueGenericReset)
    xQueueGenericSend                        0x08005121   Thumb Code   362  queue.o(i.xQueueGenericSend)
    xQueueGenericSendFromISR                 0x08005291   Thumb Code   190  queue.o(i.xQueueGenericSendFromISR)
    xQueueReceive                            0x08005351   Thumb Code   322  queue.o(i.xQueueReceive)
    xTaskCheckForTimeOut                     0x08005499   Thumb Code   122  tasks.o(i.xTaskCheckForTimeOut)
    xTaskCreate                              0x08005519   Thumb Code   108  tasks.o(i.xTaskCreate)
    xTaskCreateStatic                        0x08005585   Thumb Code    96  tasks.o(i.xTaskCreateStatic)
    xTaskGetSchedulerState                   0x080055e5   Thumb Code    24  tasks.o(i.xTaskGetSchedulerState)
    xTaskGetTickCount                        0x08005601   Thumb Code     6  tasks.o(i.xTaskGetTickCount)
    xTaskIncrementTick                       0x0800560d   Thumb Code   196  tasks.o(i.xTaskIncrementTick)
    xTaskPriorityDisinherit                  0x080056d9   Thumb Code   118  tasks.o(i.xTaskPriorityDisinherit)
    xTaskRemoveFromEventList                 0x08005759   Thumb Code   106  tasks.o(i.xTaskRemoveFromEventList)
    xTaskResumeAll                           0x080057d1   Thumb Code   190  tasks.o(i.xTaskResumeAll)
    xTimerCreateTimerTask                    0x0800589d   Thumb Code    86  timers.o(i.xTimerCreateTimerTask)
    xTimerGenericCommand                     0x08005905   Thumb Code   112  timers.o(i.xTimerGenericCommand)
    _fp_init                                 0x08005979   Thumb Code    10  fpinit.o(x$fpl$fpinit)
    __fplib_config_fpu_vfp                   0x08005981   Thumb Code     0  fpinit.o(x$fpl$fpinit)
    __fplib_config_pureend_doubles           0x08005981   Thumb Code     0  fpinit.o(x$fpl$fpinit)
    task1_attributes                         0x08005984   Data          36  freertos.o(.constdata)
    task2_attributes                         0x080059a8   Data          36  freertos.o(.constdata)
    task3_attributes                         0x080059cc   Data          36  freertos.o(.constdata)
    defaultTask_attributes                   0x080059f0   Data          36  freertos.o(.constdata)
    UARTPrescTable                           0x08005a38   Data          24  stm32h7xx_hal_uart.o(.constdata)
    D1CorePrescTable                         0x08005a60   Data          16  system_stm32h7xx.o(.constdata)
    Region$$Table$$Base                      0x08005a94   Number         0  anon$$obj.o(Region$$Table)
    Region$$Table$$Limit                     0x08005ab4   Number         0  anon$$obj.o(Region$$Table)
    task1Handle                              0x24000000   Data           4  freertos.o(.data)
    defaultTaskHandle                        0x24000004   Data           4  freertos.o(.data)
    task2Handle                              0x24000008   Data           4  freertos.o(.data)
    task3Handle                              0x2400000c   Data           4  freertos.o(.data)
    rxFrameFlag                              0x24000010   Data           1  usart.o(.data)
    uwTickFreq                               0x24000014   Data           1  stm32h7xx_hal.o(.data)
    uwTickPrio                               0x24000018   Data           4  stm32h7xx_hal.o(.data)
    uwTick                                   0x2400001c   Data           4  stm32h7xx_hal.o(.data)
    SystemCoreClock                          0x24000020   Data           4  system_stm32h7xx.o(.data)
    SystemD2Clock                            0x24000024   Data           4  system_stm32h7xx.o(.data)
    pxCurrentTCB                             0x24000028   Data           4  tasks.o(.data)
    rxFIFO                                   0x240000a8   Data         258  fifo.o(.bss)
    rxCmd                                    0x240001aa   Data         128  usart.o(.bss)
    huart1                                   0x2400022c   Data         148  usart.o(.bss)
    htim1                                    0x240002c0   Data          76  stm32h7xx_hal_timebase_tim.o(.bss)
    xQueueRegistry                           0x2400030c   Data          64  queue.o(.bss)
    __libspace_start                         0x24004be0   Data          96  libspace.o(.bss)
    __temporary_stack_top$libspace           0x24004c40   Data           0  libspace.o(.bss)



==============================================================================

Memory Map of the image

  Image Entry point : 0x08000299

  Load Region LR_IROM1 (Base: 0x08000000, Size: 0x00005b5c, Max: 0x00200000, ABSOLUTE)

    Execution Region ER_IROM1 (Exec base: 0x08000000, Load base: 0x08000000, Size: 0x00005ab4, Max: 0x00200000, ABSOLUTE)

    Exec Addr    Load Addr    Size         Type   Attr      Idx    E Section Name        Object

    0x08000000   0x08000000   0x00000298   Data   RO            3    RESET               startup_stm32h743xx.o
    0x08000298   0x08000298   0x00000008   Code   RO         6495  * !!!main             c_w.l(__main.o)
    0x080002a0   0x080002a0   0x00000034   Code   RO         6666    !!!scatter          c_w.l(__scatter.o)
    0x080002d4   0x080002d4   0x0000001a   Code   RO         6668    !!handler_copy      c_w.l(__scatter_copy.o)
    0x080002ee   0x080002ee   0x00000002   PAD
    0x080002f0   0x080002f0   0x0000001c   Code   RO         6670    !!handler_zi        c_w.l(__scatter_zi.o)
    0x0800030c   0x0800030c   0x00000002   Code   RO         6536    .ARM.Collect$$libinit$$00000000  c_w.l(libinit.o)
    0x0800030e   0x0800030e   0x00000004   Code   RO         6548    .ARM.Collect$$libinit$$00000001  c_w.l(libinit2.o)
    0x08000312   0x08000312   0x00000000   Code   RO         6551    .ARM.Collect$$libinit$$00000004  c_w.l(libinit2.o)
    0x08000312   0x08000312   0x00000000   Code   RO         6554    .ARM.Collect$$libinit$$0000000A  c_w.l(libinit2.o)
    0x08000312   0x08000312   0x00000000   Code   RO         6556    .ARM.Collect$$libinit$$0000000C  c_w.l(libinit2.o)
    0x08000312   0x08000312   0x00000000   Code   RO         6558    .ARM.Collect$$libinit$$0000000E  c_w.l(libinit2.o)
    0x08000312   0x08000312   0x00000000   Code   RO         6561    .ARM.Collect$$libinit$$00000011  c_w.l(libinit2.o)
    0x08000312   0x08000312   0x00000000   Code   RO         6563    .ARM.Collect$$libinit$$00000013  c_w.l(libinit2.o)
    0x08000312   0x08000312   0x00000000   Code   RO         6565    .ARM.Collect$$libinit$$00000015  c_w.l(libinit2.o)
    0x08000312   0x08000312   0x00000000   Code   RO         6567    .ARM.Collect$$libinit$$00000017  c_w.l(libinit2.o)
    0x08000312   0x08000312   0x00000000   Code   RO         6569    .ARM.Collect$$libinit$$00000019  c_w.l(libinit2.o)
    0x08000312   0x08000312   0x00000000   Code   RO         6571    .ARM.Collect$$libinit$$0000001B  c_w.l(libinit2.o)
    0x08000312   0x08000312   0x00000000   Code   RO         6573    .ARM.Collect$$libinit$$0000001D  c_w.l(libinit2.o)
    0x08000312   0x08000312   0x00000000   Code   RO         6575    .ARM.Collect$$libinit$$0000001F  c_w.l(libinit2.o)
    0x08000312   0x08000312   0x00000000   Code   RO         6577    .ARM.Collect$$libinit$$00000021  c_w.l(libinit2.o)
    0x08000312   0x08000312   0x00000000   Code   RO         6579    .ARM.Collect$$libinit$$00000023  c_w.l(libinit2.o)
    0x08000312   0x08000312   0x00000000   Code   RO         6581    .ARM.Collect$$libinit$$00000025  c_w.l(libinit2.o)
    0x08000312   0x08000312   0x00000000   Code   RO         6585    .ARM.Collect$$libinit$$0000002C  c_w.l(libinit2.o)
    0x08000312   0x08000312   0x00000000   Code   RO         6587    .ARM.Collect$$libinit$$0000002E  c_w.l(libinit2.o)
    0x08000312   0x08000312   0x00000000   Code   RO         6589    .ARM.Collect$$libinit$$00000030  c_w.l(libinit2.o)
    0x08000312   0x08000312   0x00000000   Code   RO         6591    .ARM.Collect$$libinit$$00000032  c_w.l(libinit2.o)
    0x08000312   0x08000312   0x00000002   Code   RO         6592    .ARM.Collect$$libinit$$00000033  c_w.l(libinit2.o)
    0x08000314   0x08000314   0x00000002   Code   RO         6623    .ARM.Collect$$libshutdown$$00000000  c_w.l(libshutdown.o)
    0x08000316   0x08000316   0x00000000   Code   RO         6649    .ARM.Collect$$libshutdown$$00000002  c_w.l(libshutdown2.o)
    0x08000316   0x08000316   0x00000000   Code   RO         6651    .ARM.Collect$$libshutdown$$00000004  c_w.l(libshutdown2.o)
    0x08000316   0x08000316   0x00000000   Code   RO         6654    .ARM.Collect$$libshutdown$$00000007  c_w.l(libshutdown2.o)
    0x08000316   0x08000316   0x00000000   Code   RO         6657    .ARM.Collect$$libshutdown$$0000000A  c_w.l(libshutdown2.o)
    0x08000316   0x08000316   0x00000000   Code   RO         6659    .ARM.Collect$$libshutdown$$0000000C  c_w.l(libshutdown2.o)
    0x08000316   0x08000316   0x00000000   Code   RO         6662    .ARM.Collect$$libshutdown$$0000000F  c_w.l(libshutdown2.o)
    0x08000316   0x08000316   0x00000002   Code   RO         6663    .ARM.Collect$$libshutdown$$00000010  c_w.l(libshutdown2.o)
    0x08000318   0x08000318   0x00000000   Code   RO         6497    .ARM.Collect$$rtentry$$00000000  c_w.l(__rtentry.o)
    0x08000318   0x08000318   0x00000000   Code   RO         6507    .ARM.Collect$$rtentry$$00000002  c_w.l(__rtentry2.o)
    0x08000318   0x08000318   0x00000006   Code   RO         6519    .ARM.Collect$$rtentry$$00000004  c_w.l(__rtentry4.o)
    0x0800031e   0x0800031e   0x00000000   Code   RO         6509    .ARM.Collect$$rtentry$$00000009  c_w.l(__rtentry2.o)
    0x0800031e   0x0800031e   0x00000004   Code   RO         6510    .ARM.Collect$$rtentry$$0000000A  c_w.l(__rtentry2.o)
    0x08000322   0x08000322   0x00000000   Code   RO         6512    .ARM.Collect$$rtentry$$0000000C  c_w.l(__rtentry2.o)
    0x08000322   0x08000322   0x00000008   Code   RO         6513    .ARM.Collect$$rtentry$$0000000D  c_w.l(__rtentry2.o)
    0x0800032a   0x0800032a   0x00000002   Code   RO         6540    .ARM.Collect$$rtexit$$00000000  c_w.l(rtexit.o)
    0x0800032c   0x0800032c   0x00000000   Code   RO         6596    .ARM.Collect$$rtexit$$00000002  c_w.l(rtexit2.o)
    0x0800032c   0x0800032c   0x00000004   Code   RO         6597    .ARM.Collect$$rtexit$$00000003  c_w.l(rtexit2.o)
    0x08000330   0x08000330   0x00000006   Code   RO         6598    .ARM.Collect$$rtexit$$00000004  c_w.l(rtexit2.o)
    0x08000336   0x08000336   0x00000002   PAD
    0x08000338   0x08000338   0x000000be   Code   RO         6404    .emb_text           port.o
    0x080003f6   0x080003f6   0x00000002   PAD
    0x080003f8   0x080003f8   0x00000040   Code   RO            4    .text               startup_stm32h743xx.o
    0x08000438   0x08000438   0x000000ee   Code   RO         6483    .text               c_w.l(lludivv7m.o)
    0x08000526   0x08000526   0x0000008a   Code   RO         6485    .text               c_w.l(rt_memcpy_v6.o)
    0x080005b0   0x080005b0   0x00000010   Code   RO         6489    .text               c_w.l(aeabi_memset.o)
    0x080005c0   0x080005c0   0x0000004e   Code   RO         6491    .text               c_w.l(rt_memclr_w.o)
    0x0800060e   0x0800060e   0x00000006   Code   RO         6493    .text               c_w.l(heapauxi.o)
    0x08000614   0x08000614   0x00000064   Code   RO         6502    .text               c_w.l(rt_memcpy_w.o)
    0x08000678   0x08000678   0x00000044   Code   RO         6504    .text               c_w.l(rt_memclr.o)
    0x080006bc   0x080006bc   0x0000004a   Code   RO         6523    .text               c_w.l(sys_stackheap_outer.o)
    0x08000706   0x08000706   0x00000012   Code   RO         6525    .text               c_w.l(exit.o)
    0x08000718   0x08000718   0x00000008   Code   RO         6537    .text               c_w.l(libspace.o)
    0x08000720   0x08000720   0x0000000c   Code   RO         6593    .text               c_w.l(sys_exit.o)
    0x0800072c   0x0800072c   0x00000002   Code   RO         6612    .text               c_w.l(use_no_semi.o)
    0x0800072e   0x0800072e   0x00000000   Code   RO         6614    .text               c_w.l(indicate_semi.o)
    0x0800072e   0x0800072e   0x00000002   Code   RO          553    i.BusFault_Handler  stm32h7xx_it.o
    0x08000730   0x08000730   0x00000002   Code   RO          554    i.DebugMon_Handler  stm32h7xx_it.o
    0x08000732   0x08000732   0x00000004   Code   RO          325    i.Error_Handler     main.o
    0x08000736   0x08000736   0x00000002   PAD
    0x08000738   0x08000738   0x00000360   Code   RO         1486    i.HAL_DMA_Abort     stm32h7xx_hal_dma.o
    0x08000a98   0x08000a98   0x00000284   Code   RO         1487    i.HAL_DMA_Abort_IT  stm32h7xx_hal_dma.o
    0x08000d1c   0x08000d1c   0x0000022c   Code   RO         1334    i.HAL_GPIO_Init     stm32h7xx_hal_gpio.o
    0x08000f48   0x08000f48   0x0000000a   Code   RO         1336    i.HAL_GPIO_ReadPin  stm32h7xx_hal_gpio.o
    0x08000f52   0x08000f52   0x00000010   Code   RO         1337    i.HAL_GPIO_TogglePin  stm32h7xx_hal_gpio.o
    0x08000f62   0x08000f62   0x0000000a   Code   RO         1338    i.HAL_GPIO_WritePin  stm32h7xx_hal_gpio.o
    0x08000f6c   0x08000f6c   0x0000000c   Code   RO         2206    i.HAL_GetREVID      stm32h7xx_hal.o
    0x08000f78   0x08000f78   0x0000000c   Code   RO         2207    i.HAL_GetTick       stm32h7xx_hal.o
    0x08000f84   0x08000f84   0x00000010   Code   RO         2213    i.HAL_IncTick       stm32h7xx_hal.o
    0x08000f94   0x08000f94   0x0000005c   Code   RO         2214    i.HAL_Init          stm32h7xx_hal.o
    0x08000ff0   0x08000ff0   0x00000084   Code   RO          647    i.HAL_InitTick      stm32h7xx_hal_timebase_tim.o
    0x08001074   0x08001074   0x0000005c   Code   RO          687    i.HAL_MPU_ConfigRegion  stm32h7xx_hal_cortex.o
    0x080010d0   0x080010d0   0x0000001c   Code   RO          688    i.HAL_MPU_Disable   stm32h7xx_hal_cortex.o
    0x080010ec   0x080010ec   0x00000024   Code   RO          690    i.HAL_MPU_Enable    stm32h7xx_hal_cortex.o
    0x08001110   0x08001110   0x00000024   Code   RO          623    i.HAL_MspInit       stm32h7xx_hal_msp.o
    0x08001134   0x08001134   0x0000001a   Code   RO          694    i.HAL_NVIC_EnableIRQ  stm32h7xx_hal_cortex.o
    0x0800114e   0x0800114e   0x00000002   PAD
    0x08001150   0x08001150   0x00000040   Code   RO          700    i.HAL_NVIC_SetPriority  stm32h7xx_hal_cortex.o
    0x08001190   0x08001190   0x00000024   Code   RO          701    i.HAL_NVIC_SetPriorityGrouping  stm32h7xx_hal_cortex.o
    0x080011b4   0x080011b4   0x00000054   Code   RO         1935    i.HAL_PWREx_ConfigSupply  stm32h7xx_hal_pwr_ex.o
    0x08001208   0x08001208   0x00000024   Code   RO          955    i.HAL_RCCEx_GetD3PCLK1Freq  stm32h7xx_hal_rcc_ex.o
    0x0800122c   0x0800122c   0x00000144   Code   RO          957    i.HAL_RCCEx_GetPLL2ClockFreq  stm32h7xx_hal_rcc_ex.o
    0x08001370   0x08001370   0x00000144   Code   RO          958    i.HAL_RCCEx_GetPLL3ClockFreq  stm32h7xx_hal_rcc_ex.o
    0x080014b4   0x080014b4   0x000009ac   Code   RO          964    i.HAL_RCCEx_PeriphCLKConfig  stm32h7xx_hal_rcc_ex.o
    0x08001e60   0x08001e60   0x0000025c   Code   RO          840    i.HAL_RCC_ClockConfig  stm32h7xx_hal_rcc.o
    0x080020bc   0x080020bc   0x0000005c   Code   RO          844    i.HAL_RCC_GetClockConfig  stm32h7xx_hal_rcc.o
    0x08002118   0x08002118   0x00000044   Code   RO          845    i.HAL_RCC_GetHCLKFreq  stm32h7xx_hal_rcc.o
    0x0800215c   0x0800215c   0x00000024   Code   RO          847    i.HAL_RCC_GetPCLK1Freq  stm32h7xx_hal_rcc.o
    0x08002180   0x08002180   0x00000024   Code   RO          848    i.HAL_RCC_GetPCLK2Freq  stm32h7xx_hal_rcc.o
    0x080021a4   0x080021a4   0x00000138   Code   RO          849    i.HAL_RCC_GetSysClockFreq  stm32h7xx_hal_rcc.o
    0x080022dc   0x080022dc   0x00000582   Code   RO          852    i.HAL_RCC_OscConfig  stm32h7xx_hal_rcc.o
    0x0800285e   0x0800285e   0x00000002   Code   RO         3814    i.HAL_TIMEx_Break2Callback  stm32h7xx_hal_tim_ex.o
    0x08002860   0x08002860   0x00000002   Code   RO         3815    i.HAL_TIMEx_BreakCallback  stm32h7xx_hal_tim_ex.o
    0x08002862   0x08002862   0x00000002   Code   RO         3816    i.HAL_TIMEx_CommutCallback  stm32h7xx_hal_tim_ex.o
    0x08002864   0x08002864   0x00000062   Code   RO         3100    i.HAL_TIM_Base_Init  stm32h7xx_hal_tim.o
    0x080028c6   0x080028c6   0x00000002   Code   RO         3102    i.HAL_TIM_Base_MspInit  stm32h7xx_hal_tim.o
    0x080028c8   0x080028c8   0x0000008c   Code   RO         3105    i.HAL_TIM_Base_Start_IT  stm32h7xx_hal_tim.o
    0x08002954   0x08002954   0x00000002   Code   RO         3134    i.HAL_TIM_IC_CaptureCallback  stm32h7xx_hal_tim.o
    0x08002956   0x08002956   0x00000148   Code   RO         3148    i.HAL_TIM_IRQHandler  stm32h7xx_hal_tim.o
    0x08002a9e   0x08002a9e   0x00000002   Code   RO         3151    i.HAL_TIM_OC_DelayElapsedCallback  stm32h7xx_hal_tim.o
    0x08002aa0   0x08002aa0   0x00000002   Code   RO         3178    i.HAL_TIM_PWM_PulseFinishedCallback  stm32h7xx_hal_tim.o
    0x08002aa2   0x08002aa2   0x00000002   PAD
    0x08002aa4   0x08002aa4   0x00000014   Code   RO          326    i.HAL_TIM_PeriodElapsedCallback  main.o
    0x08002ab8   0x08002ab8   0x00000002   Code   RO         3191    i.HAL_TIM_TriggerCallback  stm32h7xx_hal_tim.o
    0x08002aba   0x08002aba   0x00000040   Code   RO         4525    i.HAL_UARTEx_DisableFifoMode  stm32h7xx_hal_uart_ex.o
    0x08002afa   0x08002afa   0x00000002   Code   RO         4114    i.HAL_UARTEx_RxEventCallback  stm32h7xx_hal_uart.o
    0x08002afc   0x08002afc   0x00000002   Code   RO         4533    i.HAL_UARTEx_RxFifoFullCallback  stm32h7xx_hal_uart_ex.o
    0x08002afe   0x08002afe   0x0000004c   Code   RO         4534    i.HAL_UARTEx_SetRxFifoThreshold  stm32h7xx_hal_uart_ex.o
    0x08002b4a   0x08002b4a   0x0000004c   Code   RO         4535    i.HAL_UARTEx_SetTxFifoThreshold  stm32h7xx_hal_uart_ex.o
    0x08002b96   0x08002b96   0x00000002   Code   RO         4537    i.HAL_UARTEx_TxFifoEmptyCallback  stm32h7xx_hal_uart_ex.o
    0x08002b98   0x08002b98   0x00000002   Code   RO         4538    i.HAL_UARTEx_WakeupCallback  stm32h7xx_hal_uart_ex.o
    0x08002b9a   0x08002b9a   0x00000002   Code   RO         4130    i.HAL_UART_ErrorCallback  stm32h7xx_hal_uart.o
    0x08002b9c   0x08002b9c   0x00000388   Code   RO         4133    i.HAL_UART_IRQHandler  stm32h7xx_hal_uart.o
    0x08002f24   0x08002f24   0x0000006a   Code   RO         4134    i.HAL_UART_Init     stm32h7xx_hal_uart.o
    0x08002f8e   0x08002f8e   0x00000002   PAD
    0x08002f90   0x08002f90   0x00000098   Code   RO          497    i.HAL_UART_MspInit  usart.o
    0x08003028   0x08003028   0x000000e8   Code   RO         4137    i.HAL_UART_Receive  stm32h7xx_hal_uart.o
    0x08003110   0x08003110   0x00000002   Code   RO         4146    i.HAL_UART_TxCpltCallback  stm32h7xx_hal_uart.o
    0x08003112   0x08003112   0x00000002   Code   RO          555    i.HardFault_Handler  stm32h7xx_it.o
    0x08003114   0x08003114   0x00000060   Code   RO          427    i.MX_FREERTOS_Init  freertos.o
    0x08003174   0x08003174   0x0000005c   Code   RO          403    i.MX_GPIO_Init      gpio.o
    0x080031d0   0x080031d0   0x00000068   Code   RO          498    i.MX_USART1_UART_Init  usart.o
    0x08003238   0x08003238   0x00000002   Code   RO          556    i.MemManage_Handler  stm32h7xx_it.o
    0x0800323a   0x0800323a   0x00000002   Code   RO          557    i.NMI_Handler       stm32h7xx_it.o
    0x0800323c   0x0800323c   0x00000120   Code   RO          967    i.RCCEx_PLL2_Config  stm32h7xx_hal_rcc_ex.o
    0x0800335c   0x0800335c   0x00000120   Code   RO          968    i.RCCEx_PLL3_Config  stm32h7xx_hal_rcc_ex.o
    0x0800347c   0x0800347c   0x00000008   Code   RO          428    i.StartDefaultTask  freertos.o
    0x08003484   0x08003484   0x0000001a   Code   RO         5824    i.SysTick_Handler   cmsis_os2.o
    0x0800349e   0x0800349e   0x00000002   PAD
    0x080034a0   0x080034a0   0x000000ac   Code   RO          327    i.SystemClock_Config  main.o
    0x0800354c   0x0800354c   0x000000dc   Code   RO         4644    i.SystemInit        system_stm32h7xx.o
    0x08003628   0x08003628   0x0000000c   Code   RO          558    i.TIM1_UP_IRQHandler  stm32h7xx_it.o
    0x08003634   0x08003634   0x000000d0   Code   RO         3193    i.TIM_Base_SetConfig  stm32h7xx_hal_tim.o
    0x08003704   0x08003704   0x00000044   Code   RO         4539    i.UARTEx_SetNbDataToProcess  stm32h7xx_hal_uart_ex.o
    0x08003748   0x08003748   0x000000c8   Code   RO         4148    i.UART_AdvFeatureConfig  stm32h7xx_hal_uart.o
    0x08003810   0x08003810   0x000000aa   Code   RO         4149    i.UART_CheckIdleState  stm32h7xx_hal_uart.o
    0x080038ba   0x080038ba   0x00000014   Code   RO         4150    i.UART_DMAAbortOnError  stm32h7xx_hal_uart.o
    0x080038ce   0x080038ce   0x00000002   PAD
    0x080038d0   0x080038d0   0x00000054   Code   RO         4160    i.UART_EndRxTransfer  stm32h7xx_hal_uart.o
    0x08003924   0x08003924   0x000003ac   Code   RO         4166    i.UART_SetConfig    stm32h7xx_hal_uart.o
    0x08003cd0   0x08003cd0   0x00000094   Code   RO         4173    i.UART_WaitOnFlagUntilTimeout  stm32h7xx_hal_uart.o
    0x08003d64   0x08003d64   0x00000074   Code   RO          559    i.USART1_IRQHandler  stm32h7xx_it.o
    0x08003dd8   0x08003dd8   0x00000002   Code   RO          560    i.UsageFault_Handler  stm32h7xx_it.o
    0x08003dda   0x08003dda   0x00000022   Code   RO          707    i.__NVIC_SetPriority  stm32h7xx_hal_cortex.o
    0x08003dfc   0x08003dfc   0x00000028   Code   RO          271    i.fifo_deQueue      fifo.o
    0x08003e24   0x08003e24   0x00000028   Code   RO          272    i.fifo_enQueue      fifo.o
    0x08003e4c   0x08003e4c   0x00000030   Code   RO          274    i.fifo_queueLength  fifo.o
    0x08003e7c   0x08003e7c   0x0000006a   Code   RO          328    i.main              main.o
    0x08003ee6   0x08003ee6   0x0000001e   Code   RO         5826    i.osDelay           cmsis_os2.o
    0x08003f04   0x08003f04   0x00000028   Code   RO         5840    i.osKernelInitialize  cmsis_os2.o
    0x08003f2c   0x08003f2c   0x00000038   Code   RO         5843    i.osKernelStart     cmsis_os2.o
    0x08003f64   0x08003f64   0x000000bc   Code   RO         5885    i.osThreadNew       cmsis_os2.o
    0x08004020   0x08004020   0x00000060   Code   RO         5261    i.prvAddCurrentTaskToDelayedList  tasks.o
    0x08004080   0x08004080   0x00000088   Code   RO         5262    i.prvAddNewTaskToReadyList  tasks.o
    0x08004108   0x08004108   0x0000005c   Code   RO         5637    i.prvCheckForValidListAndQueue  timers.o
    0x08004164   0x08004164   0x00000040   Code   RO         5263    i.prvCheckTasksWaitingTermination  tasks.o
    0x080041a4   0x080041a4   0x00000024   Code   RO         4848    i.prvCopyDataFromQueue  queue.o
    0x080041c8   0x080041c8   0x0000006e   Code   RO         4849    i.prvCopyDataToQueue  queue.o
    0x08004236   0x08004236   0x00000040   Code   RO         5264    i.prvDeleteTCB      tasks.o
    0x08004276   0x08004276   0x00000002   PAD
    0x08004278   0x08004278   0x00000024   Code   RO         5638    i.prvGetNextExpireTime  timers.o
    0x0800429c   0x0800429c   0x00000050   Code   RO         6349    i.prvHeapInit       heap_4.o
    0x080042ec   0x080042ec   0x00000028   Code   RO         5265    i.prvIdleTask       tasks.o
    0x08004314   0x08004314   0x00000022   Code   RO         4852    i.prvInitialiseNewQueue  queue.o
    0x08004336   0x08004336   0x00000094   Code   RO         5266    i.prvInitialiseNewTask  tasks.o
    0x080043ca   0x080043ca   0x00000002   PAD
    0x080043cc   0x080043cc   0x00000060   Code   RO         5267    i.prvInitialiseTaskLists  tasks.o
    0x0800442c   0x0800442c   0x00000060   Code   RO         6350    i.prvInsertBlockIntoFreeList  heap_4.o
    0x0800448c   0x0800448c   0x00000048   Code   RO         5640    i.prvInsertTimerInActiveList  timers.o
    0x080044d4   0x080044d4   0x0000001a   Code   RO         4853    i.prvIsQueueEmpty   queue.o
    0x080044ee   0x080044ee   0x0000001e   Code   RO         4854    i.prvIsQueueFull    queue.o
    0x0800450c   0x0800450c   0x00000068   Code   RO         5641    i.prvProcessExpiredTimer  timers.o
    0x08004574   0x08004574   0x00000110   Code   RO         5642    i.prvProcessReceivedCommands  timers.o
    0x08004684   0x08004684   0x0000006c   Code   RO         5643    i.prvProcessTimerOrBlockTask  timers.o
    0x080046f0   0x080046f0   0x00000024   Code   RO         5269    i.prvResetNextTaskUnblockTime  tasks.o
    0x08004714   0x08004714   0x0000002c   Code   RO         5644    i.prvSampleTimeNow  timers.o
    0x08004740   0x08004740   0x00000078   Code   RO         5645    i.prvSwitchTimerLists  timers.o
    0x080047b8   0x080047b8   0x00000030   Code   RO         6405    i.prvTaskExitError  port.o
    0x080047e8   0x080047e8   0x00000014   Code   RO         5646    i.prvTimerTask      timers.o
    0x080047fc   0x080047fc   0x00000068   Code   RO         4855    i.prvUnlockQueue    queue.o
    0x08004864   0x08004864   0x000000e8   Code   RO         6351    i.pvPortMalloc      heap_4.o
    0x0800494c   0x0800494c   0x0000002c   Code   RO         6406    i.pxPortInitialiseStack  port.o
    0x08004978   0x08004978   0x00000018   Code   RO          429    i.task1             freertos.o
    0x08004990   0x08004990   0x00000018   Code   RO          430    i.task2             freertos.o
    0x080049a8   0x080049a8   0x00000050   Code   RO          431    i.task3             freertos.o
    0x080049f8   0x080049f8   0x00000026   Code   RO         4808    i.uxListRemove      list.o
    0x08004a1e   0x08004a1e   0x00000002   PAD
    0x08004a20   0x08004a20   0x00000014   Code   RO         5897    i.vApplicationGetIdleTaskMemory  cmsis_os2.o
    0x08004a34   0x08004a34   0x00000018   Code   RO         5898    i.vApplicationGetTimerTaskMemory  cmsis_os2.o
    0x08004a4c   0x08004a4c   0x00000016   Code   RO         4809    i.vListInitialise   list.o
    0x08004a62   0x08004a62   0x00000006   Code   RO         4810    i.vListInitialiseItem  list.o
    0x08004a68   0x08004a68   0x0000003a   Code   RO         4811    i.vListInsert       list.o
    0x08004aa2   0x08004aa2   0x00000018   Code   RO         4812    i.vListInsertEnd    list.o
    0x08004aba   0x08004aba   0x00000002   PAD
    0x08004abc   0x08004abc   0x00000040   Code   RO         6408    i.vPortEnterCritical  port.o
    0x08004afc   0x08004afc   0x0000002c   Code   RO         6409    i.vPortExitCritical  port.o
    0x08004b28   0x08004b28   0x00000064   Code   RO         6352    i.vPortFree         heap_4.o
    0x08004b8c   0x08004b8c   0x00000024   Code   RO         6410    i.vPortSetupTimerInterrupt  port.o
    0x08004bb0   0x08004bb0   0x00000054   Code   RO         6411    i.vPortValidateInterruptPriority  port.o
    0x08004c04   0x08004c04   0x00000028   Code   RO         4861    i.vQueueAddToRegistry  queue.o
    0x08004c2c   0x08004c2c   0x0000004a   Code   RO         4865    i.vQueueWaitForMessageRestricted  queue.o
    0x08004c76   0x08004c76   0x00000002   PAD
    0x08004c78   0x08004c78   0x00000050   Code   RO         5282    i.vTaskDelay        tasks.o
    0x08004cc8   0x08004cc8   0x00000090   Code   RO         5284    i.vTaskDelete       tasks.o
    0x08004d58   0x08004d58   0x00000010   Code   RO         5287    i.vTaskInternalSetTimeOutState  tasks.o
    0x08004d68   0x08004d68   0x0000000c   Code   RO         5288    i.vTaskMissedYield  tasks.o
    0x08004d74   0x08004d74   0x00000034   Code   RO         5290    i.vTaskPlaceOnEventList  tasks.o
    0x08004da8   0x08004da8   0x0000003c   Code   RO         5291    i.vTaskPlaceOnEventListRestricted  tasks.o
    0x08004de4   0x08004de4   0x00000090   Code   RO         5299    i.vTaskStartScheduler  tasks.o
    0x08004e74   0x08004e74   0x00000010   Code   RO         5301    i.vTaskSuspendAll   tasks.o
    0x08004e84   0x08004e84   0x0000006c   Code   RO         5302    i.vTaskSwitchContext  tasks.o
    0x08004ef0   0x08004ef0   0x00000104   Code   RO         6412    i.xPortStartScheduler  port.o
    0x08004ff4   0x08004ff4   0x0000002c   Code   RO         6413    i.xPortSysTickHandler  port.o
    0x08005020   0x08005020   0x00000070   Code   RO         4871    i.xQueueGenericCreateStatic  queue.o
    0x08005090   0x08005090   0x00000090   Code   RO         4872    i.xQueueGenericReset  queue.o
    0x08005120   0x08005120   0x00000170   Code   RO         4873    i.xQueueGenericSend  queue.o
    0x08005290   0x08005290   0x000000be   Code   RO         4874    i.xQueueGenericSendFromISR  queue.o
    0x0800534e   0x0800534e   0x00000002   PAD
    0x08005350   0x08005350   0x00000148   Code   RO         4883    i.xQueueReceive     queue.o
    0x08005498   0x08005498   0x00000080   Code   RO         5304    i.xTaskCheckForTimeOut  tasks.o
    0x08005518   0x08005518   0x0000006c   Code   RO         5305    i.xTaskCreate       tasks.o
    0x08005584   0x08005584   0x00000060   Code   RO         5306    i.xTaskCreateStatic  tasks.o
    0x080055e4   0x080055e4   0x0000001c   Code   RO         5310    i.xTaskGetSchedulerState  tasks.o
    0x08005600   0x08005600   0x0000000c   Code   RO         5311    i.xTaskGetTickCount  tasks.o
    0x0800560c   0x0800560c   0x000000cc   Code   RO         5313    i.xTaskIncrementTick  tasks.o
    0x080056d8   0x080056d8   0x00000080   Code   RO         5316    i.xTaskPriorityDisinherit  tasks.o
    0x08005758   0x08005758   0x00000078   Code   RO         5318    i.xTaskRemoveFromEventList  tasks.o
    0x080057d0   0x080057d0   0x000000cc   Code   RO         5319    i.xTaskResumeAll    tasks.o
    0x0800589c   0x0800589c   0x00000068   Code   RO         5655    i.xTimerCreateTimerTask  timers.o
    0x08005904   0x08005904   0x00000074   Code   RO         5656    i.xTimerGenericCommand  timers.o
    0x08005978   0x08005978   0x0000000a   Code   RO         6608    x$fpl$fpinit        fz_wv.l(fpinit.o)
    0x08005982   0x08005982   0x00000002   PAD
    0x08005984   0x08005984   0x00000024   Data   RO          432    .constdata          freertos.o
    0x080059a8   0x080059a8   0x00000024   Data   RO          433    .constdata          freertos.o
    0x080059cc   0x080059cc   0x00000024   Data   RO          434    .constdata          freertos.o
    0x080059f0   0x080059f0   0x00000048   Data   RO          435    .constdata          freertos.o
    0x08005a38   0x08005a38   0x00000018   Data   RO         4174    .constdata          stm32h7xx_hal_uart.o
    0x08005a50   0x08005a50   0x00000010   Data   RO         4540    .constdata          stm32h7xx_hal_uart_ex.o
    0x08005a60   0x08005a60   0x00000010   Data   RO         4645    .constdata          system_stm32h7xx.o
    0x08005a70   0x08005a70   0x00000006   Data   RO          436    .conststring        freertos.o
    0x08005a76   0x08005a76   0x00000002   PAD
    0x08005a78   0x08005a78   0x00000006   Data   RO          437    .conststring        freertos.o
    0x08005a7e   0x08005a7e   0x00000002   PAD
    0x08005a80   0x08005a80   0x00000006   Data   RO          438    .conststring        freertos.o
    0x08005a86   0x08005a86   0x00000002   PAD
    0x08005a88   0x08005a88   0x0000000c   Data   RO          439    .conststring        freertos.o
    0x08005a94   0x08005a94   0x00000020   Data   RO         6664    Region$$Table       anon$$obj.o


    Execution Region RW_IRAM1 (Exec base: 0x20000000, Load base: 0x08005ab4, Size: 0x00000000, Max: 0x00020000, ABSOLUTE)

    **** No section assigned to this execution region ****


    Execution Region RW_IRAM2 (Exec base: 0x24000000, Load base: 0x08005ab4, Size: 0x00005240, Max: 0x00080000, ABSOLUTE)

    Exec Addr    Load Addr    Size         Type   Attr      Idx    E Section Name        Object

    0x24000000   0x08005ab4   0x00000008   Data   RW          440    .data               freertos.o
    0x24000008   0x08005abc   0x00000004   Data   RW          441    .data               freertos.o
    0x2400000c   0x08005ac0   0x00000004   Data   RW          442    .data               freertos.o
    0x24000010   0x08005ac4   0x00000001   Data   RW          503    .data               usart.o
    0x24000011   0x08005ac5   0x00000003   PAD
    0x24000014   0x08005ac8   0x0000000c   Data   RW         2236    .data               stm32h7xx_hal.o
    0x24000020   0x08005ad4   0x00000008   Data   RW         4646    .data               system_stm32h7xx.o
    0x24000028   0x08005adc   0x0000003c   Data   RW         5322    .data               tasks.o
    0x24000064   0x08005b18   0x00000014   Data   RW         5664    .data               timers.o
    0x24000078   0x08005b2c   0x00000004   Data   RW         5900    .data               cmsis_os2.o
    0x2400007c   0x08005b30   0x00000020   Data   RW         6358    .data               heap_4.o
    0x2400009c   0x08005b50   0x0000000c   Data   RW         6414    .data               port.o
    0x240000a8        -       0x00000102   Zero   RW          276    .bss                fifo.o
    0x240001aa        -       0x00000080   Zero   RW          501    .bss                usart.o
    0x2400022a   0x08005b5c   0x00000002   PAD
    0x2400022c        -       0x00000094   Zero   RW          502    .bss                usart.o
    0x240002c0        -       0x0000004c   Zero   RW          650    .bss                stm32h7xx_hal_timebase_tim.o
    0x2400030c        -       0x00000040   Zero   RW         4887    .bss                queue.o
    0x2400034c        -       0x000004c4   Zero   RW         5321    .bss                tasks.o
    0x24000810        -       0x00000118   Zero   RW         5663    .bss                timers.o
    0x24000928        -       0x000006b8   Zero   RW         5899    .bss                cmsis_os2.o
    0x24000fe0        -       0x00003c00   Zero   RW         6357    .bss                heap_4.o
    0x24004be0        -       0x00000060   Zero   RW         6538    .bss                c_w.l(libspace.o)
    0x24004c40        -       0x00000200   Zero   RW            2    HEAP                startup_stm32h743xx.o
    0x24004e40        -       0x00000400   Zero   RW            1    STACK               startup_stm32h743xx.o


==============================================================================

Image component sizes


      Code (inc. data)   RO Data    RW Data    ZI Data      Debug   Object Name

       384         24          0          4       1720      71091   cmsis_os2.o
         0          0          0          0          0    1286420   emm_v5.o
         0          0          0          0          0      19560   event_groups.o
       128         12          0          0        258       2582   fifo.o
       232         36        210         16          0       4200   freertos.o
        92         10          0          0          0        919   gpio.o
       508         32          0         32      15360       5163   heap_4.o
       148          0          0          0          0       3722   list.o
       302         14          0          0          0      13820   main.o
       814         92          0         12          0      11913   port.o
      1596         24          0          0         64      18100   queue.o
        64         26        664          0       1536        864   startup_stm32h743xx.o
       132         32          0         12          0      22125   stm32h7xx_hal.o
       316         28          0          0          0      41168   stm32h7xx_hal_cortex.o
      1508         70          0          0          0       3863   stm32h7xx_hal_dma.o
       592         50          0          0          0       3604   stm32h7xx_hal_gpio.o
        36          4          0          0          0        870   stm32h7xx_hal_msp.o
        84          6          0          0          0        813   stm32h7xx_hal_pwr_ex.o
      2558        110          0          0          0       7937   stm32h7xx_hal_rcc.o
      3736        118          0          0          0       7921   stm32h7xx_hal_rcc_ex.o
       784         66          0          0          0       7792   stm32h7xx_hal_tim.o
         6          0          0          0          0       2288   stm32h7xx_hal_tim_ex.o
       132         22          0          0         76       1527   stm32h7xx_hal_timebase_tim.o
      2810        138         24          0          0      31487   stm32h7xx_hal_uart.o
       290          6         16          0          0       5582   stm32h7xx_hal_uart_ex.o
       140         20          0          0          0       4110   stm32h7xx_it.o
         0          0          0          0          0        392   stream_buffer.o
       220         40         16          8          0       1438   system_stm32h7xx.o
      2340        208          0         60       1220      29416   tasks.o
      1088         94          0         20        280      33547   timers.o
       256         24          0          1        276       2056   usart.o

    ----------------------------------------------------------------------
     21322       1306        968        168      20792    1646290   Object Totals
         0          0         32          0          0          0   (incl. Generated)
        26          0          6          3          2          0   (incl. Padding)

    ----------------------------------------------------------------------

      Code (inc. data)   RO Data    RW Data    ZI Data      Debug   Library Member Name

         8          0          0          0          0         68   __main.o
         0          0          0          0          0          0   __rtentry.o
        12          0          0          0          0          0   __rtentry2.o
         6          0          0          0          0          0   __rtentry4.o
        52          8          0          0          0          0   __scatter.o
        26          0          0          0          0          0   __scatter_copy.o
        28          0          0          0          0          0   __scatter_zi.o
        16          0          0          0          0         68   aeabi_memset.o
        18          0          0          0          0         80   exit.o
         6          0          0          0          0        152   heapauxi.o
         0          0          0          0          0          0   indicate_semi.o
         2          0          0          0          0          0   libinit.o
         6          0          0          0          0          0   libinit2.o
         2          0          0          0          0          0   libshutdown.o
         2          0          0          0          0          0   libshutdown2.o
         8          4          0          0         96         68   libspace.o
       238          0          0          0          0        100   lludivv7m.o
        68          0          0          0          0         68   rt_memclr.o
        78          0          0          0          0         80   rt_memclr_w.o
       138          0          0          0          0         68   rt_memcpy_v6.o
       100          0          0          0          0         80   rt_memcpy_w.o
         2          0          0          0          0          0   rtexit.o
        10          0          0          0          0          0   rtexit2.o
        12          4          0          0          0         68   sys_exit.o
        74          0          0          0          0         80   sys_stackheap_outer.o
         2          0          0          0          0         68   use_no_semi.o
        10          0          0          0          0        116   fpinit.o

    ----------------------------------------------------------------------
       930         16          0          0         96       1164   Library Totals
         6          0          0          0          0          0   (incl. Padding)

    ----------------------------------------------------------------------

      Code (inc. data)   RO Data    RW Data    ZI Data      Debug   Library Name

       914         16          0          0         96       1048   c_w.l
        10          0          0          0          0        116   fz_wv.l

    ----------------------------------------------------------------------
       930         16          0          0         96       1164   Library Totals

    ----------------------------------------------------------------------

==============================================================================


      Code (inc. data)   RO Data    RW Data    ZI Data      Debug   

     22252       1322        968        168      20888    1631886   Grand Totals
     22252       1322        968        168      20888    1631886   ELF Image Totals
     22252       1322        968        168          0          0   ROM Totals

==============================================================================

    Total RO  Size (Code + RO Data)                23220 (  22.68kB)
    Total RW  Size (RW Data + ZI Data)             21056 (  20.56kB)
    Total ROM Size (Code + RO Data + RW Data)      23388 (  22.84kB)

==============================================================================

