Component: ARM Compiler 6.16 Tool: armlink [5dfeaa00]

==============================================================================

Section Cross References

    startup_stm32f401xc.o(STACK) refers (Special) to heapauxi.o(.text) for __use_two_region_memory
    startup_stm32f401xc.o(HEAP) refers (Special) to heapauxi.o(.text) for __use_two_region_memory
    startup_stm32f401xc.o(RESET) refers (Special) to heapauxi.o(.text) for __use_two_region_memory
    startup_stm32f401xc.o(RESET) refers to startup_stm32f401xc.o(STACK) for __initial_sp
    startup_stm32f401xc.o(RESET) refers to startup_stm32f401xc.o(.text) for Reset_Handler
    startup_stm32f401xc.o(RESET) refers to stm32f4xx_it.o(.text.NMI_Handler) for NMI_Handler
    startup_stm32f401xc.o(RESET) refers to stm32f4xx_it.o(.text.HardFault_Handler) for HardFault_Handler
    startup_stm32f401xc.o(RESET) refers to stm32f4xx_it.o(.text.MemManage_Handler) for MemManage_Handler
    startup_stm32f401xc.o(RESET) refers to stm32f4xx_it.o(.text.BusFault_Handler) for BusFault_Handler
    startup_stm32f401xc.o(RESET) refers to stm32f4xx_it.o(.text.UsageFault_Handler) for UsageFault_Handler
    startup_stm32f401xc.o(RESET) refers to stm32f4xx_it.o(.text.SVC_Handler) for SVC_Handler
    startup_stm32f401xc.o(RESET) refers to stm32f4xx_it.o(.text.DebugMon_Handler) for DebugMon_Handler
    startup_stm32f401xc.o(RESET) refers to stm32f4xx_it.o(.text.PendSV_Handler) for PendSV_Handler
    startup_stm32f401xc.o(RESET) refers to stm32f4xx_it.o(.text.SysTick_Handler) for SysTick_Handler
    startup_stm32f401xc.o(RESET) refers to stm32f4xx_it.o(.text.EXTI4_IRQHandler) for EXTI4_IRQHandler
    startup_stm32f401xc.o(RESET) refers to stm32f4xx_it.o(.text.EXTI9_5_IRQHandler) for EXTI9_5_IRQHandler
    startup_stm32f401xc.o(RESET) refers to stm32f4xx_it.o(.text.TIM1_BRK_TIM9_IRQHandler) for TIM1_BRK_TIM9_IRQHandler
    startup_stm32f401xc.o(RESET) refers to stm32f4xx_it.o(.text.TIM3_IRQHandler) for TIM3_IRQHandler
    startup_stm32f401xc.o(RESET) refers to stm32f4xx_it.o(.text.TIM4_IRQHandler) for TIM4_IRQHandler
    startup_stm32f401xc.o(RESET) refers to stm32f4xx_it.o(.text.USART1_IRQHandler) for USART1_IRQHandler
    startup_stm32f401xc.o(RESET) refers to stm32f4xx_it.o(.text.EXTI15_10_IRQHandler) for EXTI15_10_IRQHandler
    startup_stm32f401xc.o(RESET) refers to stm32f4xx_it.o(.text.DMA2_Stream6_IRQHandler) for DMA2_Stream6_IRQHandler
    startup_stm32f401xc.o(RESET) refers to stm32f4xx_it.o(.text.DMA2_Stream7_IRQHandler) for DMA2_Stream7_IRQHandler
    startup_stm32f401xc.o(RESET) refers to stm32f4xx_it.o(.text.USART6_IRQHandler) for USART6_IRQHandler
    startup_stm32f401xc.o(.text) refers (Special) to heapauxi.o(.text) for __use_two_region_memory
    startup_stm32f401xc.o(.text) refers to system_stm32f4xx.o(.text.SystemInit) for SystemInit
    startup_stm32f401xc.o(.text) refers to __main.o(!!!main) for __main
    startup_stm32f401xc.o(.text) refers to startup_stm32f401xc.o(HEAP) for Heap_Mem
    startup_stm32f401xc.o(.text) refers to startup_stm32f401xc.o(STACK) for Stack_Mem
    motor.o(.text) refers (Special) to _printf_f.o(.ARM.Collect$$_printf_percent$$00000003) for _printf_f
    motor.o(.text) refers (Special) to printf1.o(x$fpl$printf1) for _printf_fp_dec
    motor.o(.text) refers (Special) to _printf_percent.o(.ARM.Collect$$_printf_percent$$00000000) for _printf_percent
    motor.o(.text.Motor_Init) refers (Special) to _printf_f.o(.ARM.Collect$$_printf_percent$$00000003) for _printf_f
    motor.o(.text.Motor_Init) refers (Special) to printf1.o(x$fpl$printf1) for _printf_fp_dec
    motor.o(.text.Motor_Init) refers (Special) to _printf_percent.o(.ARM.Collect$$_printf_percent$$00000000) for _printf_percent
    motor.o(.text.Motor_Init) refers to stm32f4xx_hal_tim.o(.text.HAL_TIM_Base_Start_IT) for HAL_TIM_Base_Start_IT
    motor.o(.text.Motor_Init) refers to stm32f4xx_hal_tim.o(.text.HAL_TIM_Encoder_Start) for HAL_TIM_Encoder_Start
    motor.o(.text.Motor_Init) refers to stm32f4xx_hal_tim.o(.text.HAL_TIM_PWM_Start) for HAL_TIM_PWM_Start
    motor.o(.text.Motor_Init) refers to tim.o(.bss.htim9) for htim9
    motor.o(.text.Motor_Init) refers to tim.o(.bss.htim3) for htim3
    motor.o(.text.Motor_Init) refers to tim.o(.bss.htim4) for htim4
    motor.o(.text.Motor_Init) refers to tim.o(.bss.htim5) for htim5
    motor.o(.text.Motor_Init) refers to pid.o(.bss.veloPID_X) for veloPID_X
    motor.o(.text.Motor_Init) refers to pid.o(.text.PID_Init) for PID_Init
    motor.o(.text.Motor_Init) refers to pid.o(.bss.veloPID_Y) for veloPID_Y
    motor.o(.text.Motor_Init) refers to pid.o(.bss.anglePID_X) for anglePID_X
    motor.o(.text.Motor_Init) refers to motor.o(.bss..L_MergedGlobals) for [Anonymous Symbol]
    motor.o(.ARM.exidx.text.Motor_Init) refers (Special) to _printf_f.o(.ARM.Collect$$_printf_percent$$00000003) for _printf_f
    motor.o(.ARM.exidx.text.Motor_Init) refers (Special) to printf1.o(x$fpl$printf1) for _printf_fp_dec
[...]
    [Anonymous Symbol]                       0x080039a0   Section        0  stm32f4xx_hal_uart.o(.text.UART_DMATxHalfCplt)
    UART_EndRxTransfer                       0x080039a7   Thumb Code    72  stm32f4xx_hal_uart.o(.text.UART_EndRxTransfer)
    [Anonymous Symbol]                       0x080039a6   Section        0  stm32f4xx_hal_uart.o(.text.UART_EndRxTransfer)
    UART_EndTxTransfer                       0x080039ef   Thumb Code    28  stm32f4xx_hal_uart.o(.text.UART_EndTxTransfer)
    [Anonymous Symbol]                       0x080039ee   Section        0  stm32f4xx_hal_uart.o(.text.UART_EndTxTransfer)
    UART_Receive_IT                          0x08003a0b   Thumb Code   194  stm32f4xx_hal_uart.o(.text.UART_Receive_IT)
    [Anonymous Symbol]                       0x08003a0a   Section        0  stm32f4xx_hal_uart.o(.text.UART_Receive_IT)
    UART_SetConfig                           0x08003acd   Thumb Code   168  stm32f4xx_hal_uart.o(.text.UART_SetConfig)
    [Anonymous Symbol]                       0x08003acc   Section        0  stm32f4xx_hal_uart.o(.text.UART_SetConfig)
    __arm_cp.2_0                             0x08003b74   Number         4  stm32f4xx_hal_uart.o(.text.UART_SetConfig)
    [Anonymous Symbol]                       0x08003b78   Section        0  stm32f4xx_hal_uart.o(.text.UART_Start_Receive_IT)
    [Anonymous Symbol]                       0x08003bac   Section        0  stm32f4xx_it.o(.text.USART1_IRQHandler)
    [Anonymous Symbol]                       0x08003bb4   Section        0  stm32f4xx_it.o(.text.USART6_IRQHandler)
    [Anonymous Symbol]                       0x08003bbc   Section        0  stm32f4xx_it.o(.text.UsageFault_Handler)
    __NVIC_SetPriority                       0x08003bc1   Thumb Code    28  stm32f4xx_hal_cortex.o(.text.__NVIC_SetPriority)
    [Anonymous Symbol]                       0x08003bc0   Section        0  stm32f4xx_hal_cortex.o(.text.__NVIC_SetPriority)
    __arm_cp.2_0                             0x08003bdc   Number         4  stm32f4xx_hal_cortex.o(.text.__NVIC_SetPriority)
    __arm_cp.2_1                             0x08003be0   Number         4  stm32f4xx_hal_cortex.o(.text.__NVIC_SetPriority)
    [Anonymous Symbol]                       0x08003be4   Section        0  usart.o(.text.fputc)
    __arm_cp.4_0                             0x08003bf4   Number         4  usart.o(.text.fputc)
    [Anonymous Symbol]                       0x08003bf8   Section        0  main.o(.text.main)
    __arm_cp.0_0                             0x08003c54   Number         4  main.o(.text.main)
    __arm_cp.0_1                             0x08003c58   Number         4  main.o(.text.main)
    __arm_cp.0_2                             0x08003c5c   Number         4  main.o(.text.main)
    __arm_cp.0_3                             0x08003c60   Number         4  main.o(.text.main)
    __arm_cp.0_4                             0x08003c64   Number         4  main.o(.text.main)
    __arm_cp.0_5                             0x08003c68   Number         4  main.o(.text.main)
    __arm_cp.0_6                             0x08003c6c   Number         4  main.o(.text.main)
    CL$$btod_d2e                             0x08003c70   Section       62  btod.o(CL$$btod_d2e)
    CL$$btod_d2e_denorm_low                  0x08003cae   Section       70  btod.o(CL$$btod_d2e_denorm_low)
    CL$$btod_d2e_norm_op1                    0x08003cf4   Section       96  btod.o(CL$$btod_d2e_norm_op1)
    CL$$btod_div_common                      0x08003d54   Section      824  btod.o(CL$$btod_div_common)
    CL$$btod_e2e                             0x0800408c   Section      220  btod.o(CL$$btod_e2e)
    CL$$btod_ediv                            0x08004168   Section       42  btod.o(CL$$btod_ediv)
    CL$$btod_emul                            0x08004192   Section       42  btod.o(CL$$btod_emul)
    CL$$btod_mult_common                     0x080041bc   Section      580  btod.o(CL$$btod_mult_common)
    i.__ARM_fpclassify                       0x08004400   Section        0  fpclassify.o(i.__ARM_fpclassify)
    i._is_digit                              0x08004430   Section        0  __printf_wp.o(i._is_digit)
    locale$$code                             0x08004440   Section       44  lc_numeric_c.o(locale$$code)
    locale$$code                             0x0800446c   Section       44  lc_ctype_c.o(locale$$code)
    $v0                                      0x08004498   Number         0  d2f.o(x$fpl$d2f)
    x$fpl$d2f                                0x08004498   Section       98  d2f.o(x$fpl$d2f)
    $v0                                      0x080044fc   Number         0  daddsub_clz.o(x$fpl$dadd)
    x$fpl$dadd                               0x080044fc   Section      336  daddsub_clz.o(x$fpl$dadd)
    _dadd1                                   0x0800450d   Thumb Code     0  daddsub_clz.o(x$fpl$dadd)
    $v0                                      0x0800464c   Number         0  ddiv.o(x$fpl$ddiv)
    x$fpl$ddiv                               0x0800464c   Section      692  ddiv.o(x$fpl$ddiv)
    ddiv_entry                               0x08004653   Thumb Code     0  ddiv.o(x$fpl$ddiv)
    $v0                                      0x08004900   Number         0  dflt_clz.o(x$fpl$dflt)
    x$fpl$dflt                               0x08004900   Section       46  dflt_clz.o(x$fpl$dflt)
    $v0                                      0x08004930   Number         0  dmul.o(x$fpl$dmul)
    x$fpl$dmul                               0x08004930   Section      340  dmul.o(x$fpl$dmul)
    $v0                                      0x08004a84   Number         0  dnaninf.o(x$fpl$dnaninf)
    x$fpl$dnaninf                            0x08004a84   Section      156  dnaninf.o(x$fpl$dnaninf)
    $v0                                      0x08004b20   Number         0  dretinf.o(x$fpl$dretinf)
    x$fpl$dretinf                            0x08004b20   Section       12  dretinf.o(x$fpl$dretinf)
    $v0                                      0x08004b2c   Number         0  daddsub_clz.o(x$fpl$dsub)
    x$fpl$dsub                               0x08004b2c   Section      476  daddsub_clz.o(x$fpl$dsub)
    _dsub1                                   0x08004b3d   Thumb Code     0  daddsub_clz.o(x$fpl$dsub)
    $v0                                      0x08004d08   Number         0  f2d.o(x$fpl$f2d)
    x$fpl$f2d                                0x08004d08   Section       86  f2d.o(x$fpl$f2d)
    $v0                                      0x08004d5e   Number         0  fnaninf.o(x$fpl$fnaninf)
    x$fpl$fnaninf                            0x08004d5e   Section      140  fnaninf.o(x$fpl$fnaninf)
    $v0                                      0x08004dea   Number         0  fpinit.o(x$fpl$fpinit)
    x$fpl$fpinit                             0x08004dea   Section       26  fpinit.o(x$fpl$fpinit)
    $v0                                      0x08004e04   Number         0  fretinf.o(x$fpl$fretinf)
    x$fpl$fretinf                            0x08004e04   Section       10  fretinf.o(x$fpl$fretinf)
    $v0                                      0x08004e0e   Number         0  printf1.o(x$fpl$printf1)
    x$fpl$printf1                            0x08004e0e   Section        4  printf1.o(x$fpl$printf1)
    x$fpl$usenofp                            0x08004e12   Section        0  usenofp.o(x$fpl$usenofp)
    tenpwrs_x                                0x08004e14   Data          60  bigflt0.o(.constdata)
    .constdata                               0x08004e14   Section      148  bigflt0.o(.constdata)
    tenpwrs_i                                0x08004e50   Data          64  bigflt0.o(.constdata)
    locale$$data                             0x08004ee0   Section       28  lc_numeric_c.o(locale$$data)
    __lcnum_c_name                           0x08004ee4   Data           2  lc_numeric_c.o(locale$$data)
    __lcnum_c_start                          0x08004eec   Data           0  lc_numeric_c.o(locale$$data)
    __lcnum_c_point                          0x08004ef8   Data           0  lc_numeric_c.o(locale$$data)
    __lcnum_c_thousands                      0x08004efa   Data           0  lc_numeric_c.o(locale$$data)
    __lcnum_c_grouping                       0x08004efb   Data           0  lc_numeric_c.o(locale$$data)
    __lcnum_c_end                            0x08004efc   Data           0  lc_numeric_c.o(locale$$data)
    locale$$data                             0x08004efc   Section      272  lc_ctype_c.o(locale$$data)
    __lcctype_c_name                         0x08004f00   Data           2  lc_ctype_c.o(locale$$data)
    __lcctype_c_start                        0x08004f08   Data           0  lc_ctype_c.o(locale$$data)
    __lcctype_c_end                          0x0800500c   Data           0  lc_ctype_c.o(locale$$data)
    [Anonymous Symbol]                       0x20000000   Section        0  stm32f4xx_hal.o(.data..L_MergedGlobals)
    .bss                                     0x20000010   Section       96  libspace.o(.bss)
    [Anonymous Symbol]                       0x20000070   Section        0  motor.o(.bss..L_MergedGlobals)
    HAL_GPIO_EXTI_Callback.tick              0x200000e0   Data           4  main.o(.bss.HAL_GPIO_EXTI_Callback.tick)
    [Anonymous Symbol]                       0x200000e0   Section        0  main.o(.bss.HAL_GPIO_EXTI_Callback.tick)
    Heap_Mem                                 0x20000e68   Data         512  startup_stm32f401xc.o(HEAP)
    HEAP                                     0x20000e68   Section      512  startup_stm32f401xc.o(HEAP)
    Stack_Mem                                0x20001068   Data        1024  startup_stm32f401xc.o(STACK)
    STACK                                    0x20001068   Section     1024  startup_stm32f401xc.o(STACK)
    __initial_sp                             0x20001468   Data           0  startup_stm32f401xc.o(STACK)

    Global Symbols

    Symbol Name                              Value     Ov Type        Size  Object(Section)

    BuildAttributes$$THM_ISAv4$E$P$D$K$B$S$7EM$VFPi3$EXTD16$VFPS$VFMA$PE$A:L22UL41UL21$X:L11$S22US41US21$IEEE1$IW$~IW$USESV6$~STKCKD$USESV7$~SHL$OTIME$ROPI$IEEEJ$EBA8$UX$STANDARDLIB$REQ8$PRES8$EABIv2 0x00000000   Number         0  anon$$obj.o ABSOLUTE
    _printf_flags                            0x00000000   Number         0  printf_stubs.o ABSOLUTE
    _printf_return_value                     0x00000000   Number         0  printf_stubs.o ABSOLUTE
    _printf_sizespec                         0x00000000   Number         0  printf_stubs.o ABSOLUTE
    _printf_widthprec                        0x00000000   Number         0  printf_stubs.o ABSOLUTE
    __ARM_exceptions_init                     - Undefined Weak Reference
    __alloca_initialize                       - Undefined Weak Reference
    __arm_preinit_                            - Undefined Weak Reference
    __cpp_initialize__aeabi_                  - Undefined Weak Reference
    __cxa_finalize                            - Undefined Weak Reference
    __sigvec_lookup                           - Undefined Weak Reference
    _atexit_init                              - Undefined Weak Reference
    _call_atexit_fns                          - Undefined Weak Reference
    _clock_init                               - Undefined Weak Reference
    _fp_trap_init                             - Undefined Weak Reference
    _fp_trap_shutdown                         - Undefined Weak Reference
    _get_lc_collate                           - Undefined Weak Reference
    _get_lc_monetary                          - Undefined Weak Reference
    _get_lc_time                              - Undefined Weak Reference
    _getenv_init                              - Undefined Weak Reference
    _handle_redirection                       - Undefined Weak Reference
    _init_alloc                               - Undefined Weak Reference
    _init_user_alloc                          - Undefined Weak Reference
    _initio                                   - Undefined Weak Reference
    _mutex_acquire                            - Undefined Weak Reference
    _mutex_release                            - Undefined Weak Reference
    _printf_post_padding                      - Undefined Weak Reference
    _printf_pre_padding                       - Undefined Weak Reference
    _rand_init                                - Undefined Weak Reference
    _signal_finish                            - Undefined Weak Reference
    _signal_init                              - Undefined Weak Reference
    _terminate_alloc                          - Undefined Weak Reference
    _terminate_user_alloc                     - Undefined Weak Reference
    _terminateio                              - Undefined Weak Reference
    __Vectors_Size                           0x00000194   Number         0  startup_stm32f401xc.o ABSOLUTE
    __Vectors                                0x08000000   Data           4  startup_stm32f401xc.o(RESET)
    __Vectors_End                            0x08000194   Data           0  startup_stm32f401xc.o(RESET)
    __main                                   0x08000195   Thumb Code     8  __main.o(!!!main)
    __scatterload                            0x0800019d   Thumb Code     0  __scatter.o(!!!scatter)
    __scatterload_rt2                        0x0800019d   Thumb Code    44  __scatter.o(!!!scatter)
    __scatterload_rt2_thumb_only             0x0800019d   Thumb Code     0  __scatter.o(!!!scatter)
    __scatterload_null                       0x080001ab   Thumb Code     0  __scatter.o(!!!scatter)
    __scatterload_copy                       0x080001d1   Thumb Code    26  __scatter_copy.o(!!handler_copy)
    __scatterload_zeroinit                   0x080001ed   Thumb Code    28  __scatter_zi.o(!!handler_zi)
    _printf_f                                0x08000209   Thumb Code     0  _printf_f.o(.ARM.Collect$$_printf_percent$$00000003)
    _printf_percent                          0x08000209   Thumb Code     0  _printf_percent.o(.ARM.Collect$$_printf_percent$$00000000)
    _printf_percent_end                      0x0800020f   Thumb Code     0  _printf_percent_end.o(.ARM.Collect$$_printf_percent$$00000017)
    __rt_lib_init                            0x08000213   Thumb Code     0  libinit.o(.ARM.Collect$$libinit$$00000000)
    __rt_lib_init_fp_1                       0x08000215   Thumb Code     0  libinit2.o(.ARM.Collect$$libinit$$00000001)
    __rt_lib_init_heap_1                     0x08000219   Thumb Code     0  libinit2.o(.ARM.Collect$$libinit$$0000000A)
    __rt_lib_init_lc_common                  0x08000219   Thumb Code     0  libinit2.o(.ARM.Collect$$libinit$$0000000F)
    __rt_lib_init_preinit_1                  0x08000219   Thumb Code     0  libinit2.o(.ARM.Collect$$libinit$$00000004)
    __rt_lib_init_rand_1                     0x08000219   Thumb Code     0  libinit2.o(.ARM.Collect$$libinit$$0000000E)
    __rt_lib_init_user_alloc_1               0x08000219   Thumb Code     0  libinit2.o(.ARM.Collect$$libinit$$0000000C)
    __rt_lib_init_lc_collate_1               0x0800021f   Thumb Code     0  libinit2.o(.ARM.Collect$$libinit$$00000011)
    __rt_lib_init_lc_ctype_2                 0x0800021f   Thumb Code     0  libinit2.o(.ARM.Collect$$libinit$$00000012)
    __rt_lib_init_lc_ctype_1                 0x0800022b   Thumb Code     0  libinit2.o(.ARM.Collect$$libinit$$00000013)
    __rt_lib_init_lc_monetary_1              0x0800022b   Thumb Code     0  libinit2.o(.ARM.Collect$$libinit$$00000015)
    __rt_lib_init_lc_numeric_2               0x0800022b   Thumb Code     0  libinit2.o(.ARM.Collect$$libinit$$00000016)
    __rt_lib_init_alloca_1                   0x08000235   Thumb Code     0  libinit2.o(.ARM.Collect$$libinit$$0000002E)
    __rt_lib_init_argv_1                     0x08000235   Thumb Code     0  libinit2.o(.ARM.Collect$$libinit$$0000002C)
    __rt_lib_init_atexit_1                   0x08000235   Thumb Code     0  libinit2.o(.ARM.Collect$$libinit$$0000001B)
    __rt_lib_init_clock_1                    0x08000235   Thumb Code     0  libinit2.o(.ARM.Collect$$libinit$$00000021)
    __rt_lib_init_cpp_1                      0x08000235   Thumb Code     0  libinit2.o(.ARM.Collect$$libinit$$00000032)
    __rt_lib_init_exceptions_1               0x08000235   Thumb Code     0  libinit2.o(.ARM.Collect$$libinit$$00000030)
    __rt_lib_init_fp_trap_1                  0x08000235   Thumb Code     0  libinit2.o(.ARM.Collect$$libinit$$0000001F)
    __rt_lib_init_getenv_1                   0x08000235   Thumb Code     0  libinit2.o(.ARM.Collect$$libinit$$00000023)
    __rt_lib_init_lc_numeric_1               0x08000235   Thumb Code     0  libinit2.o(.ARM.Collect$$libinit$$00000017)
    __rt_lib_init_lc_time_1                  0x08000235   Thumb Code     0  libinit2.o(.ARM.Collect$$libinit$$00000019)
    __rt_lib_init_return                     0x08000235   Thumb Code     0  libinit2.o(.ARM.Collect$$libinit$$00000033)
    __rt_lib_init_signal_1                   0x08000235   Thumb Code     0  libinit2.o(.ARM.Collect$$libinit$$0000001D)
    __rt_lib_init_stdio_1                    0x08000235   Thumb Code     0  libinit2.o(.ARM.Collect$$libinit$$00000025)
    __rt_lib_shutdown                        0x08000237   Thumb Code     0  libshutdown.o(.ARM.Collect$$libshutdown$$00000000)
    __rt_lib_shutdown_cpp_1                  0x08000239   Thumb Code     0  libshutdown2.o(.ARM.Collect$$libshutdown$$00000002)
    __rt_lib_shutdown_fp_trap_1              0x08000239   Thumb Code     0  libshutdown2.o(.ARM.Collect$$libshutdown$$00000007)
    __rt_lib_shutdown_heap_1                 0x08000239   Thumb Code     0  libshutdown2.o(.ARM.Collect$$libshutdown$$0000000F)
    __rt_lib_shutdown_return                 0x08000239   Thumb Code     0  libshutdown2.o(.ARM.Collect$$libshutdown$$00000010)
    __rt_lib_shutdown_signal_1               0x08000239   Thumb Code     0  libshutdown2.o(.ARM.Collect$$libshutdown$$0000000A)
    __rt_lib_shutdown_stdio_1                0x08000239   Thumb Code     0  libshutdown2.o(.ARM.Collect$$libshutdown$$00000004)
    __rt_lib_shutdown_user_alloc_1           0x08000239   Thumb Code     0  libshutdown2.o(.ARM.Collect$$libshutdown$$0000000C)
    __rt_entry                               0x0800023b   Thumb Code     0  __rtentry.o(.ARM.Collect$$rtentry$$00000000)
    __rt_entry_presh_1                       0x0800023b   Thumb Code     0  __rtentry2.o(.ARM.Collect$$rtentry$$00000002)
    __rt_entry_sh                            0x0800023b   Thumb Code     0  __rtentry4.o(.ARM.Collect$$rtentry$$00000004)
    __rt_entry_li                            0x08000241   Thumb Code     0  __rtentry2.o(.ARM.Collect$$rtentry$$0000000A)
    __rt_entry_postsh_1                      0x08000241   Thumb Code     0  __rtentry2.o(.ARM.Collect$$rtentry$$00000009)
    __rt_entry_main                          0x08000245   Thumb Code     0  __rtentry2.o(.ARM.Collect$$rtentry$$0000000D)
    __rt_entry_postli_1                      0x08000245   Thumb Code     0  __rtentry2.o(.ARM.Collect$$rtentry$$0000000C)
    __rt_exit                                0x0800024d   Thumb Code     0  rtexit.o(.ARM.Collect$$rtexit$$00000000)
    __rt_exit_ls                             0x0800024f   Thumb Code     0  rtexit2.o(.ARM.Collect$$rtexit$$00000003)
    __rt_exit_prels_1                        0x0800024f   Thumb Code     0  rtexit2.o(.ARM.Collect$$rtexit$$00000002)
    __rt_exit_exit                           0x08000253   Thumb Code     0  rtexit2.o(.ARM.Collect$$rtexit$$00000004)
    Reset_Handler                            0x08000259   Thumb Code     8  startup_stm32f401xc.o(.text)
    ADC_IRQHandler                           0x08000273   Thumb Code     0  startup_stm32f401xc.o(.text)
    DMA1_Stream0_IRQHandler                  0x08000273   Thumb Code     0  startup_stm32f401xc.o(.text)
    DMA1_Stream1_IRQHandler                  0x08000273   Thumb Code     0  startup_stm32f401xc.o(.text)
    DMA1_Stream2_IRQHandler                  0x08000273   Thumb Code     0  startup_stm32f401xc.o(.text)
    DMA1_Stream3_IRQHandler                  0x08000273   Thumb Code     0  startup_stm32f401xc.o(.text)
    DMA1_Stream4_IRQHandler                  0x08000273   Thumb Code     0  startup_stm32f401xc.o(.text)
    DMA1_Stream5_IRQHandler                  0x08000273   Thumb Code     0  startup_stm32f401xc.o(.text)
    DMA1_Stream6_IRQHandler                  0x08000273   Thumb Code     0  startup_stm32f401xc.o(.text)
    DMA1_Stream7_IRQHandler                  0x08000273   Thumb Code     0  startup_stm32f401xc.o(.text)
    DMA2_Stream0_IRQHandler                  0x08000273   Thumb Code     0  startup_stm32f401xc.o(.text)
    DMA2_Stream1_IRQHandler                  0x08000273   Thumb Code     0  startup_stm32f401xc.o(.text)
    DMA2_Stream2_IRQHandler                  0x08000273   Thumb Code     0  startup_stm32f401xc.o(.text)
    DMA2_Stream3_IRQHandler                  0x08000273   Thumb Code     0  startup_stm32f401xc.o(.text)
    DMA2_Stream4_IRQHandler                  0x08000273   Thumb Code     0  startup_stm32f401xc.o(.text)
    DMA2_Stream5_IRQHandler                  0x08000273   Thumb Code     0  startup_stm32f401xc.o(.text)
    EXTI0_IRQHandler                         0x08000273   Thumb Code     0  startup_stm32f401xc.o(.text)
    EXTI1_IRQHandler                         0x08000273   Thumb Code     0  startup_stm32f401xc.o(.text)
    EXTI2_IRQHandler                         0x08000273   Thumb Code     0  startup_stm32f401xc.o(.text)
    EXTI3_IRQHandler                         0x08000273   Thumb Code     0  startup_stm32f401xc.o(.text)
    FLASH_IRQHandler                         0x08000273   Thumb Code     0  startup_stm32f401xc.o(.text)
    FPU_IRQHandler                           0x08000273   Thumb Code     0  startup_stm32f401xc.o(.text)
    I2C1_ER_IRQHandler                       0x08000273   Thumb Code     0  startup_stm32f401xc.o(.text)
    I2C1_EV_IRQHandler                       0x08000273   Thumb Code     0  startup_stm32f401xc.o(.text)
    I2C2_ER_IRQHandler                       0x08000273   Thumb Code     0  startup_stm32f401xc.o(.text)
    I2C2_EV_IRQHandler                       0x08000273   Thumb Code     0  startup_stm32f401xc.o(.text)
    I2C3_ER_IRQHandler                       0x08000273   Thumb Code     0  startup_stm32f401xc.o(.text)
    I2C3_EV_IRQHandler                       0x08000273   Thumb Code     0  startup_stm32f401xc.o(.text)
    OTG_FS_IRQHandler                        0x08000273   Thumb Code     0  startup_stm32f401xc.o(.text)
    OTG_FS_WKUP_IRQHandler                   0x08000273   Thumb Code     0  startup_stm32f401xc.o(.text)
    PVD_IRQHandler                           0x08000273   Thumb Code     0  startup_stm32f401xc.o(.text)
    RCC_IRQHandler                           0x08000273   Thumb Code     0  startup_stm32f401xc.o(.text)
    RTC_Alarm_IRQHandler                     0x08000273   Thumb Code     0  startup_stm32f401xc.o(.text)
    RTC_WKUP_IRQHandler                      0x08000273   Thumb Code     0  startup_stm32f401xc.o(.text)
    SDIO_IRQHandler                          0x08000273   Thumb Code     0  startup_stm32f401xc.o(.text)
    SPI1_IRQHandler                          0x08000273   Thumb Code     0  startup_stm32f401xc.o(.text)
    SPI2_IRQHandler                          0x08000273   Thumb Code     0  startup_stm32f401xc.o(.text)
    SPI3_IRQHandler                          0x08000273   Thumb Code     0  startup_stm32f401xc.o(.text)
    SPI4_IRQHandler                          0x08000273   Thumb Code     0  startup_stm32f401xc.o(.text)
    TAMP_STAMP_IRQHandler                    0x08000273   Thumb Code     0  startup_stm32f401xc.o(.text)
    TIM1_CC_IRQHandler                       0x08000273   Thumb Code     0  startup_stm32f401xc.o(.text)
    TIM1_TRG_COM_TIM11_IRQHandler            0x08000273   Thumb Code     0  startup_stm32f401xc.o(.text)
    TIM1_UP_TIM10_IRQHandler                 0x08000273   Thumb Code     0  startup_stm32f401xc.o(.text)
    TIM2_IRQHandler                          0x08000273   Thumb Code     0  startup_stm32f401xc.o(.text)
    TIM5_IRQHandler                          0x08000273   Thumb Code     0  startup_stm32f401xc.o(.text)
    USART2_IRQHandler                        0x08000273   Thumb Code     0  startup_stm32f401xc.o(.text)
    WWDG_IRQHandler                          0x08000273   Thumb Code     0  startup_stm32f401xc.o(.text)
    __user_initial_stackheap                 0x08000275   Thumb Code     0  startup_stm32f401xc.o(.text)
    __aeabi_uldivmod                         0x08000299   Thumb Code     0  lludivv7m.o(.text)
    _ll_udiv                                 0x08000299   Thumb Code   240  lludivv7m.o(.text)
    __2printf                                0x08000389   Thumb Code    20  noretval__2printf.o(.text)
    __printf                                 0x080003a1   Thumb Code   270  __printf_wp.o(.text)
    atoi                                     0x080004af   Thumb Code    26  atoi.o(.text)
    strchr                                   0x080004c9   Thumb Code    20  strchr.o(.text)
    strcpy                                   0x080004dd   Thumb Code    72  strcpy.o(.text)
    __aeabi_memcpy                           0x08000525   Thumb Code     0  rt_memcpy_v6.o(.text)
    __rt_memcpy                              0x08000525   Thumb Code   138  rt_memcpy_v6.o(.text)
    _memcpy_lastbytes                        0x0800058b   Thumb Code     0  rt_memcpy_v6.o(.text)
    __aeabi_memclr                           0x080005af   Thumb Code     0  rt_memclr.o(.text)
    __rt_memclr                              0x080005af   Thumb Code     0  rt_memclr.o(.text)
    _memset                                  0x080005b3   Thumb Code    64  rt_memclr.o(.text)
    __aeabi_memclr4                          0x080005f3   Thumb Code     0  rt_memclr_w.o(.text)
    __aeabi_memclr8                          0x080005f3   Thumb Code     0  rt_memclr_w.o(.text)
    __rt_memclr_w                            0x080005f3   Thumb Code     0  rt_memclr_w.o(.text)
    _memset_w                                0x080005f7   Thumb Code    74  rt_memclr_w.o(.text)
    __use_two_region_memory                  0x08000641   Thumb Code     2  heapauxi.o(.text)
    __rt_heap_escrow$2region                 0x08000643   Thumb Code     2  heapauxi.o(.text)
    __rt_heap_expand$2region                 0x08000645   Thumb Code     2  heapauxi.o(.text)
    __aeabi_errno_addr                       0x08000649   Thumb Code     8  rt_errno_addr_intlibspace.o(.text)
    __errno$intlibspace                      0x08000649   Thumb Code     0  rt_errno_addr_intlibspace.o(.text)
    __rt_errno_addr$intlibspace              0x08000649   Thumb Code     0  rt_errno_addr_intlibspace.o(.text)
    _printf_fp_dec_real                      0x08000801   Thumb Code   620  _printf_fp_dec.o(.text)
    _printf_char_file                        0x08000a6d   Thumb Code    32  _printf_char_file.o(.text)
    strtol                                   0x08000a91   Thumb Code   112  strtol.o(.text)
    __aeabi_memcpy4                          0x08000b01   Thumb Code     0  rt_memcpy_w.o(.text)
    __aeabi_memcpy8                          0x08000b01   Thumb Code     0  rt_memcpy_w.o(.text)
    __rt_memcpy_w                            0x08000b01   Thumb Code   100  rt_memcpy_w.o(.text)
    _memcpy_lastbytes_aligned                0x08000b49   Thumb Code     0  rt_memcpy_w.o(.text)
    __user_libspace                          0x08000b65   Thumb Code     8  libspace.o(.text)
    __user_perproc_libspace                  0x08000b65   Thumb Code     0  libspace.o(.text)
    __user_perthread_libspace                0x08000b65   Thumb Code     0  libspace.o(.text)
    __rt_ctype_table                         0x08000b6d   Thumb Code    16  rt_ctype_table.o(.text)
    __rt_locale                              0x08000b7d   Thumb Code     8  rt_locale_intlibspace.o(.text)
    _ll_udiv10                               0x08000b85   Thumb Code   138  lludiv10.o(.text)
    _printf_char_common                      0x08000c1b   Thumb Code    32  _printf_char_common.o(.text)
    _printf_fp_infnan                        0x08000c41   Thumb Code   112  _printf_fp_infnan.o(.text)
    _strtoul                                 0x08000cc1   Thumb Code   158  _strtoul.o(.text)
    _btod_etento                             0x08000d61   Thumb Code   224  bigflt0.o(.text)
    ferror                                   0x08000e45   Thumb Code     8  ferror.o(.text)
    __user_setup_stackheap                   0x08000e4d   Thumb Code    74  sys_stackheap_outer.o(.text)
    _chval                                   0x08000e97   Thumb Code    28  _chval.o(.text)
    exit                                     0x08000eb3   Thumb Code    18  exit.o(.text)
    strcmp                                   0x08000ec9   Thumb Code   124  strcmpv7em.o(.text)
    _sys_exit                                0x08000f45   Thumb Code     8  sys_exit.o(.text)
    __I$use$semihosting                      0x08000f51   Thumb Code     0  use_no_semi.o(.text)
    __use_no_semihosting_swi                 0x08000f51   Thumb Code     2  use_no_semi.o(.text)
    BusFault_Handler                         0x08000f53   Thumb Code     2  stm32f4xx_it.o(.text.BusFault_Handler)
    __semihosting_library_function           0x08000f53   Thumb Code     0  indicate_semi.o(.text)
    DMA2_Stream6_IRQHandler                  0x08000f55   Thumb Code     8  stm32f4xx_it.o(.text.DMA2_Stream6_IRQHandler)
    DMA2_Stream7_IRQHandler                  0x08000f61   Thumb Code     8  stm32f4xx_it.o(.text.DMA2_Stream7_IRQHandler)
    DebugMon_Handler                         0x08000fc3   Thumb Code     2  stm32f4xx_it.o(.text.DebugMon_Handler)
    EXTI15_10_IRQHandler                     0x08000fc5   Thumb Code    22  stm32f4xx_it.o(.text.EXTI15_10_IRQHandler)
    EXTI4_IRQHandler                         0x08000fdb   Thumb Code     6  stm32f4xx_it.o(.text.EXTI4_IRQHandler)
    EXTI9_5_IRQHandler                       0x08000fe1   Thumb Code     8  stm32f4xx_it.o(.text.EXTI9_5_IRQHandler)
    Error_Handler                            0x08000fe9   Thumb Code     8  main.o(.text.Error_Handler)
    Gimbal_Init                              0x08000ff1   Thumb Code   148  control.o(.text.Gimbal_Init)
    Gimbal_Update                            0x080010ad   Thumb Code    40  control.o(.text.Gimbal_Update)
    HAL_DMA_Abort                            0x080010e1   Thumb Code   128  stm32f4xx_hal_dma.o(.text.HAL_DMA_Abort)
    HAL_DMA_Abort_IT                         0x08001161   Thumb Code    36  stm32f4xx_hal_dma.o(.text.HAL_DMA_Abort_IT)
    HAL_DMA_IRQHandler                       0x08001185   Thumb Code   340  stm32f4xx_hal_dma.o(.text.HAL_DMA_IRQHandler)
    HAL_DMA_Init                             0x080012dd   Thumb Code   260  stm32f4xx_hal_dma.o(.text.HAL_DMA_Init)
    HAL_DMA_Start_IT                         0x080013e5   Thumb Code    94  stm32f4xx_hal_dma.o(.text.HAL_DMA_Start_IT)
    HAL_GPIO_EXTI_Callback                   0x08001445   Thumb Code   156  main.o(.text.HAL_GPIO_EXTI_Callback)
    HAL_GPIO_EXTI_IRQHandler                 0x08001501   Thumb Code    16  stm32f4xx_hal_gpio.o(.text.HAL_GPIO_EXTI_IRQHandler)
    HAL_GPIO_Init                            0x08001515   Thumb Code   392  stm32f4xx_hal_gpio.o(.text.HAL_GPIO_Init)
    HAL_GPIO_WritePin                        0x080016b5   Thumb Code    10  stm32f4xx_hal_gpio.o(.text.HAL_GPIO_WritePin)
    HAL_GetTick                              0x080016c1   Thumb Code     8  stm32f4xx_hal.o(.text.HAL_GetTick)
    HAL_IncTick                              0x080016c9   Thumb Code    16  stm32f4xx_hal.o(.text.HAL_IncTick)
    HAL_Init                                 0x080016dd   Thumb Code    48  stm32f4xx_hal.o(.text.HAL_Init)
    HAL_InitTick                             0x08001711   Thumb Code    56  stm32f4xx_hal.o(.text.HAL_InitTick)
    HAL_MspInit                              0x0800174d   Thumb Code    52  stm32f4xx_hal_msp.o(.text.HAL_MspInit)
    HAL_NVIC_EnableIRQ                       0x08001785   Thumb Code    20  stm32f4xx_hal_cortex.o(.text.HAL_NVIC_EnableIRQ)
    HAL_NVIC_SetPriority                     0x0800179d   Thumb Code    56  stm32f4xx_hal_cortex.o(.text.HAL_NVIC_SetPriority)
    HAL_NVIC_SetPriorityGrouping             0x080017d5   Thumb Code    24  stm32f4xx_hal_cortex.o(.text.HAL_NVIC_SetPriorityGrouping)
    HAL_RCC_ClockConfig                      0x080017f5   Thumb Code   264  stm32f4xx_hal_rcc.o(.text.HAL_RCC_ClockConfig)
    HAL_RCC_GetPCLK1Freq                     0x08001909   Thumb Code    20  stm32f4xx_hal_rcc.o(.text.HAL_RCC_GetPCLK1Freq)
    HAL_RCC_GetPCLK2Freq                     0x0800191d   Thumb Code    20  stm32f4xx_hal_rcc.o(.text.HAL_RCC_GetPCLK2Freq)
    HAL_RCC_GetSysClockFreq                  0x0800193d   Thumb Code    80  stm32f4xx_hal_rcc.o(.text.HAL_RCC_GetSysClockFreq)
    HAL_RCC_OscConfig                        0x08001999   Thumb Code   792  stm32f4xx_hal_rcc.o(.text.HAL_RCC_OscConfig)
    HAL_SPI_Init                             0x08001cc1   Thumb Code   192  stm32f4xx_hal_spi.o(.text.HAL_SPI_Init)
    HAL_SPI_MspInit                          0x08001d81   Thumb Code   144  spi.o(.text.HAL_SPI_MspInit)
    HAL_SYSTICK_Config                       0x08001e19   Thumb Code    32  stm32f4xx_hal_cortex.o(.text.HAL_SYSTICK_Config)
    HAL_TIMEx_BreakCallback                  0x08001e41   Thumb Code     2  stm32f4xx_hal_tim_ex.o(.text.HAL_TIMEx_BreakCallback)
    HAL_TIMEx_CommutCallback                 0x08001e43   Thumb Code     2  stm32f4xx_hal_tim_ex.o(.text.HAL_TIMEx_CommutCallback)
    HAL_TIMEx_MasterConfigSynchronization    0x08001e45   Thumb Code    96  stm32f4xx_hal_tim_ex.o(.text.HAL_TIMEx_MasterConfigSynchronization)
    HAL_TIM_Base_Init                        0x08001ea5   Thumb Code    30  stm32f4xx_hal_tim.o(.text.HAL_TIM_Base_Init)
    HAL_TIM_Base_MspInit                     0x08001ec5   Thumb Code    56  tim.o(.text.HAL_TIM_Base_MspInit)
    HAL_TIM_Base_Start_IT                    0x08001f01   Thumb Code    88  stm32f4xx_hal_tim.o(.text.HAL_TIM_Base_Start_IT)
    HAL_TIM_ConfigClockSource                0x08001f65   Thumb Code   180  stm32f4xx_hal_tim.o(.text.HAL_TIM_ConfigClockSource)
    HAL_TIM_Encoder_Init                     0x08002019   Thumb Code   138  stm32f4xx_hal_tim.o(.text.HAL_TIM_Encoder_Init)
    HAL_TIM_Encoder_MspInit                  0x080020a5   Thumb Code   224  tim.o(.text.HAL_TIM_Encoder_MspInit)
    HAL_TIM_Encoder_Start                    0x0800218d   Thumb Code    90  stm32f4xx_hal_tim.o(.text.HAL_TIM_Encoder_Start)
    HAL_TIM_IC_CaptureCallback               0x080021e7   Thumb Code     2  stm32f4xx_hal_tim.o(.text.HAL_TIM_IC_CaptureCallback)
    HAL_TIM_IRQHandler                       0x080021e9   Thumb Code   294  stm32f4xx_hal_tim.o(.text.HAL_TIM_IRQHandler)
    HAL_TIM_MspPostInit                      0x08002311   Thumb Code    92  tim.o(.text.HAL_TIM_MspPostInit)
    HAL_TIM_OC_DelayElapsedCallback          0x08002375   Thumb Code     2  stm32f4xx_hal_tim.o(.text.HAL_TIM_OC_DelayElapsedCallback)
    HAL_TIM_PWM_ConfigChannel                0x08002379   Thumb Code   138  stm32f4xx_hal_tim.o(.text.HAL_TIM_PWM_ConfigChannel)
    HAL_TIM_PWM_Init                         0x08002403   Thumb Code    30  stm32f4xx_hal_tim.o(.text.HAL_TIM_PWM_Init)
    HAL_TIM_PWM_MspInit                      0x08002421   Thumb Code    72  tim.o(.text.HAL_TIM_PWM_MspInit)
    HAL_TIM_PWM_PulseFinishedCallback        0x0800246d   Thumb Code     2  stm32f4xx_hal_tim.o(.text.HAL_TIM_PWM_PulseFinishedCallback)
    HAL_TIM_PWM_Start                        0x08002471   Thumb Code   144  stm32f4xx_hal_tim.o(.text.HAL_TIM_PWM_Start)
    HAL_TIM_PeriodElapsedCallback            0x08002519   Thumb Code   600  motor.o(.text.HAL_TIM_PeriodElapsedCallback)
    HAL_TIM_TriggerCallback                  0x080027c9   Thumb Code     2  stm32f4xx_hal_tim.o(.text.HAL_TIM_TriggerCallback)
    HAL_UARTEx_RxEventCallback               0x080027cb   Thumb Code     2  stm32f4xx_hal_uart.o(.text.HAL_UARTEx_RxEventCallback)
    HAL_UART_ErrorCallback                   0x080027cd   Thumb Code     2  stm32f4xx_hal_uart.o(.text.HAL_UART_ErrorCallback)
    HAL_UART_IRQHandler                      0x080027d1   Thumb Code   560  stm32f4xx_hal_uart.o(.text.HAL_UART_IRQHandler)
    HAL_UART_Init                            0x08002a05   Thumb Code    44  stm32f4xx_hal_uart.o(.text.HAL_UART_Init)
    HAL_UART_MspInit                         0x08002a31   Thumb Code   212  usart.o(.text.HAL_UART_MspInit)
    HAL_UART_Receive_IT                      0x08002b1d   Thumb Code    48  stm32f4xx_hal_uart.o(.text.HAL_UART_Receive_IT)
    HAL_UART_RxCpltCallback                  0x08002b4d   Thumb Code   308  uart_com.o(.text.HAL_UART_RxCpltCallback)
    HAL_UART_Transmit_DMA                    0x08002c91   Thumb Code   116  stm32f4xx_hal_uart.o(.text.HAL_UART_Transmit_DMA)
    HAL_UART_TxCpltCallback                  0x08002d11   Thumb Code     2  stm32f4xx_hal_uart.o(.text.HAL_UART_TxCpltCallback)
    HAL_UART_TxHalfCpltCallback              0x08002d13   Thumb Code     2  stm32f4xx_hal_uart.o(.text.HAL_UART_TxHalfCpltCallback)
    HardFault_Handler                        0x08002d15   Thumb Code     2  stm32f4xx_it.o(.text.HardFault_Handler)
    MX_DMA_Init                              0x08002d19   Thumb Code    64  dma.o(.text.MX_DMA_Init)
    MX_GPIO_Init                             0x08002d59   Thumb Code   220  gpio.o(.text.MX_GPIO_Init)
    MX_SPI1_Init                             0x08002e49   Thumb Code    60  spi.o(.text.MX_SPI1_Init)
    MX_TIM2_Init                             0x08002e8d   Thumb Code    88  tim.o(.text.MX_TIM2_Init)
    MX_TIM3_Init                             0x08002ee9   Thumb Code    52  tim.o(.text.MX_TIM3_Init)
    MX_TIM4_Init                             0x08002f21   Thumb Code    52  tim.o(.text.MX_TIM4_Init)
    MX_TIM5_Init                             0x08002f59   Thumb Code   100  tim.o(.text.MX_TIM5_Init)
    MX_TIM9_Init                             0x08002fc1   Thumb Code    68  tim.o(.text.MX_TIM9_Init)
    MX_USART1_UART_Init                      0x08003009   Thumb Code    24  usart.o(.text.MX_USART1_UART_Init)
    MX_USART6_UART_Init                      0x08003029   Thumb Code    24  usart.o(.text.MX_USART6_UART_Init)
    MemManage_Handler                        0x08003049   Thumb Code     2  stm32f4xx_it.o(.text.MemManage_Handler)
    Motor_Init                               0x0800304d   Thumb Code   180  motor.o(.text.Motor_Init)
    Motor_PWM_Set                            0x0800313d   Thumb Code   164  motor.o(.text.Motor_PWM_Set)
    Motor_Velocity_Set                       0x080031ed   Thumb Code    32  motor.o(.text.Motor_Velocity_Set)
    NMI_Handler                              0x0800320d   Thumb Code     2  stm32f4xx_it.o(.text.NMI_Handler)
    PID_Control_Dir                          0x0800354d   Thumb Code   104  pid.o(.text.PID_Control_Dir)
    PID_Init                                 0x080035b5   Thumb Code    14  pid.o(.text.PID_Init)
    PendSV_Handler                           0x080035c3   Thumb Code     2  stm32f4xx_it.o(.text.PendSV_Handler)
    SVC_Handler                              0x080035c5   Thumb Code     2  stm32f4xx_it.o(.text.SVC_Handler)
    SysTick_Handler                          0x080035c7   Thumb Code     4  stm32f4xx_it.o(.text.SysTick_Handler)
    SystemClock_Config                       0x080035cd   Thumb Code   156  main.o(.text.SystemClock_Config)
    SystemInit                               0x08003671   Thumb Code    12  system_stm32f4xx.o(.text.SystemInit)
    TIM1_BRK_TIM9_IRQHandler                 0x08003681   Thumb Code     8  stm32f4xx_it.o(.text.TIM1_BRK_TIM9_IRQHandler)
    TIM3_IRQHandler                          0x0800368d   Thumb Code     8  stm32f4xx_it.o(.text.TIM3_IRQHandler)
    TIM4_IRQHandler                          0x08003699   Thumb Code     8  stm32f4xx_it.o(.text.TIM4_IRQHandler)
    TIM_Base_SetConfig                       0x080036a5   Thumb Code   116  stm32f4xx_hal_tim.o(.text.TIM_Base_SetConfig)
    TIM_CCxChannelCmd                        0x08003731   Thumb Code    30  stm32f4xx_hal_tim.o(.text.TIM_CCxChannelCmd)
    TIM_OC2_SetConfig                        0x0800379d   Thumb Code    80  stm32f4xx_hal_tim.o(.text.TIM_OC2_SetConfig)
    UARTCOM_GetData                          0x080038c5   Thumb Code    70  uart_com.o(.text.UARTCOM_GetData)
    UART_Start_Receive_IT                    0x08003b79   Thumb Code    52  stm32f4xx_hal_uart.o(.text.UART_Start_Receive_IT)
    USART1_IRQHandler                        0x08003bad   Thumb Code     8  stm32f4xx_it.o(.text.USART1_IRQHandler)
    USART6_IRQHandler                        0x08003bb5   Thumb Code     8  stm32f4xx_it.o(.text.USART6_IRQHandler)
    UsageFault_Handler                       0x08003bbd   Thumb Code     2  stm32f4xx_it.o(.text.UsageFault_Handler)
    fputc                                    0x08003be5   Thumb Code    16  usart.o(.text.fputc)
    main                                     0x08003bf9   Thumb Code    92  main.o(.text.main)
    _btod_d2e                                0x08003c71   Thumb Code    62  btod.o(CL$$btod_d2e)
    _d2e_denorm_low                          0x08003caf   Thumb Code    70  btod.o(CL$$btod_d2e_denorm_low)
    _d2e_norm_op1                            0x08003cf5   Thumb Code    96  btod.o(CL$$btod_d2e_norm_op1)
    __btod_div_common                        0x08003d55   Thumb Code   696  btod.o(CL$$btod_div_common)
    _e2e                                     0x0800408d   Thumb Code   220  btod.o(CL$$btod_e2e)
    _btod_ediv                               0x08004169   Thumb Code    42  btod.o(CL$$btod_ediv)
    _btod_emul                               0x08004193   Thumb Code    42  btod.o(CL$$btod_emul)
    __btod_mult_common                       0x080041bd   Thumb Code   580  btod.o(CL$$btod_mult_common)
    __ARM_fpclassify                         0x08004401   Thumb Code    48  fpclassify.o(i.__ARM_fpclassify)
    _is_digit                                0x08004431   Thumb Code    14  __printf_wp.o(i._is_digit)
    _get_lc_numeric                          0x08004441   Thumb Code    44  lc_numeric_c.o(locale$$code)
    _get_lc_ctype                            0x0800446d   Thumb Code    44  lc_ctype_c.o(locale$$code)
    __aeabi_d2f                              0x08004499   Thumb Code     0  d2f.o(x$fpl$d2f)
    _d2f                                     0x08004499   Thumb Code    98  d2f.o(x$fpl$d2f)
    __aeabi_dadd                             0x080044fd   Thumb Code     0  daddsub_clz.o(x$fpl$dadd)
    _dadd                                    0x080044fd   Thumb Code   332  daddsub_clz.o(x$fpl$dadd)
    __aeabi_ddiv                             0x0800464d   Thumb Code     0  ddiv.o(x$fpl$ddiv)
    _ddiv                                    0x0800464d   Thumb Code   556  ddiv.o(x$fpl$ddiv)
    __aeabi_i2d                              0x08004901   Thumb Code     0  dflt_clz.o(x$fpl$dflt)
    _dflt                                    0x08004901   Thumb Code    46  dflt_clz.o(x$fpl$dflt)
    __aeabi_dmul                             0x08004931   Thumb Code     0  dmul.o(x$fpl$dmul)
    _dmul                                    0x08004931   Thumb Code   332  dmul.o(x$fpl$dmul)
    __fpl_dnaninf                            0x08004a85   Thumb Code   156  dnaninf.o(x$fpl$dnaninf)
    __fpl_dretinf                            0x08004b21   Thumb Code    12  dretinf.o(x$fpl$dretinf)
    __aeabi_dsub                             0x08004b2d   Thumb Code     0  daddsub_clz.o(x$fpl$dsub)
    _dsub                                    0x08004b2d   Thumb Code   472  daddsub_clz.o(x$fpl$dsub)
    __aeabi_f2d                              0x08004d09   Thumb Code     0  f2d.o(x$fpl$f2d)
    _f2d                                     0x08004d09   Thumb Code    86  f2d.o(x$fpl$f2d)
    __fpl_fnaninf                            0x08004d5f   Thumb Code   140  fnaninf.o(x$fpl$fnaninf)
    _fp_init                                 0x08004deb   Thumb Code    26  fpinit.o(x$fpl$fpinit)
    __fplib_config_fpu_vfp                   0x08004e03   Thumb Code     0  fpinit.o(x$fpl$fpinit)
    __fplib_config_pureend_doubles           0x08004e03   Thumb Code     0  fpinit.o(x$fpl$fpinit)
    __fpl_fretinf                            0x08004e05   Thumb Code    10  fretinf.o(x$fpl$fretinf)
    _printf_fp_dec                           0x08004e0f   Thumb Code     4  printf1.o(x$fpl$printf1)
    __I$use$fp                               0x08004e12   Number         0  usenofp.o(x$fpl$usenofp)
    AHBPrescTable                            0x08004ea8   Data          16  system_stm32f4xx.o(.rodata.AHBPrescTable)
    APBPrescTable                            0x08004eb8   Data           8  system_stm32f4xx.o(.rodata.APBPrescTable)
    Region$$Table$$Base                      0x08004ec0   Number         0  anon$$obj.o(Region$$Table)
    Region$$Table$$Limit                     0x08004ee0   Number         0  anon$$obj.o(Region$$Table)
    __ctype                                  0x08004f09   Data           0  lc_ctype_c.o(locale$$data)
    uwTickFreq                               0x20000000   Data           1  stm32f4xx_hal.o(.data..L_MergedGlobals)
    uwTickPrio                               0x20000004   Data           4  stm32f4xx_hal.o(.data..L_MergedGlobals)
    SystemCoreClock                          0x20000008   Data           4  system_stm32f4xx.o(.data.SystemCoreClock)
    mode                                     0x2000000c   Data           4  main.o(.data.mode)
    __libspace_start                         0x20000010   Data          96  libspace.o(.bss)
    __temporary_stack_top$libspace           0x20000070   Data           0  libspace.o(.bss)
    yVeloFilter                              0x20000070   Data          20  motor.o(.bss..L_MergedGlobals)
    xVeloFilter                              0x20000084   Data          20  motor.o(.bss..L_MergedGlobals)
    yMotor                                   0x20000098   Data          36  motor.o(.bss..L_MergedGlobals)
    xMotor                                   0x200000bc   Data          36  motor.o(.bss..L_MergedGlobals)
    __stdout                                 0x200000e4   Data           4  usart.o(.bss.__stdout)
    anglePID_X                               0x200000e8   Data          36  pid.o(.bss.anglePID_X)
    anglePID_Y                               0x2000010c   Data          36  pid.o(.bss.anglePID_Y)
    gimbalPID_X                              0x20000130   Data          36  pid.o(.bss.gimbalPID_X)
    gimbalPID_Y                              0x20000154   Data          36  pid.o(.bss.gimbalPID_Y)
    hdma_usart1_tx                           0x20000178   Data          96  usart.o(.bss.hdma_usart1_tx)
    hdma_usart6_tx                           0x200001d8   Data          96  usart.o(.bss.hdma_usart6_tx)
    hspi1                                    0x20000238   Data          88  spi.o(.bss.hspi1)
    htim2                                    0x20000290   Data          72  tim.o(.bss.htim2)
    htim3                                    0x200002d8   Data          72  tim.o(.bss.htim3)
    htim4                                    0x20000320   Data          72  tim.o(.bss.htim4)
    htim5                                    0x20000368   Data          72  tim.o(.bss.htim5)
    htim9                                    0x200003b0   Data          72  tim.o(.bss.htim9)
    huart1                                   0x200003f8   Data          68  usart.o(.bss.huart1)
    huart6                                   0x2000043c   Data          68  usart.o(.bss.huart6)
    mpuData                                  0x20000480   Data          32  control.o(.bss.mpuData)
    myGimbal                                 0x200004a0   Data         328  control.o(.bss.myGimbal)
    uart1_com                                0x200005e8   Data        1048  uart_com.o(.bss.uart1_com)
    uart6_com                                0x20000a00   Data        1048  uart_com.o(.bss.uart6_com)
    uwTick                                   0x20000e18   Data           4  stm32f4xx_hal.o(.bss.uwTick)
    veloPID_X                                0x20000e1c   Data          36  pid.o(.bss.veloPID_X)
    veloPID_Y                                0x20000e40   Data          36  pid.o(.bss.veloPID_Y)



==============================================================================

Memory Map of the image

  Image Entry point : 0x08000195

  Load Region LR_IROM1 (Base: 0x08000000, Size: 0x00005020, Max: 0x00040000, ABSOLUTE)

    Execution Region ER_IROM1 (Exec base: 0x08000000, Load base: 0x08000000, Size: 0x0000500c, Max: 0x00040000, ABSOLUTE)

    Exec Addr    Load Addr    Size         Type   Attr      Idx    E Section Name        Object

    0x08000000   0x08000000   0x00000194   Data   RO            3    RESET               startup_stm32f401xc.o
    0x08000194   0x08000194   0x00000008   Code   RO         1624  * !!!main             c_w.l(__main.o)
    0x0800019c   0x0800019c   0x00000034   Code   RO         1912    !!!scatter          c_w.l(__scatter.o)
    0x080001d0   0x080001d0   0x0000001a   Code   RO         1914    !!handler_copy      c_w.l(__scatter_copy.o)
    0x080001ea   0x080001ea   0x00000002   PAD
    0x080001ec   0x080001ec   0x0000001c   Code   RO         1916    !!handler_zi        c_w.l(__scatter_zi.o)
    0x08000208   0x08000208   0x00000000   Code   RO         1609    .ARM.Collect$$_printf_percent$$00000000  c_w.l(_printf_percent.o)
    0x08000208   0x08000208   0x00000006   Code   RO         1608    .ARM.Collect$$_printf_percent$$00000003  c_w.l(_printf_f.o)
    0x0800020e   0x0800020e   0x00000004   Code   RO         1666    .ARM.Collect$$_printf_percent$$00000017  c_w.l(_printf_percent_end.o)
    0x08000212   0x08000212   0x00000002   Code   RO         1777    .ARM.Collect$$libinit$$00000000  c_w.l(libinit.o)
    0x08000214   0x08000214   0x00000004   Code   RO         1778    .ARM.Collect$$libinit$$00000001  c_w.l(libinit2.o)
    0x08000218   0x08000218   0x00000000   Code   RO         1781    .ARM.Collect$$libinit$$00000004  c_w.l(libinit2.o)
    0x08000218   0x08000218   0x00000000   Code   RO         1784    .ARM.Collect$$libinit$$0000000A  c_w.l(libinit2.o)
    0x08000218   0x08000218   0x00000000   Code   RO         1786    .ARM.Collect$$libinit$$0000000C  c_w.l(libinit2.o)
    0x08000218   0x08000218   0x00000000   Code   RO         1788    .ARM.Collect$$libinit$$0000000E  c_w.l(libinit2.o)
    0x08000218   0x08000218   0x00000006   Code   RO         1789    .ARM.Collect$$libinit$$0000000F  c_w.l(libinit2.o)
    0x0800021e   0x0800021e   0x00000000   Code   RO         1791    .ARM.Collect$$libinit$$00000011  c_w.l(libinit2.o)
    0x0800021e   0x0800021e   0x0000000c   Code   RO         1792    .ARM.Collect$$libinit$$00000012  c_w.l(libinit2.o)
    0x0800022a   0x0800022a   0x00000000   Code   RO         1793    .ARM.Collect$$libinit$$00000013  c_w.l(libinit2.o)
    0x0800022a   0x0800022a   0x00000000   Code   RO         1795    .ARM.Collect$$libinit$$00000015  c_w.l(libinit2.o)
    0x0800022a   0x0800022a   0x0000000a   Code   RO         1796    .ARM.Collect$$libinit$$00000016  c_w.l(libinit2.o)
    0x08000234   0x08000234   0x00000000   Code   RO         1797    .ARM.Collect$$libinit$$00000017  c_w.l(libinit2.o)
    0x08000234   0x08000234   0x00000000   Code   RO         1799    .ARM.Collect$$libinit$$00000019  c_w.l(libinit2.o)
    0x08000234   0x08000234   0x00000000   Code   RO         1801    .ARM.Collect$$libinit$$0000001B  c_w.l(libinit2.o)
    0x08000234   0x08000234   0x00000000   Code   RO         1803    .ARM.Collect$$libinit$$0000001D  c_w.l(libinit2.o)
    0x08000234   0x08000234   0x00000000   Code   RO         1805    .ARM.Collect$$libinit$$0000001F  c_w.l(libinit2.o)
    0x08000234   0x08000234   0x00000000   Code   RO         1807    .ARM.Collect$$libinit$$00000021  c_w.l(libinit2.o)
    0x08000234   0x08000234   0x00000000   Code   RO         1809    .ARM.Collect$$libinit$$00000023  c_w.l(libinit2.o)
    0x08000234   0x08000234   0x00000000   Code   RO         1811    .ARM.Collect$$libinit$$00000025  c_w.l(libinit2.o)
    0x08000234   0x08000234   0x00000000   Code   RO         1815    .ARM.Collect$$libinit$$0000002C  c_w.l(libinit2.o)
    0x08000234   0x08000234   0x00000000   Code   RO         1817    .ARM.Collect$$libinit$$0000002E  c_w.l(libinit2.o)
    0x08000234   0x08000234   0x00000000   Code   RO         1819    .ARM.Collect$$libinit$$00000030  c_w.l(libinit2.o)
    0x08000234   0x08000234   0x00000000   Code   RO         1821    .ARM.Collect$$libinit$$00000032  c_w.l(libinit2.o)
    0x08000234   0x08000234   0x00000002   Code   RO         1822    .ARM.Collect$$libinit$$00000033  c_w.l(libinit2.o)
    0x08000236   0x08000236   0x00000002   Code   RO         1877    .ARM.Collect$$libshutdown$$00000000  c_w.l(libshutdown.o)
    0x08000238   0x08000238   0x00000000   Code   RO         1895    .ARM.Collect$$libshutdown$$00000002  c_w.l(libshutdown2.o)
    0x08000238   0x08000238   0x00000000   Code   RO         1897    .ARM.Collect$$libshutdown$$00000004  c_w.l(libshutdown2.o)
    0x08000238   0x08000238   0x00000000   Code   RO         1900    .ARM.Collect$$libshutdown$$00000007  c_w.l(libshutdown2.o)
    0x08000238   0x08000238   0x00000000   Code   RO         1903    .ARM.Collect$$libshutdown$$0000000A  c_w.l(libshutdown2.o)
    0x08000238   0x08000238   0x00000000   Code   RO         1905    .ARM.Collect$$libshutdown$$0000000C  c_w.l(libshutdown2.o)
    0x08000238   0x08000238   0x00000000   Code   RO         1908    .ARM.Collect$$libshutdown$$0000000F  c_w.l(libshutdown2.o)
    0x08000238   0x08000238   0x00000002   Code   RO         1909    .ARM.Collect$$libshutdown$$00000010  c_w.l(libshutdown2.o)
    0x0800023a   0x0800023a   0x00000000   Code   RO         1650    .ARM.Collect$$rtentry$$00000000  c_w.l(__rtentry.o)
    0x0800023a   0x0800023a   0x00000000   Code   RO         1684    .ARM.Collect$$rtentry$$00000002  c_w.l(__rtentry2.o)
    0x0800023a   0x0800023a   0x00000006   Code   RO         1696    .ARM.Collect$$rtentry$$00000004  c_w.l(__rtentry4.o)
    0x08000240   0x08000240   0x00000000   Code   RO         1686    .ARM.Collect$$rtentry$$00000009  c_w.l(__rtentry2.o)
    0x08000240   0x08000240   0x00000004   Code   RO         1687    .ARM.Collect$$rtentry$$0000000A  c_w.l(__rtentry2.o)
    0x08000244   0x08000244   0x00000000   Code   RO         1689    .ARM.Collect$$rtentry$$0000000C  c_w.l(__rtentry2.o)
    0x08000244   0x08000244   0x00000008   Code   RO         1690    .ARM.Collect$$rtentry$$0000000D  c_w.l(__rtentry2.o)
    0x0800024c   0x0800024c   0x00000002   Code   RO         1823    .ARM.Collect$$rtexit$$00000000  c_w.l(rtexit.o)
    0x0800024e   0x0800024e   0x00000000   Code   RO         1842    .ARM.Collect$$rtexit$$00000002  c_w.l(rtexit2.o)
    0x0800024e   0x0800024e   0x00000004   Code   RO         1843    .ARM.Collect$$rtexit$$00000003  c_w.l(rtexit2.o)
    0x08000252   0x08000252   0x00000006   Code   RO         1844    .ARM.Collect$$rtexit$$00000004  c_w.l(rtexit2.o)
    0x08000258   0x08000258   0x00000040   Code   RO            4    .text               startup_stm32f401xc.o
    0x08000298   0x08000298   0x000000f0   Code   RO         1580    .text               c_w.l(lludivv7m.o)
    0x08000388   0x08000388   0x00000018   Code   RO         1584    .text               c_w.l(noretval__2printf.o)
    0x080003a0   0x080003a0   0x0000010e   Code   RO         1596    .text               c_w.l(__printf_wp.o)
    0x080004ae   0x080004ae   0x0000001a   Code   RO         1610    .text               c_w.l(atoi.o)
    0x080004c8   0x080004c8   0x00000014   Code   RO         1612    .text               c_w.l(strchr.o)
    0x080004dc   0x080004dc   0x00000048   Code   RO         1614    .text               c_w.l(strcpy.o)
    0x08000524   0x08000524   0x0000008a   Code   RO         1616    .text               c_w.l(rt_memcpy_v6.o)
    0x080005ae   0x080005ae   0x00000044   Code   RO         1618    .text               c_w.l(rt_memclr.o)
    0x080005f2   0x080005f2   0x0000004e   Code   RO         1620    .text               c_w.l(rt_memclr_w.o)
    0x08000640   0x08000640   0x00000006   Code   RO         1622    .text               c_w.l(heapauxi.o)
    0x08000646   0x08000646   0x00000002   PAD
    0x08000648   0x08000648   0x00000008   Code   RO         1658    .text               c_w.l(rt_errno_addr_intlibspace.o)
    0x08000650   0x08000650   0x0000041c   Code   RO         1660    .text               c_w.l(_printf_fp_dec.o)
    0x08000a6c   0x08000a6c   0x00000024   Code   RO         1664    .text               c_w.l(_printf_char_file.o)
    0x08000a90   0x08000a90   0x00000070   Code   RO         1667    .text               c_w.l(strtol.o)
    0x08000b00   0x08000b00   0x00000064   Code   RO         1669    .text               c_w.l(rt_memcpy_w.o)
    0x08000b64   0x08000b64   0x00000008   Code   RO         1680    .text               c_w.l(libspace.o)
    0x08000b6c   0x08000b6c   0x00000010   Code   RO         1698    .text               c_w.l(rt_ctype_table.o)
    0x08000b7c   0x08000b7c   0x00000008   Code   RO         1705    .text               c_w.l(rt_locale_intlibspace.o)
    0x08000b84   0x08000b84   0x0000008a   Code   RO         1707    .text               c_w.l(lludiv10.o)
    0x08000c0e   0x08000c0e   0x00000002   PAD
    0x08000c10   0x08000c10   0x00000030   Code   RO         1709    .text               c_w.l(_printf_char_common.o)
    0x08000c40   0x08000c40   0x00000080   Code   RO         1711    .text               c_w.l(_printf_fp_infnan.o)
    0x08000cc0   0x08000cc0   0x0000009e   Code   RO         1713    .text               c_w.l(_strtoul.o)
    0x08000d5e   0x08000d5e   0x00000002   PAD
    0x08000d60   0x08000d60   0x000000e4   Code   RO         1715    .text               c_w.l(bigflt0.o)
    0x08000e44   0x08000e44   0x00000008   Code   RO         1742    .text               c_w.l(ferror.o)
    0x08000e4c   0x08000e4c   0x0000004a   Code   RO         1753    .text               c_w.l(sys_stackheap_outer.o)
    0x08000e96   0x08000e96   0x0000001c   Code   RO         1757    .text               c_w.l(_chval.o)
    0x08000eb2   0x08000eb2   0x00000012   Code   RO         1764    .text               c_w.l(exit.o)
    0x08000ec4   0x08000ec4   0x00000004   PAD
    0x08000ec8   0x08000ec8   0x0000007c   Code   RO         1770    .text               c_w.l(strcmpv7em.o)
    0x08000f44   0x08000f44   0x0000000c   Code   RO         1837    .text               c_w.l(sys_exit.o)
    0x08000f50   0x08000f50   0x00000002   Code   RO         1864    .text               c_w.l(use_no_semi.o)
    0x08000f52   0x08000f52   0x00000000   Code   RO         1866    .text               c_w.l(indicate_semi.o)
    0x08000f52   0x08000f52   0x00000002   Code   RO          228    .text.BusFault_Handler  stm32f4xx_it.o
    0x08000f54   0x08000f54   0x0000000c   Code   RO          254    .text.DMA2_Stream6_IRQHandler  stm32f4xx_it.o
    0x08000f60   0x08000f60   0x0000000c   Code   RO          256    .text.DMA2_Stream7_IRQHandler  stm32f4xx_it.o
    0x08000f6c   0x08000f6c   0x00000034   Code   RO          625    .text.DMA_CalcBaseAndBitshift  stm32f4xx_hal_dma.o
    0x08000fa0   0x08000fa0   0x00000022   Code   RO          631    .text.DMA_SetConfig  stm32f4xx_hal_dma.o
    0x08000fc2   0x08000fc2   0x00000002   Code   RO          234    .text.DebugMon_Handler  stm32f4xx_it.o
    0x08000fc4   0x08000fc4   0x00000016   Code   RO          252    .text.EXTI15_10_IRQHandler  stm32f4xx_it.o
    0x08000fda   0x08000fda   0x00000006   Code   RO          240    .text.EXTI4_IRQHandler  stm32f4xx_it.o
    0x08000fe0   0x08000fe0   0x00000008   Code   RO          242    .text.EXTI9_5_IRQHandler  stm32f4xx_it.o
    0x08000fe8   0x08000fe8   0x00000008   Code   RO           98    .text.Error_Handler  main.o
    0x08000ff0   0x08000ff0   0x000000bc   Code   RO           36    .text.Gimbal_Init   control.o
    0x080010ac   0x080010ac   0x00000034   Code   RO           38    .text.Gimbal_Update  control.o
    0x080010e0   0x080010e0   0x00000080   Code   RO          635    .text.HAL_DMA_Abort  stm32f4xx_hal_dma.o
    0x08001160   0x08001160   0x00000024   Code   RO          637    .text.HAL_DMA_Abort_IT  stm32f4xx_hal_dma.o
    0x08001184   0x08001184   0x00000158   Code   RO          641    .text.HAL_DMA_IRQHandler  stm32f4xx_hal_dma.o
    0x080012dc   0x080012dc   0x00000108   Code   RO          623    .text.HAL_DMA_Init  stm32f4xx_hal_dma.o
    0x080013e4   0x080013e4   0x0000005e   Code   RO          633    .text.HAL_DMA_Start_IT  stm32f4xx_hal_dma.o
    0x08001442   0x08001442   0x00000002   PAD
    0x08001444   0x08001444   0x000000bc   Code   RO          100    .text.HAL_GPIO_EXTI_Callback  main.o
    0x08001500   0x08001500   0x00000014   Code   RO          597    .text.HAL_GPIO_EXTI_IRQHandler  stm32f4xx_hal_gpio.o
    0x08001514   0x08001514   0x000001a0   Code   RO          585    .text.HAL_GPIO_Init  stm32f4xx_hal_gpio.o
    0x080016b4   0x080016b4   0x0000000a   Code   RO          591    .text.HAL_GPIO_WritePin  stm32f4xx_hal_gpio.o
    0x080016be   0x080016be   0x00000002   PAD
    0x080016c0   0x080016c0   0x00000008   Code   RO          797    .text.HAL_GetTick   stm32f4xx_hal.o
    0x080016c8   0x080016c8   0x00000014   Code   RO          795    .text.HAL_IncTick   stm32f4xx_hal.o
    0x080016dc   0x080016dc   0x00000034   Code   RO          785    .text.HAL_Init      stm32f4xx_hal.o
    0x08001710   0x08001710   0x0000003c   Code   RO          787    .text.HAL_InitTick  stm32f4xx_hal.o
    0x0800174c   0x0800174c   0x00000038   Code   RO          267    .text.HAL_MspInit   stm32f4xx_hal_msp.o
    0x08001784   0x08001784   0x00000018   Code   RO          739    .text.HAL_NVIC_EnableIRQ  stm32f4xx_hal_cortex.o
    0x0800179c   0x0800179c   0x00000038   Code   RO          735    .text.HAL_NVIC_SetPriority  stm32f4xx_hal_cortex.o
    0x080017d4   0x080017d4   0x00000020   Code   RO          733    .text.HAL_NVIC_SetPriorityGrouping  stm32f4xx_hal_cortex.o
    0x080017f4   0x080017f4   0x00000114   Code   RO          449    .text.HAL_RCC_ClockConfig  stm32f4xx_hal_rcc.o
    0x08001908   0x08001908   0x00000014   Code   RO          461    .text.HAL_RCC_GetPCLK1Freq  stm32f4xx_hal_rcc.o
    0x0800191c   0x0800191c   0x00000020   Code   RO          463    .text.HAL_RCC_GetPCLK2Freq  stm32f4xx_hal_rcc.o
    0x0800193c   0x0800193c   0x0000005c   Code   RO          451    .text.HAL_RCC_GetSysClockFreq  stm32f4xx_hal_rcc.o
    0x08001998   0x08001998   0x00000328   Code   RO          447    .text.HAL_RCC_OscConfig  stm32f4xx_hal_rcc.o
    0x08001cc0   0x08001cc0   0x000000c0   Code   RO          275    .text.HAL_SPI_Init  stm32f4xx_hal_spi.o
    0x08001d80   0x08001d80   0x00000098   Code   RO          133    .text.HAL_SPI_MspInit  spi.o
    0x08001e18   0x08001e18   0x00000028   Code   RO          747    .text.HAL_SYSTICK_Config  stm32f4xx_hal_cortex.o
    0x08001e40   0x08001e40   0x00000002   Code   RO         1322    .text.HAL_TIMEx_BreakCallback  stm32f4xx_hal_tim_ex.o
    0x08001e42   0x08001e42   0x00000002   Code   RO         1318    .text.HAL_TIMEx_CommutCallback  stm32f4xx_hal_tim_ex.o
    0x08001e44   0x08001e44   0x00000060   Code   RO         1312    .text.HAL_TIMEx_MasterConfigSynchronization  stm32f4xx_hal_tim_ex.o
    0x08001ea4   0x08001ea4   0x0000001e   Code   RO          879    .text.HAL_TIM_Base_Init  stm32f4xx_hal_tim.o
    0x08001ec2   0x08001ec2   0x00000002   PAD
    0x08001ec4   0x08001ec4   0x0000003c   Code   RO          162    .text.HAL_TIM_Base_MspInit  tim.o
    0x08001f00   0x08001f00   0x00000064   Code   RO          893    .text.HAL_TIM_Base_Start_IT  stm32f4xx_hal_tim.o
    0x08001f64   0x08001f64   0x000000b4   Code   RO         1067    .text.HAL_TIM_ConfigClockSource  stm32f4xx_hal_tim.o
    0x08002018   0x08002018   0x0000008a   Code   RO          993    .text.HAL_TIM_Encoder_Init  stm32f4xx_hal_tim.o
    0x080020a2   0x080020a2   0x00000002   PAD
    0x080020a4   0x080020a4   0x000000e8   Code   RO          160    .text.HAL_TIM_Encoder_MspInit  tim.o
    0x0800218c   0x0800218c   0x0000005a   Code   RO         1001    .text.HAL_TIM_Encoder_Start  stm32f4xx_hal_tim.o
    0x080021e6   0x080021e6   0x00000002   Code   RO         1015    .text.HAL_TIM_IC_CaptureCallback  stm32f4xx_hal_tim.o
    0x080021e8   0x080021e8   0x00000126   Code   RO         1013    .text.HAL_TIM_IRQHandler  stm32f4xx_hal_tim.o
    0x0800230e   0x0800230e   0x00000002   PAD
    0x08002310   0x08002310   0x00000064   Code   RO          148    .text.HAL_TIM_MspPostInit  tim.o
    0x08002374   0x08002374   0x00000002   Code   RO         1017    .text.HAL_TIM_OC_DelayElapsedCallback  stm32f4xx_hal_tim.o
    0x08002376   0x08002376   0x00000002   PAD
    0x08002378   0x08002378   0x0000008a   Code   RO         1041    .text.HAL_TIM_PWM_ConfigChannel  stm32f4xx_hal_tim.o
    0x08002402   0x08002402   0x0000001e   Code   RO          933    .text.HAL_TIM_PWM_Init  stm32f4xx_hal_tim.o
    0x08002420   0x08002420   0x0000004c   Code   RO          158    .text.HAL_TIM_PWM_MspInit  tim.o
    0x0800246c   0x0800246c   0x00000002   Code   RO         1019    .text.HAL_TIM_PWM_PulseFinishedCallback  stm32f4xx_hal_tim.o
    0x0800246e   0x0800246e   0x00000002   PAD
    0x08002470   0x08002470   0x000000a4   Code   RO          941    .text.HAL_TIM_PWM_Start  stm32f4xx_hal_tim.o
    0x08002514   0x08002514   0x00000004   PAD
    0x08002518   0x08002518   0x000002b0   Code   RO           19    .text.HAL_TIM_PeriodElapsedCallback  motor.o
    0x080027c8   0x080027c8   0x00000002   Code   RO         1023    .text.HAL_TIM_TriggerCallback  stm32f4xx_hal_tim.o
    0x080027ca   0x080027ca   0x00000002   Code   RO         1490    .text.HAL_UARTEx_RxEventCallback  stm32f4xx_hal_uart.o
    0x080027cc   0x080027cc   0x00000002   Code   RO         1488    .text.HAL_UART_ErrorCallback  stm32f4xx_hal_uart.o
    0x080027ce   0x080027ce   0x00000002   PAD
    0x080027d0   0x080027d0   0x00000234   Code   RO         1482    .text.HAL_UART_IRQHandler  stm32f4xx_hal_uart.o
    0x08002a04   0x08002a04   0x0000002c   Code   RO         1400    .text.HAL_UART_Init  stm32f4xx_hal_uart.o
    0x08002a30   0x08002a30   0x000000ec   Code   RO          195    .text.HAL_UART_MspInit  usart.o
    0x08002b1c   0x08002b1c   0x00000030   Code   RO         1424    .text.HAL_UART_Receive_IT  stm32f4xx_hal_uart.o
    0x08002b4c   0x08002b4c   0x00000144   Code   RO           76    .text.HAL_UART_RxCpltCallback  uart_com.o
    0x08002c90   0x08002c90   0x00000080   Code   RO         1428    .text.HAL_UART_Transmit_DMA  stm32f4xx_hal_uart.o
    0x08002d10   0x08002d10   0x00000002   Code   RO         1492    .text.HAL_UART_TxCpltCallback  stm32f4xx_hal_uart.o
    0x08002d12   0x08002d12   0x00000002   Code   RO         1494    .text.HAL_UART_TxHalfCpltCallback  stm32f4xx_hal_uart.o
    0x08002d14   0x08002d14   0x00000002   Code   RO          224    .text.HardFault_Handler  stm32f4xx_it.o
    0x08002d16   0x08002d16   0x00000002   PAD
    0x08002d18   0x08002d18   0x00000040   Code   RO          122    .text.MX_DMA_Init   dma.o
    0x08002d58   0x08002d58   0x000000f0   Code   RO          113    .text.MX_GPIO_Init  gpio.o
    0x08002e48   0x08002e48   0x00000044   Code   RO          131    .text.MX_SPI1_Init  spi.o
    0x08002e8c   0x08002e8c   0x0000005c   Code   RO          146    .text.MX_TIM2_Init  tim.o
    0x08002ee8   0x08002ee8   0x00000038   Code   RO          150    .text.MX_TIM3_Init  tim.o
    0x08002f20   0x08002f20   0x00000038   Code   RO          152    .text.MX_TIM4_Init  tim.o
    0x08002f58   0x08002f58   0x00000068   Code   RO          154    .text.MX_TIM5_Init  tim.o
    0x08002fc0   0x08002fc0   0x00000048   Code   RO          156    .text.MX_TIM9_Init  tim.o
    0x08003008   0x08003008   0x00000020   Code   RO          191    .text.MX_USART1_UART_Init  usart.o
    0x08003028   0x08003028   0x00000020   Code   RO          193    .text.MX_USART6_UART_Init  usart.o
    0x08003048   0x08003048   0x00000002   Code   RO          226    .text.MemManage_Handler  stm32f4xx_it.o
    0x0800304a   0x0800304a   0x00000002   PAD
    0x0800304c   0x0800304c   0x000000f0   Code   RO           11    .text.Motor_Init    motor.o
    0x0800313c   0x0800313c   0x000000b0   Code   RO           13    .text.Motor_PWM_Set  motor.o
    0x080031ec   0x080031ec   0x00000020   Code   RO           15    .text.Motor_Velocity_Set  motor.o
    0x0800320c   0x0800320c   0x00000002   Code   RO          222    .text.NMI_Handler   stm32f4xx_it.o
    0x0800320e   0x0800320e   0x00000010   Code   RO           21    .text.OUTLINED_FUNCTION_0  motor.o
    0x0800321e   0x0800321e   0x00000006   Code   RO           42    .text.OUTLINED_FUNCTION_0  control.o
    0x08003224   0x08003224   0x00000008   Code   RO           82    .text.OUTLINED_FUNCTION_0  uart_com.o
    0x0800322c   0x0800322c   0x00000028   Code   RO          170    .text.OUTLINED_FUNCTION_0  tim.o
    0x08003254   0x08003254   0x0000001c   Code   RO          201    .text.OUTLINED_FUNCTION_0  usart.o
    0x08003270   0x08003270   0x0000000c   Code   RO          473    .text.OUTLINED_FUNCTION_0  stm32f4xx_hal_rcc.o
    0x0800327c   0x0800327c   0x0000000e   Code   RO          651    .text.OUTLINED_FUNCTION_0  stm32f4xx_hal_dma.o
    0x0800328a   0x0800328a   0x00000014   Code   RO         1518    .text.OUTLINED_FUNCTION_0  stm32f4xx_hal_uart.o
    0x0800329e   0x0800329e   0x0000000c   Code   RO           23    .text.OUTLINED_FUNCTION_1  motor.o
    0x080032aa   0x080032aa   0x0000000e   Code   RO           44    .text.OUTLINED_FUNCTION_1  control.o
    0x080032b8   0x080032b8   0x00000012   Code   RO          172    .text.OUTLINED_FUNCTION_1  tim.o
    0x080032ca   0x080032ca   0x00000014   Code   RO          203    .text.OUTLINED_FUNCTION_1  usart.o
    0x080032de   0x080032de   0x0000000a   Code   RO          653    .text.OUTLINED_FUNCTION_1  stm32f4xx_hal_dma.o
    0x080032e8   0x080032e8   0x0000000e   Code   RO          775    .text.OUTLINED_FUNCTION_1  stm32f4xx_hal_cortex.o
    0x080032f6   0x080032f6   0x0000002e   Code   RO         1113    .text.OUTLINED_FUNCTION_1  stm32f4xx_hal_tim.o
    0x08003324   0x08003324   0x00000012   Code   RO         1520    .text.OUTLINED_FUNCTION_1  stm32f4xx_hal_uart.o
    0x08003336   0x08003336   0x0000000a   Code   RO         1131    .text.OUTLINED_FUNCTION_10  stm32f4xx_hal_tim.o
    0x08003340   0x08003340   0x00000014   Code   RO         1538    .text.OUTLINED_FUNCTION_10  stm32f4xx_hal_uart.o
    0x08003354   0x08003354   0x00000016   Code   RO         1133    .text.OUTLINED_FUNCTION_11  stm32f4xx_hal_tim.o
    0x0800336a   0x0800336a   0x0000000c   Code   RO         1542    .text.OUTLINED_FUNCTION_12  stm32f4xx_hal_uart.o
    0x08003376   0x08003376   0x00000012   Code   RO         1544    .text.OUTLINED_FUNCTION_13  stm32f4xx_hal_uart.o
    0x08003388   0x08003388   0x00000006   Code   RO         1149    .text.OUTLINED_FUNCTION_19  stm32f4xx_hal_tim.o
    0x0800338e   0x0800338e   0x0000000e   Code   RO           25    .text.OUTLINED_FUNCTION_2  motor.o
    0x0800339c   0x0800339c   0x00000010   Code   RO          174    .text.OUTLINED_FUNCTION_2  tim.o
    0x080033ac   0x080033ac   0x00000018   Code   RO          205    .text.OUTLINED_FUNCTION_2  usart.o
    0x080033c4   0x080033c4   0x0000000a   Code   RO          477    .text.OUTLINED_FUNCTION_2  stm32f4xx_hal_rcc.o
    0x080033ce   0x080033ce   0x00000014   Code   RO         1522    .text.OUTLINED_FUNCTION_2  stm32f4xx_hal_uart.o
    0x080033e2   0x080033e2   0x0000001e   Code   RO         1155    .text.OUTLINED_FUNCTION_22  stm32f4xx_hal_tim.o
    0x08003400   0x08003400   0x0000000a   Code   RO         1163    .text.OUTLINED_FUNCTION_26  stm32f4xx_hal_tim.o
    0x0800340a   0x0800340a   0x0000000a   Code   RO         1165    .text.OUTLINED_FUNCTION_27  stm32f4xx_hal_tim.o
    0x08003414   0x08003414   0x0000001a   Code   RO         1167    .text.OUTLINED_FUNCTION_28  stm32f4xx_hal_tim.o
    0x0800342e   0x0800342e   0x0000000a   Code   RO          176    .text.OUTLINED_FUNCTION_3  tim.o
    0x08003438   0x08003438   0x0000000e   Code   RO          207    .text.OUTLINED_FUNCTION_3  usart.o
    0x08003446   0x08003446   0x00000016   Code   RO         1524    .text.OUTLINED_FUNCTION_3  stm32f4xx_hal_uart.o
    0x0800345c   0x0800345c   0x00000018   Code   RO         1173    .text.OUTLINED_FUNCTION_31  stm32f4xx_hal_tim.o
    0x08003474   0x08003474   0x00000014   Code   RO         1177    .text.OUTLINED_FUNCTION_33  stm32f4xx_hal_tim.o
    0x08003488   0x08003488   0x0000000c   Code   RO         1195    .text.OUTLINED_FUNCTION_42  stm32f4xx_hal_tim.o
    0x08003494   0x08003494   0x0000000a   Code   RO         1197    .text.OUTLINED_FUNCTION_43  stm32f4xx_hal_tim.o
    0x0800349e   0x0800349e   0x0000000a   Code   RO         1203    .text.OUTLINED_FUNCTION_46  stm32f4xx_hal_tim.o
    0x080034a8   0x080034a8   0x0000000c   Code   RO         1205    .text.OUTLINED_FUNCTION_47  stm32f4xx_hal_tim.o
    0x080034b4   0x080034b4   0x00000010   Code   RO         1207    .text.OUTLINED_FUNCTION_48  stm32f4xx_hal_tim.o
    0x080034c4   0x080034c4   0x0000000a   Code   RO         1121    .text.OUTLINED_FUNCTION_5  stm32f4xx_hal_tim.o
    0x080034ce   0x080034ce   0x00000008   Code   RO         1528    .text.OUTLINED_FUNCTION_5  stm32f4xx_hal_uart.o
    0x080034d6   0x080034d6   0x00000006   Code   RO         1213    .text.OUTLINED_FUNCTION_51  stm32f4xx_hal_tim.o
    0x080034dc   0x080034dc   0x0000000e   Code   RO         1221    .text.OUTLINED_FUNCTION_55  stm32f4xx_hal_tim.o
    0x080034ea   0x080034ea   0x0000000e   Code   RO         1223    .text.OUTLINED_FUNCTION_56  stm32f4xx_hal_tim.o
    0x080034f8   0x080034f8   0x0000000a   Code   RO         1227    .text.OUTLINED_FUNCTION_58  stm32f4xx_hal_tim.o
    0x08003502   0x08003502   0x0000000c   Code   RO         1530    .text.OUTLINED_FUNCTION_6  stm32f4xx_hal_uart.o
    0x0800350e   0x0800350e   0x0000000a   Code   RO         1233    .text.OUTLINED_FUNCTION_61  stm32f4xx_hal_tim.o
    0x08003518   0x08003518   0x0000000e   Code   RO         1125    .text.OUTLINED_FUNCTION_7  stm32f4xx_hal_tim.o
    0x08003526   0x08003526   0x0000001a   Code   RO         1532    .text.OUTLINED_FUNCTION_7  stm32f4xx_hal_uart.o
    0x08003540   0x08003540   0x0000000a   Code   RO         1127    .text.OUTLINED_FUNCTION_8  stm32f4xx_hal_tim.o
    0x0800354a   0x0800354a   0x00000002   PAD
    0x0800354c   0x0800354c   0x00000068   Code   RO           58    .text.PID_Control_Dir  pid.o
    0x080035b4   0x080035b4   0x0000000e   Code   RO           56    .text.PID_Init      pid.o
    0x080035c2   0x080035c2   0x00000002   Code   RO          236    .text.PendSV_Handler  stm32f4xx_it.o
    0x080035c4   0x080035c4   0x00000002   Code   RO          232    .text.SVC_Handler   stm32f4xx_it.o
    0x080035c6   0x080035c6   0x00000004   Code   RO          238    .text.SysTick_Handler  stm32f4xx_it.o
    0x080035ca   0x080035ca   0x00000002   PAD
    0x080035cc   0x080035cc   0x000000a4   Code   RO           96    .text.SystemClock_Config  main.o
    0x08003670   0x08003670   0x00000010   Code   RO         1564    .text.SystemInit    system_stm32f4xx.o
    0x08003680   0x08003680   0x0000000c   Code   RO          244    .text.TIM1_BRK_TIM9_IRQHandler  stm32f4xx_it.o
    0x0800368c   0x0800368c   0x0000000c   Code   RO          246    .text.TIM3_IRQHandler  stm32f4xx_it.o
    0x08003698   0x08003698   0x0000000c   Code   RO          248    .text.TIM4_IRQHandler  stm32f4xx_it.o
    0x080036a4   0x080036a4   0x0000008c   Code   RO          883    .text.TIM_Base_SetConfig  stm32f4xx_hal_tim.o
    0x08003730   0x08003730   0x0000001e   Code   RO          917    .text.TIM_CCxChannelCmd  stm32f4xx_hal_tim.o
    0x0800374e   0x0800374e   0x00000002   PAD
    0x08003750   0x08003750   0x0000004c   Code   RO         1027    .text.TIM_OC1_SetConfig  stm32f4xx_hal_tim.o
    0x0800379c   0x0800379c   0x00000050   Code   RO         1029    .text.TIM_OC2_SetConfig  stm32f4xx_hal_tim.o
    0x080037ec   0x080037ec   0x00000050   Code   RO         1031    .text.TIM_OC3_SetConfig  stm32f4xx_hal_tim.o
    0x0800383c   0x0800383c   0x00000044   Code   RO         1033    .text.TIM_OC4_SetConfig  stm32f4xx_hal_tim.o
    0x08003880   0x08003880   0x00000022   Code   RO         1069    .text.TIM_TI1_ConfigInputStage  stm32f4xx_hal_tim.o
    0x080038a2   0x080038a2   0x00000022   Code   RO         1071    .text.TIM_TI2_ConfigInputStage  stm32f4xx_hal_tim.o
    0x080038c4   0x080038c4   0x00000046   Code   RO           80    .text.UARTCOM_GetData  uart_com.o
    0x0800390a   0x0800390a   0x0000000c   Code   RO         1486    .text.UART_DMAAbortOnError  stm32f4xx_hal_uart.o
    0x08003916   0x08003916   0x0000004e   Code   RO         1434    .text.UART_DMAError  stm32f4xx_hal_uart.o
    0x08003964   0x08003964   0x0000003c   Code   RO         1430    .text.UART_DMATransmitCplt  stm32f4xx_hal_uart.o
    0x080039a0   0x080039a0   0x00000006   Code   RO         1432    .text.UART_DMATxHalfCplt  stm32f4xx_hal_uart.o
    0x080039a6   0x080039a6   0x00000048   Code   RO         1448    .text.UART_EndRxTransfer  stm32f4xx_hal_uart.o
    0x080039ee   0x080039ee   0x0000001c   Code   RO         1446    .text.UART_EndTxTransfer  stm32f4xx_hal_uart.o
    0x08003a0a   0x08003a0a   0x000000c2   Code   RO         1484    .text.UART_Receive_IT  stm32f4xx_hal_uart.o
    0x08003acc   0x08003acc   0x000000ac   Code   RO         1404    .text.UART_SetConfig  stm32f4xx_hal_uart.o
    0x08003b78   0x08003b78   0x00000034   Code   RO         1426    .text.UART_Start_Receive_IT  stm32f4xx_hal_uart.o
    0x08003bac   0x08003bac   0x00000008   Code   RO          250    .text.USART1_IRQHandler  stm32f4xx_it.o
    0x08003bb4   0x08003bb4   0x00000008   Code   RO          258    .text.USART6_IRQHandler  stm32f4xx_it.o
    0x08003bbc   0x08003bbc   0x00000002   Code   RO          230    .text.UsageFault_Handler  stm32f4xx_it.o
    0x08003bbe   0x08003bbe   0x00000002   PAD
    0x08003bc0   0x08003bc0   0x00000024   Code   RO          737    .text.__NVIC_SetPriority  stm32f4xx_hal_cortex.o
    0x08003be4   0x08003be4   0x00000014   Code   RO          199    .text.fputc         usart.o
    0x08003bf8   0x08003bf8   0x00000078   Code   RO           94    .text.main          main.o
    0x08003c70   0x08003c70   0x0000003e   Code   RO         1718    CL$$btod_d2e        c_w.l(btod.o)
    0x08003cae   0x08003cae   0x00000046   Code   RO         1720    CL$$btod_d2e_denorm_low  c_w.l(btod.o)
    0x08003cf4   0x08003cf4   0x00000060   Code   RO         1719    CL$$btod_d2e_norm_op1  c_w.l(btod.o)
    0x08003d54   0x08003d54   0x00000338   Code   RO         1728    CL$$btod_div_common  c_w.l(btod.o)
    0x0800408c   0x0800408c   0x000000dc   Code   RO         1725    CL$$btod_e2e        c_w.l(btod.o)
    0x08004168   0x08004168   0x0000002a   Code   RO         1722    CL$$btod_ediv       c_w.l(btod.o)
    0x08004192   0x08004192   0x0000002a   Code   RO         1721    CL$$btod_emul       c_w.l(btod.o)
    0x080041bc   0x080041bc   0x00000244   Code   RO         1727    CL$$btod_mult_common  c_w.l(btod.o)
    0x08004400   0x08004400   0x00000030   Code   RO         1751    i.__ARM_fpclassify  m_wm.l(fpclassify.o)
    0x08004430   0x08004430   0x0000000e   Code   RO         1598    i._is_digit         c_w.l(__printf_wp.o)
    0x0800443e   0x0800443e   0x00000002   PAD
    0x08004440   0x08004440   0x0000002c   Code   RO         1747    locale$$code        c_w.l(lc_numeric_c.o)
    0x0800446c   0x0800446c   0x0000002c   Code   RO         1762    locale$$code        c_w.l(lc_ctype_c.o)
    0x08004498   0x08004498   0x00000062   Code   RO         1626    x$fpl$d2f           fz_wm.l(d2f.o)
    0x080044fa   0x080044fa   0x00000002   PAD
    0x080044fc   0x080044fc   0x00000150   Code   RO         1628    x$fpl$dadd          fz_wm.l(daddsub_clz.o)
    0x0800464c   0x0800464c   0x000002b4   Code   RO         1635    x$fpl$ddiv          fz_wm.l(ddiv.o)
    0x08004900   0x08004900   0x0000002e   Code   RO         1639    x$fpl$dflt          fz_wm.l(dflt_clz.o)
    0x0800492e   0x0800492e   0x00000002   PAD
    0x08004930   0x08004930   0x00000154   Code   RO         1644    x$fpl$dmul          fz_wm.l(dmul.o)
    0x08004a84   0x08004a84   0x0000009c   Code   RO         1671    x$fpl$dnaninf       fz_wm.l(dnaninf.o)
    0x08004b20   0x08004b20   0x0000000c   Code   RO         1673    x$fpl$dretinf       fz_wm.l(dretinf.o)
    0x08004b2c   0x08004b2c   0x000001dc   Code   RO         1630    x$fpl$dsub          fz_wm.l(daddsub_clz.o)
    0x08004d08   0x08004d08   0x00000056   Code   RO         1646    x$fpl$f2d           fz_wm.l(f2d.o)
    0x08004d5e   0x08004d5e   0x0000008c   Code   RO         1675    x$fpl$fnaninf       fz_wm.l(fnaninf.o)
    0x08004dea   0x08004dea   0x0000001a   Code   RO         1835    x$fpl$fpinit        fz_wm.l(fpinit.o)
    0x08004e04   0x08004e04   0x0000000a   Code   RO         1677    x$fpl$fretinf       fz_wm.l(fretinf.o)
    0x08004e0e   0x08004e0e   0x00000004   Code   RO         1648    x$fpl$printf1       fz_wm.l(printf1.o)
    0x08004e12   0x08004e12   0x00000000   Code   RO         1679    x$fpl$usenofp       fz_wm.l(usenofp.o)
    0x08004e12   0x08004e12   0x00000002   PAD
    0x08004e14   0x08004e14   0x00000094   Data   RO         1716    .constdata          c_w.l(bigflt0.o)
    0x08004ea8   0x08004ea8   0x00000010   Data   RO         1569    .rodata.AHBPrescTable  system_stm32f4xx.o
    0x08004eb8   0x08004eb8   0x00000008   Data   RO         1570    .rodata.APBPrescTable  system_stm32f4xx.o
    0x08004ec0   0x08004ec0   0x00000020   Data   RO         1911    Region$$Table       anon$$obj.o
    0x08004ee0   0x08004ee0   0x0000001c   Data   RO         1746    locale$$data        c_w.l(lc_numeric_c.o)
    0x08004efc   0x08004efc   0x00000110   Data   RO         1761    locale$$data        c_w.l(lc_ctype_c.o)


    Execution Region RW_IRAM1 (Exec base: 0x20000000, Load base: 0x08005010, Size: 0x00001468, Max: 0x00010000, ABSOLUTE)

    Exec Addr    Load Addr    Size         Type   Attr      Idx    E Section Name        Object

    0x20000000   0x08005010   0x00000008   Data   RW          844    .data..L_MergedGlobals  stm32f4xx_hal.o
    0x20000008   0x08005018   0x00000004   Data   RW         1568    .data.SystemCoreClock  system_stm32f4xx.o
    0x2000000c   0x0800501c   0x00000004   Data   RW          102    .data.mode          main.o
    0x20000010        -       0x00000060   Zero   RW         1681    .bss                c_w.l(libspace.o)
    0x20000070        -       0x00000070   Zero   RW           27    .bss..L_MergedGlobals  motor.o
    0x200000e0        -       0x00000004   Zero   RW          103    .bss.HAL_GPIO_EXTI_Callback.tick  main.o
    0x200000e4        -       0x00000004   Zero   RW          213    .bss.__stdout       usart.o
    0x200000e8        -       0x00000024   Zero   RW           64    .bss.anglePID_X     pid.o
    0x2000010c        -       0x00000024   Zero   RW           65    .bss.anglePID_Y     pid.o
    0x20000130        -       0x00000024   Zero   RW           66    .bss.gimbalPID_X    pid.o
    0x20000154        -       0x00000024   Zero   RW           67    .bss.gimbalPID_Y    pid.o
    0x20000178        -       0x00000060   Zero   RW          211    .bss.hdma_usart1_tx  usart.o
    0x200001d8        -       0x00000060   Zero   RW          212    .bss.hdma_usart6_tx  usart.o
    0x20000238        -       0x00000058   Zero   RW          137    .bss.hspi1          spi.o
    0x20000290        -       0x00000048   Zero   RW          178    .bss.htim2          tim.o
    0x200002d8        -       0x00000048   Zero   RW          179    .bss.htim3          tim.o
    0x20000320        -       0x00000048   Zero   RW          180    .bss.htim4          tim.o
    0x20000368        -       0x00000048   Zero   RW          181    .bss.htim5          tim.o
    0x200003b0        -       0x00000048   Zero   RW          182    .bss.htim9          tim.o
    0x200003f8        -       0x00000044   Zero   RW          209    .bss.huart1         usart.o
    0x2000043c        -       0x00000044   Zero   RW          210    .bss.huart6         usart.o
    0x20000480        -       0x00000020   Zero   RW           46    .bss.mpuData        control.o
    0x200004a0        -       0x00000148   Zero   RW           47    .bss.myGimbal       control.o
    0x200005e8        -       0x00000418   Zero   RW           85    .bss.uart1_com      uart_com.o
    0x20000a00        -       0x00000418   Zero   RW           84    .bss.uart6_com      uart_com.o
    0x20000e18        -       0x00000004   Zero   RW          843    .bss.uwTick         stm32f4xx_hal.o
    0x20000e1c        -       0x00000024   Zero   RW           63    .bss.veloPID_X      pid.o
    0x20000e40        -       0x00000024   Zero   RW           62    .bss.veloPID_Y      pid.o
    0x20000e64   0x08005020   0x00000004   PAD
    0x20000e68        -       0x00000200   Zero   RW            2    HEAP                startup_stm32f401xc.o
    0x20001068        -       0x00000400   Zero   RW            1    STACK               startup_stm32f401xc.o


==============================================================================

Image component sizes


      Code (inc. data)   RO Data    RW Data    ZI Data      Debug   Object Name

       260         52          0          0        360       2458   control.o
        64          0          0          0          0       2954   dma.o
       240         20          0          0          0       3550   gpio.o
       480         68          0          4          4       4822   main.o
      1178        160          0          0        112       6971   motor.o
       118          8          0          0        216       1694   pid.o
       220         16          0          0         88       5143   spi.o
        64         26        404          0       1536        820   startup_stm32f401xc.o
       140         12          0          8          4       7025   stm32f4xx_hal.o
       202         28          0          0          0       9840   stm32f4xx_hal_cortex.o
       976         20          0          0          0       9208   stm32f4xx_hal_dma.o
       446         28          0          0          0       5235   stm32f4xx_hal_gpio.o
        56          4          0          0          0       1491   stm32f4xx_hal_msp.o
      1250         52          0          0          0       7659   stm32f4xx_hal_rcc.o
       192          0          0          0          0      22459   stm32f4xx_hal_spi.o
      2066         64          0          0          0      47393   stm32f4xx_hal_tim.o
       100          0          0          0          0      20163   stm32f4xx_hal_tim_ex.o
      1642         20          0          0          0      25300   stm32f4xx_hal_uart.o
       132         20          0          0          0       6506   stm32f4xx_it.o
        16          4         24          4          0       2677   system_stm32f4xx.o
       932         44          0          0        360      10154   tim.o
       402         16          0          0       2096       4836   uart_com.o
       406         44          0          0        332       7245   usart.o

    ----------------------------------------------------------------------
     11614        710        460         16       5112     215603   Object Totals
         0          0         32          0          0          0   (incl. Generated)
        32          4          0          0          4          0   (incl. Padding)

    ----------------------------------------------------------------------

      Code (inc. data)   RO Data    RW Data    ZI Data      Debug   Library Member Name

         8          0          0          0          0         68   __main.o
       284          0          0          0          0        156   __printf_wp.o
         0          0          0          0          0          0   __rtentry.o
        12          0          0          0          0          0   __rtentry2.o
         6          0          0          0          0          0   __rtentry4.o
        52          8          0          0          0          0   __scatter.o
        26          0          0          0          0          0   __scatter_copy.o
        28          0          0          0          0          0   __scatter_zi.o
        28          0          0          0          0         68   _chval.o
        48          6          0          0          0         96   _printf_char_common.o
        36          4          0          0          0         80   _printf_char_file.o
         6          0          0          0          0          0   _printf_f.o
      1052          0          0          0          0        148   _printf_fp_dec.o
       128         16          0          0          0         84   _printf_fp_infnan.o
         0          0          0          0          0          0   _printf_percent.o
         4          0          0          0          0          0   _printf_percent_end.o
       158          0          0          0          0         92   _strtoul.o
        26          0          0          0          0         80   atoi.o
       228          4        148          0          0         96   bigflt0.o
      1936        128          0          0          0        668   btod.o
        18          0          0          0          0         80   exit.o
         8          0          0          0          0         68   ferror.o
         6          0          0          0          0        152   heapauxi.o
         0          0          0          0          0          0   indicate_semi.o
        44         10        272          0          0         76   lc_ctype_c.o
        44         10         28          0          0         76   lc_numeric_c.o
         2          0          0          0          0          0   libinit.o
        34          0          0          0          0          0   libinit2.o
         2          0          0          0          0          0   libshutdown.o
         2          0          0          0          0          0   libshutdown2.o
         8          4          0          0         96         68   libspace.o
       138          0          0          0          0         80   lludiv10.o
       240          0          0          0          0        100   lludivv7m.o
        24          4          0          0          0         84   noretval__2printf.o
        16          4          0          0          0         76   rt_ctype_table.o
         8          4          0          0          0         68   rt_errno_addr_intlibspace.o
         8          4          0          0          0         68   rt_locale_intlibspace.o
        68          0          0          0          0         68   rt_memclr.o
        78          0          0          0          0         80   rt_memclr_w.o
       138          0          0          0          0         68   rt_memcpy_v6.o
       100          0          0          0          0         80   rt_memcpy_w.o
         2          0          0          0          0          0   rtexit.o
        10          0          0          0          0          0   rtexit2.o
        20          0          0          0          0         68   strchr.o
       124          0          0          0          0         88   strcmpv7em.o
        72          0          0          0          0         80   strcpy.o
       112          0          0          0          0         88   strtol.o
        12          4          0          0          0         68   sys_exit.o
        74          0          0          0          0         80   sys_stackheap_outer.o
         2          0          0          0          0         68   use_no_semi.o
        98          4          0          0          0        140   d2f.o
       812         16          0          0          0        392   daddsub_clz.o
       692        140          0          0          0        264   ddiv.o
        46          0          0          0          0        116   dflt_clz.o
       340         12          0          0          0        152   dmul.o
       156          4          0          0          0        140   dnaninf.o
        12          0          0          0          0        116   dretinf.o
        86          4          0          0          0        132   f2d.o
       140          4          0          0          0        132   fnaninf.o
        26          0          0          0          0        116   fpinit.o
        10          0          0          0          0        116   fretinf.o
         4          0          0          0          0        116   printf1.o
         0          0          0          0          0          0   usenofp.o
        48          0          0          0          0        124   fpclassify.o

    ----------------------------------------------------------------------
      7970        394        448          0         96       5524   Library Totals
        20          0          0          0          0          0   (incl. Padding)

    ----------------------------------------------------------------------

      Code (inc. data)   RO Data    RW Data    ZI Data      Debug   Library Name

      5480        210        448          0         96       3468   c_w.l
      2422        184          0          0          0       1932   fz_wm.l
        48          0          0          0          0        124   m_wm.l

    ----------------------------------------------------------------------
      7970        394        448          0         96       5524   Library Totals

    ----------------------------------------------------------------------

==============================================================================


      Code (inc. data)   RO Data    RW Data    ZI Data      Debug   

     19584       1104        908         16       5208     217531   Grand Totals
     19584       1104        908         16       5208     217531   ELF Image Totals
     19584       1104        908         16          0          0   ROM Totals

==============================================================================

    Total RO  Size (Code + RO Data)                20492 (  20.01kB)
    Total RW  Size (RW Data + ZI Data)              5224 (   5.10kB)
    Total ROM Size (Code + RO Data + RW Data)      20508 (  20.03kB)

==============================================================================

