<html>
<body>
<pre>
<h1>µVision Build Log</h1>
<h2>Tool Versions:</h2>
IDE-Version: ¦ÌVision V5.25.2.0
Copyright (C) 2018 ARM Ltd and ARM Germany GmbH. All rights reserved.
License Information: 1 Asaka, 1, LIC=32B1Q-N2KWI-Y8EFK-ZF046-X9RMA-HIGDB
 
Tool Versions:
Toolchain:       MDK-ARM Plus  Version: 5.25.2.0
Toolchain Path:  D:\program_files\ARM\ARMCLANG\Bin
C Compiler:      ArmClang.exe V6.9
Assembler:       Armasm.exe V6.9
Linker/Locator:  ArmLink.exe V6.9
Library Manager: ArmAr.exe V6.9
Hex Converter:   FromElf.exe V6.9
CPU DLL:         SARMCM3.DLL V5.25.2.0
Dialog DLL:      DCM.DLL V1.17.1.0
Target DLL:      CMSIS_AGDI.dll V1.29.10.0
Dialog DLL:      TCM.DLL V1.35.1.0
 
<h2>Project:</h2>
D:\STM32\motorLib\MDK-ARM\motorLib.uvprojx
Project File Date:  07/23/2023

<h2>Output:</h2>
*** Using Compiler 'V6.9', folder: 'D:\program_files\ARM\ARMCLANG\Bin'
Build target 'motorLib'
compiling stm32f4xx_it.c...
compiling gpio.c...
assembling startup_stm32f401xc.s...
compiling stm32f4xx_hal_msp.c...
compiling dma.c...
compiling spi.c...
../Core/Src/usart.c(342): warning: while loop has empty body [-Wempty-body]
        while((USART1->SR&0X40)==0);
                                   ^
../Core/Src/usart.c(342): note: put the semicolon on a separate line to silence this warning
1 warning generated.
compiling usart.c...
compiling main.c...
compiling motor.c...
compiling tim.c...
compiling stm32f4xx_hal_rcc.c...
compiling stm32f4xx_hal_flash.c...
compiling stm32f4xx_hal_rcc_ex.c...
compiling stm32f4xx_hal_flash_ramfunc.c...
compiling stm32f4xx_hal_flash_ex.c...
compiling stm32f4xx_hal_gpio.c...
compiling stm32f4xx_hal_spi.c...
compiling stm32f4xx_hal_dma_ex.c...
compiling stm32f4xx_hal_pwr.c...
compiling stm32f4xx_hal_pwr_ex.c...
compiling stm32f4xx_hal_cortex.c...
compiling stm32f4xx_hal.c...
compiling stm32f4xx_hal_dma.c...
compiling stm32f4xx_hal_exti.c...
compiling system_stm32f4xx.c...
compiling PID.c...
compiling control.c...
compiling mpu6050.c...
compiling mpuiic.c...
compiling stm32f4xx_hal_tim_ex.c...
compiling uart_com.c...
compiling filter.c...
compiling stm32f4xx_hal_uart.c...
compiling mpu9250.c...
compiling inv_mpu_dmp_motion_driver.c...
compiling Quad_Math.c...
compiling stm32f4xx_hal_tim.c...
compiling inv_mpu.c...
linking...
Program Size: Code=27228 RO-data=940 RW-data=28 ZI-data=5148  
FromELF: creating hex file...
"motorLib\motorLib.axf" - 0 Error(s), 1 Warning(s).

<h2>Software Packages used:</h2>

Package Vendor: ARM
                http://www.keil.com/pack/ARM.CMSIS.5.9.0.pack
                ARM.CMSIS.5.9.0
                CMSIS (Common Microcontroller Software Interface Standard)
   * Component: CORE Version: 5.6.0

Package Vendor: Keil
                https://www.keil.com/pack/Keil.STM32F4xx_DFP.2.17.1.pack
                Keil.STM32F4xx_DFP.2.17.1
                STMicroelectronics STM32F4 Series Device Support, Drivers and Examples

<h2>Collection of Component include folders:</h2>
  .\RTE\_motorLib
  D:\program_files\ARM\PACK\ARM\CMSIS\5.9.0\CMSIS\Core\Include
  D:\program_files\ARM\PACK\Keil\STM32F4xx_DFP\2.17.1\Drivers\CMSIS\Device\ST\STM32F4xx\Include

<h2>Collection of Component Files used:</h2>

   * Component: ARM::CMSIS:CORE:5.6.0
Build Time Elapsed:  00:00:02
</pre>
</body>
</html>
