<html>
<body>
<pre>
<h1>µVision Build Log</h1>
<h2>Tool Versions:</h2>
IDE-Version: ¦ÌVision V5.27.0.0
Copyright (C) 2018 ARM Ltd and ARM Germany GmbH. All rights reserved.
License Information: l 3381066336@qq.com, nj, LIC=21E4T-R1AFC-128LE-59KUK-VMY33-SQ9MS
 
Tool Versions:
Toolchain:       MDK-ARM Plus  Version: 5.27.0.0
Toolchain Path:  D:\keil\ARM\ARMCC\Bin
C Compiler:      Armcc.exe V5.06 update 6 (build 750)
Assembler:       Armasm.exe V5.06 update 6 (build 750)
Linker/Locator:  ArmLink.exe V5.06 update 6 (build 750)
Library Manager: ArmAr.exe V5.06 update 6 (build 750)
Hex Converter:   FromElf.exe V5.06 update 6 (build 750)
CPU DLL:         SARMCM3.DLL V5.27.0.0
Dialog DLL:      DCM.DLL V1.17.2.0
Target DLL:      CMSIS_AGDI.dll V1.31.9.0
Dialog DLL:      TCM.DLL V1.36.1.0
 
<h2>Project:</h2>
d:\github\Embedded-STM32-dev\h750_cm\MDK-ARM\h750_cm.uvprojx
Project File Date:  07/22/2024

<h2>Output:</h2>
*** Using Compiler 'V5.06 update 6 (build 750)', folder: 'D:\keil\ARM\ARMCC\Bin'
Build target 'h750_cm'
assembling startup_stm32h750xx.s...
compiling Emm_V5.c...
compiling stm32h7xx_hal_cortex.c...
compiling pack.c...
compiling tune.c...
..\User\tune.c(32): warning:  #1-D: last line of file ends without a newline
  }
..\User\tune.c: 1 warning, 0 errors
compiling robotarm.c...
compiling belt.c...
compiling user.c...
compiling stm32h7xx_hal_msp.c...
compiling stm32h7xx_it.c...
compiling main.c...
../Core/Src/main.c(149): warning:  #223-D: function "tune" declared implicitly
      tune();
../Core/Src/main.c: 1 warning, 0 errors
compiling stm32h7xx_hal_tim_ex.c...
compiling stm32h7xx_hal_flash.c...
compiling stm32h7xx_hal_tim.c...
compiling stm32h7xx_hal_rcc.c...
compiling stm32h7xx_hal_rcc_ex.c...
compiling stm32h7xx_hal_gpio.c...
compiling stm32h7xx_hal_mdma.c...
compiling stm32h7xx_hal_pwr.c...
compiling stm32h7xx_hal_hsem.c...
compiling stm32h7xx_hal_dma_ex.c...
compiling stm32h7xx_hal_flash_ex.c...
compiling stm32h7xx_hal.c...
compiling stm32h7xx_hal_i2c_ex.c...
compiling stm32h7xx_hal_pwr_ex.c...
compiling stm32h7xx_hal_exti.c...
compiling stm32h7xx_hal_uart_ex.c...
compiling system_stm32h7xx.c...
compiling stm32h7xx_hal_i2c.c...
compiling stm32h7xx_hal_uart.c...
compiling stm32h7xx_hal_dma.c...
linking...
Program Size: Code=16716 RO-data=752 RW-data=40 ZI-data=1920  
FromELF: creating hex file...
"h750_cm\h750_cm.axf" - 0 Error(s), 2 Warning(s).

<h2>Software Packages used:</h2>

Package Vendor: ARM
                http://www.keil.com/pack/ARM.CMSIS.5.4.0.pack
                ARM.CMSIS.5.4.0
                CMSIS (Cortex Microcontroller Software Interface Standard)
   * Component: CORE Version: 5.1.2

Package Vendor: Keil
                https://www.keil.com/pack/Keil.STM32H7xx_DFP.3.1.1.pack
                Keil.STM32H7xx_DFP.3.1.1
                STMicroelectronics STM32H7 Series Device Support and Examples

<h2>Collection of Component include folders:</h2>
  .\RTE\_h750_cm
  D:\keil\ARM\PACK\ARM\CMSIS\5.4.0\CMSIS\Core\Include
  D:\keil\ARM\PACK\Keil\STM32H7xx_DFP\3.1.1\Drivers\CMSIS\Device\ST\STM32H7xx\Include

<h2>Collection of Component Files used:</h2>

   * Component: ARM::CMSIS:CORE:5.1.2
Build Time Elapsed:  00:01:14
</pre>
</body>
</html>
